Archive member included because of file (symbol)

c:\Users\alber\AppData\Roaming\Code\User\globalStorage\vexrobotics.vexcode\sdk\cpp\V5\V5_20240802_15_00_00/vexv5\libv5rt.a(v5_startup.c.obj)
                              (vexStartup)
c:\Users\alber\AppData\Roaming\Code\User\globalStorage\vexrobotics.vexcode\sdk\cpp\V5\V5_20240802_15_00_00/vexv5\libv5rt.a(v5_util.c.obj)
                              c:\Users\alber\AppData\Roaming\Code\User\globalStorage\vexrobotics.vexcode\sdk\cpp\V5\V5_20240802_15_00_00/vexv5\libv5rt.a(v5_startup.c.obj) (vexStdlibVersionLinked)
c:\Users\alber\AppData\Roaming\Code\User\globalStorage\vexrobotics.vexcode\sdk\cpp\V5\V5_20240802_15_00_00/vexv5\libv5rt.a(v5_apijump.c.obj)
                              c:\Users\alber\AppData\Roaming\Code\User\globalStorage\vexrobotics.vexcode\sdk\cpp\V5\V5_20240802_15_00_00/vexv5\libv5rt.a(v5_startup.c.obj) (vexPrivateApiEnable)
c:\Users\alber\AppData\Roaming\Code\User\globalStorage\vexrobotics.vexcode\sdk\cpp\V5\V5_20240802_15_00_00/vexv5\libv5rt.a(v5_apiversions.c.obj)
                              c:\Users\alber\AppData\Roaming\Code\User\globalStorage\vexrobotics.vexcode\sdk\cpp\V5\V5_20240802_15_00_00/vexv5\libv5rt.a(v5_apijump.c.obj) (vexSystemVersion)
c:\Users\alber\AppData\Roaming\Code\User\globalStorage\vexrobotics.vexcode\sdk\cpp\V5\V5_20240802_15_00_00/vexv5\libv5rt.a(vex_global.cpp.obj)
                              build/src/main.o (vex::wait(double, vex::timeUnits))
c:\Users\alber\AppData\Roaming\Code\User\globalStorage\vexrobotics.vexcode\sdk\cpp\V5\V5_20240802_15_00_00/vexv5\libv5rt.a(vex_motor.cpp.obj)
                              build/src/main.o (vex::motor::~motor())
c:\Users\alber\AppData\Roaming\Code\User\globalStorage\vexrobotics.vexcode\sdk\cpp\V5\V5_20240802_15_00_00/vexv5\libv5rt.a(vex_imu.cpp.obj)
                              build/src/Drivetrain/drive.o (vex::inertial::setRotation(double, vex::rotationUnits))
c:\Users\alber\AppData\Roaming\Code\User\globalStorage\vexrobotics.vexcode\sdk\cpp\V5\V5_20240802_15_00_00/vexv5\libv5rt.a(vex_rotation.cpp.obj)
                              build/src/main.o (vex::rotation::~rotation())
c:\Users\alber\AppData\Roaming\Code\User\globalStorage\vexrobotics.vexcode\sdk\cpp\V5\V5_20240802_15_00_00/vexv5\libv5rt.a(vex_distance.cpp.obj)
                              build/src/robot-config.o (vex::distance::~distance())
c:\Users\alber\AppData\Roaming\Code\User\globalStorage\vexrobotics.vexcode\sdk\cpp\V5\V5_20240802_15_00_00/vexv5\libv5rt.a(vex_controller.cpp.obj)
                              build/src/robot-config.o (vex::controller::~controller())
c:\Users\alber\AppData\Roaming\Code\User\globalStorage\vexrobotics.vexcode\sdk\cpp\V5\V5_20240802_15_00_00/vexv5\libv5rt.a(vex_task.cpp.obj)
                              build/src/Drivetrain/drive.o (vex::task::task())
c:\Users\alber\AppData\Roaming\Code\User\globalStorage\vexrobotics.vexcode\sdk\cpp\V5\V5_20240802_15_00_00/vexv5\libv5rt.a(vex_thread.cpp.obj)
                              build/src/Autos/autons.o (vex::this_thread::sleep_for(unsigned long))
c:\Users\alber\AppData\Roaming\Code\User\globalStorage\vexrobotics.vexcode\sdk\cpp\V5\V5_20240802_15_00_00/vexv5\libv5rt.a(vex_event.cpp.obj)
                              c:\Users\alber\AppData\Roaming\Code\User\globalStorage\vexrobotics.vexcode\sdk\cpp\V5\V5_20240802_15_00_00/vexv5\libv5rt.a(vex_imu.cpp.obj) (vex::event::init(unsigned long, unsigned long, void (*)()))
c:\Users\alber\AppData\Roaming\Code\User\globalStorage\vexrobotics.vexcode\sdk\cpp\V5\V5_20240802_15_00_00/vexv5\libv5rt.a(vex_mevent.cpp.obj)
                              c:\Users\alber\AppData\Roaming\Code\User\globalStorage\vexrobotics.vexcode\sdk\cpp\V5\V5_20240802_15_00_00/vexv5\libv5rt.a(vex_controller.cpp.obj) (vex::mevent::mevent(unsigned long, unsigned long))
c:\Users\alber\AppData\Roaming\Code\User\globalStorage\vexrobotics.vexcode\sdk\cpp\V5\V5_20240802_15_00_00/vexv5\libv5rt.a(vex_brain.cpp.obj)
                              build/src/main.o (vex::brain::lcd::setCursor(long, long))
c:\Users\alber\AppData\Roaming\Code\User\globalStorage\vexrobotics.vexcode\sdk\cpp\V5\V5_20240802_15_00_00/vexv5\libv5rt.a(vex_competition.cpp.obj)
                              build/src/main.o (vex::competition::competition())
c:\Users\alber\AppData\Roaming\Code\User\globalStorage\vexrobotics.vexcode\sdk\cpp\V5\V5_20240802_15_00_00/vexv5\libv5rt.a(vex_triport.cpp.obj)
                              build/src/main.o (vex::triport::~triport())
c:\Users\alber\AppData\Roaming\Code\User\globalStorage\vexrobotics.vexcode\sdk\cpp\V5\V5_20240802_15_00_00/vexv5\libv5rt.a(vex_color.cpp.obj)
                              c:\Users\alber\AppData\Roaming\Code\User\globalStorage\vexrobotics.vexcode\sdk\cpp\V5\V5_20240802_15_00_00/vexv5\libv5rt.a(vex_brain.cpp.obj) (vex::color::operator unsigned long() const)
[...]
Memory Configuration

Name             Origin             Length             Attributes
ps7_ddr_0_S_AXI_BASEADDR 0x03800000         0x04800000
*default*        0x00000000         0xffffffff

Linker script and memory map

                0x00002000                _STACK_SIZE = DEFINED (_STACK_SIZE)?_STACK_SIZE:0x2000
                0x00100000                _HEAP_SIZE = DEFINED (_HEAP_SIZE)?_HEAP_SIZE:0x100000
                0x00000400                _ABORT_STACK_SIZE = DEFINED (_ABORT_STACK_SIZE)?_ABORT_STACK_SIZE:0x400
                0x00000800                _SUPERVISOR_STACK_SIZE = DEFINED (_SUPERVISOR_STACK_SIZE)?_SUPERVISOR_STACK_SIZE:0x800
                0x00000400                _IRQ_STACK_SIZE = DEFINED (_IRQ_STACK_SIZE)?_IRQ_STACK_SIZE:0x400
                0x00000400                _FIQ_STACK_SIZE = DEFINED (_FIQ_STACK_SIZE)?_FIQ_STACK_SIZE:0x400
                0x00000400                _UNDEF_STACK_SIZE = DEFINED (_UNDEF_STACK_SIZE)?_UNDEF_STACK_SIZE:0x400

.text           0x03800000     0x76c8
 *(.vectors)
 *(.boot_data)
 .boot_data     0x03800000       0x20 c:\Users\alber\AppData\Roaming\Code\User\globalStorage\vexrobotics.vexcode\sdk\cpp\V5\V5_20240802_15_00_00/vexv5\libv5rt.a(v5_startup.c.obj)
                0x03800000                vexCodeSig
                0x00000020                . = 0x20
 *(.boot)
 .boot          0x03800020       0xbc c:\Users\alber\AppData\Roaming\Code\User\globalStorage\vexrobotics.vexcode\sdk\cpp\V5\V5_20240802_15_00_00/vexv5\libv5rt.a(v5_startup.c.obj)
                0x03800020                vexStartup
                0x03800100                . = ALIGN (0x40)
 *fill*         0x038000dc       0x24 
 *(.freertos_vectors)
 *(.text)
 *(.text.*)
 .text._ZN3vex11motor_groupC2IJNS_5motorES2_EEERS2_DpRT_
                0x03800100       0x44 build/src/main.o
                0x03800100                vex::motor_group::motor_group<vex::motor, vex::motor>(vex::motor&, vex::motor&, vex::motor&)
 .text._ZN5DriveD2Ev
                0x03800144       0x7c build/src/main.o
                0x03800144                Drive::~Drive()
 .text._Z14printDebugTaskv
                0x038001c0       0xa8 build/src/main.o
                0x038001c0                printDebugTask()
 .text._Z9pre_autonv
                0x03800268      0x154 build/src/main.o
                0x03800268                pre_auton()
 .text._Z10autonomousv
                0x038003bc       0x3c build/src/main.o
                0x038003bc                autonomous()
 .text._Z11usercontrolv
                0x038003f8      0x200 build/src/main.o
                0x038003f8                usercontrol()
 .text.main     0x038005f8       0x68 build/src/main.o
                0x038005f8                main
 .text._GLOBAL__sub_I_main.cpp
                0x03800660      0x184 build/src/main.o
 .text._Z23updateControllerDisplayv
                0x038007e4      0x1a4 build/src/pid-tuning.o
                0x038007e4                updateControllerDisplay()
 .text._Z12pidTestDrivev
                0x03800988       0xd8 build/src/pid-tuning.o
                0x03800988                pidTestDrive()
 .text._Z23handlePidTuningControlsv
                0x03800a60      0x3b4 build/src/pid-tuning.o
                0x03800a60                handlePidTuningControls()
 .text._Z14drawTeamNumberv
                0x03800e14      0x210 build/src/images.o
                0x03800e14                drawTeamNumber()
 .text._Z11vexcodeInitv
                0x03801024        0x4 build/src/robot-config.o
                0x03801024                vexcodeInit()
 .text._GLOBAL__sub_I_robot_config.cpp
                0x03801028      0x40c build/src/robot-config.o
 .text._ZN10subsystems4initEv
                0x03801434       0x34 build/src/subsystems.o
                0x03801434                subsystems::init()
 .text._Z17default_constantsv
                0x03801468      0x10c build/src/Autos/autonUtil.o
                0x03801468                default_constants()
 .text._Z15delayedCallTaskPv
                0x03801574       0x34 build/src/Autos/autonUtil.o
                0x03801574                delayedCallTask(void*)
 .text._Z11delayedCallPFvvEi
                0x038015a8       0x40 build/src/Autos/autonUtil.o
                0x038015a8                delayedCall(void (*)(), int)
 .text._Z13drive_to_wallfffff
                0x038015e8      0x218 build/src/Autos/autonUtil.o
                0x038015e8                drive_to_wall(float, float, float, float, float)
 .text._Z13drive_to_wallf
                0x03801800       0x38 build/src/Autos/autonUtil.o
                0x03801800                drive_to_wall(float)
 .text._Z11toggleWingsv
                0x03801838       0x28 build/src/Autos/autonUtil.o
                0x03801838                toggleWings()
 .text._Z13toggleDescorev
                0x03801860       0x28 build/src/Autos/autonUtil.o
                0x03801860                toggleDescore()
 .text._Z12snapCorrectYv
                0x03801888      0x110 build/src/Autos/autonUtil.o
                0x03801888                snapCorrectY()
 .text._Z6Skillsv
                0x03801998      0xce0 build/src/Autos/autons2.o
                0x03801998                Skills()
 .text._Z15reduce_0_to_360f
                0x03802678       0x7c build/src/Drivetrain/util.o
                0x03802678                reduce_0_to_360(float)
 .text._Z26reduce_negative_180_to_180f
                0x038026f4       0x90 build/src/Drivetrain/util.o
                0x038026f4                reduce_negative_180_to_180(float)
 .text._Z24reduce_negative_90_to_90f
                0x03802784       0x90 build/src/Drivetrain/util.o
                0x03802784                reduce_negative_90_to_90(float)
 *fill*         0x03802814        0x4 
 .text._Z6to_radf
                0x03802818       0x28 build/src/Drivetrain/util.o
                0x03802818                to_rad(float)
 .text._Z6to_degf
                0x03802840       0x28 build/src/Drivetrain/util.o
                0x03802840                to_deg(float)
 .text._Z5clampfff
                0x03802868       0x2c build/src/Drivetrain/util.o
                0x03802868                clamp(float, float, float)
 .text._Z11is_reversedd
                0x03802894       0x18 build/src/Drivetrain/util.o
                0x03802894                is_reversed(double)
 *fill*         0x038028ac        0x4 
 .text._Z7to_voltf
                0x038028b0       0x30 build/src/Drivetrain/util.o
                0x038028b0                to_volt(float)
 .text._Z7to_porti
                0x038028e0       0x10 build/src/Drivetrain/util.o
                0x038028e0                to_port(int)
 .text._Z8deadbandff
                0x038028f0       0x28 build/src/Drivetrain/util.o
                0x038028f0                deadband(float, float)
 .text._Z15is_line_settledfffff
                0x03802918       0xa8 build/src/Drivetrain/util.o
                0x03802918                is_line_settled(float, float, float, float, float)
 .text._Z20left_voltage_scalingff
                0x038029c0       0x48 build/src/Drivetrain/util.o
                0x038029c0                left_voltage_scaling(float, float)
 .text._Z21right_voltage_scalingff
                0x03802a08       0x48 build/src/Drivetrain/util.o
                0x03802a08                right_voltage_scaling(float, float)
 .text._Z17clamp_min_voltageff
                0x03802a50       0x4c build/src/Drivetrain/util.o
                0x03802a50                clamp_min_voltage(float, float)
 .text._ZN4Odom22set_physical_distancesEff
                0x03802a9c        0x8 build/src/Drivetrain/odom.o
                0x03802a9c                Odom::set_physical_distances(float, float)
 .text._ZN4Odom12set_positionEfffff
                0x03802aa4       0x1c build/src/Drivetrain/odom.o
                0x03802aa4                Odom::set_position(float, float, float, float, float)
 .text._ZN4Odom15update_positionEfff
                0x03802ac0      0x1a4 build/src/Drivetrain/odom.o
                0x03802ac0                Odom::update_position(float, float, float)
 *fill*         0x03802c64        0x4 
 .text._ZN5DriveC2E11drive_setupN3vex11motor_groupES2_ifffiiiiiffiff
                0x03802c68      0x268 build/src/Drivetrain/drive.o
                0x03802c68                Drive::Drive(drive_setup, vex::motor_group, vex::motor_group, int, float, float, float, int, int, int, int, int, float, float, int, float, float)
                0x03802c68                Drive::Drive(drive_setup, vex::motor_group, vex::motor_group, int, float, float, float, int, int, int, int, int, float, float, int, float, float)
 .text._ZN5Drive18drive_with_voltageEff
                0x03802ed0       0x6c build/src/Drivetrain/drive.o
                0x03802ed0                Drive::drive_with_voltage(float, float)
 .text._ZN5Drive18set_turn_constantsEfffff
                0x03802f3c       0x1c build/src/Drivetrain/drive.o
                0x03802f3c                Drive::set_turn_constants(float, float, float, float, float)
 .text._ZN5Drive19set_drive_constantsEfffff
                0x03802f58       0x1c build/src/Drivetrain/drive.o
                0x03802f58                Drive::set_drive_constants(float, float, float, float, float)
 .text._ZN5Drive21set_heading_constantsEfffff
                0x03802f74       0x1c build/src/Drivetrain/drive.o
                0x03802f74                Drive::set_heading_constants(float, float, float, float, float)
 .text._ZN5Drive19set_swing_constantsEfffff
                0x03802f90       0x1c build/src/Drivetrain/drive.o
                0x03802f90                Drive::set_swing_constants(float, float, float, float, float)
 .text._ZN5Drive24set_turn_exit_conditionsEfff
                0x03802fac        0xc build/src/Drivetrain/drive.o
                0x03802fac                Drive::set_turn_exit_conditions(float, float, float)
 .text._ZN5Drive25set_drive_exit_conditionsEfff
                0x03802fb8        0xc build/src/Drivetrain/drive.o
                0x03802fb8                Drive::set_drive_exit_conditions(float, float, float)
 .text._ZN5Drive25set_swing_exit_conditionsEfff
                0x03802fc4        0xc build/src/Drivetrain/drive.o
                0x03802fc4                Drive::set_swing_exit_conditions(float, float, float)
 .text._ZN5Drive20get_absolute_headingEv
                0x03802fd0       0x48 build/src/Drivetrain/drive.o
                0x03802fd0                Drive::get_absolute_heading()
 .text._ZN5Drive10drive_stopEN3vex9brakeTypeE
                0x03803018       0x28 build/src/Drivetrain/drive.o
                0x03803018                Drive::drive_stop(vex::brakeType)
 .text._ZN5Drive13turn_to_angleEf
                0x03803040       0x50 build/src/Drivetrain/drive.o
                0x03803040                Drive::turn_to_angle(float)
 .text._ZN5Drive13turn_to_angleEfffffffff
                0x03803090      0x150 build/src/Drivetrain/drive.o
                0x03803090                Drive::turn_to_angle(float, float, float, float, float, float, float, float, float)
 .text._ZN5Drive14drive_distanceEf
                0x038031e0       0xc8 build/src/Drivetrain/drive.o
                0x038031e0                Drive::drive_distance(float)
 .text._ZN5Drive14drive_distanceEfffffffffffffff
                0x038032a8      0x2c0 build/src/Drivetrain/drive.o
                0x038032a8                Drive::drive_distance(float, float, float, float, float, float, float, float, float, float, float, float, float, float, float)
 .text._ZN5Drive14drive_distanceEfffffff
                0x03803568       0x78 build/src/Drivetrain/drive.o
                0x03803568                Drive::drive_distance(float, float, float, float, float, float, float)
 .text._ZN5Drive27get_ForwardTracker_positionEv
                0x038035e0       0xa0 build/src/Drivetrain/drive.o
                0x038035e0                Drive::get_ForwardTracker_position()
 .text._ZN5Drive28get_SidewaysTracker_positionEv
                0x03803680       0x88 build/src/Drivetrain/drive.o
                0x03803680                Drive::get_SidewaysTracker_position()
 .text._ZN5Drive14position_trackEv
                0x03803708       0x88 build/src/Drivetrain/drive.o
                0x03803708                Drive::position_track()
 .text._ZN5Drive15set_coordinatesEfff
                0x03803790       0xb0 build/src/Drivetrain/drive.o
                0x03803790                Drive::set_coordinates(float, float, float)
 .text._ZN5Drive19position_track_taskEv
                0x03803840       0x14 build/src/Drivetrain/drive.o
                0x03803840                Drive::position_track_task()
 .text._ZN5Drive14get_X_positionEv
                0x03803854        0x8 build/src/Drivetrain/drive.o
                0x03803854                Drive::get_X_position()
 .text._ZN5Drive14get_Y_positionEv
                0x0380385c        0x8 build/src/Drivetrain/drive.o
                0x0380385c                Drive::get_Y_position()
 .text._ZN5Drive14drive_to_pointEff
                0x03803864       0x80 build/src/Drivetrain/drive.o
                0x03803864                Drive::drive_to_point(float, float)
 *fill*         0x038038e4        0x4 
 .text._ZN5Drive14drive_to_pointEffffffffffffffff
                0x038038e8      0x36c build/src/Drivetrain/drive.o
                0x038038e8                Drive::drive_to_point(float, float, float, float, float, float, float, float, float, float, float, float, float, float, float, float)
 .text._ZN5Drive13turn_to_pointEff
                0x03803c54       0x5c build/src/Drivetrain/drive.o
                0x03803c54                Drive::turn_to_point(float, float)
 .text._ZN5Drive13turn_to_pointEfffffffffff
                0x03803cb0      0x1d0 build/src/Drivetrain/drive.o
                0x03803cb0                Drive::turn_to_point(float, float, float, float, float, float, float, float, float, float, float)
 .text._ZN5Drive14control_arcadeEv
                0x03803e80      0x114 build/src/Drivetrain/drive.o
                0x03803e80                Drive::control_arcade()
 .text._ZN3PIDC2Efffff
                0x03803f94       0x38 build/src/Drivetrain/PID.o
                0x03803f94                PID::PID(float, float, float, float, float)
                0x03803f94                PID::PID(float, float, float, float, float)
 .text._ZN3PIDC2Effffffff
                0x03803fcc       0x50 build/src/Drivetrain/PID.o
                0x03803fcc                PID::PID(float, float, float, float, float, float, float, float)
                0x03803fcc                PID::PID(float, float, float, float, float, float, float, float)
 .text._ZN3PID7computeEf
                0x0380401c       0xd0 build/src/Drivetrain/PID.o
                0x0380401c                PID::compute(float)
 .text._ZN3PID10is_settledEv
                0x038040ec       0x44 build/src/Drivetrain/PID.o
                0x038040ec                PID::is_settled()
 .text.vexMain  0x03804130       0xb0 c:\Users\alber\AppData\Roaming\Code\User\globalStorage\vexrobotics.vexcode\sdk\cpp\V5\V5_20240802_15_00_00/vexv5\libv5rt.a(v5_startup.c.obj)
                0x03804130                vexMain
 .text.__vex_function_prolog
                0x038041e0       0x18 c:\Users\alber\AppData\Roaming\Code\User\globalStorage\vexrobotics.vexcode\sdk\cpp\V5\V5_20240802_15_00_00/vexv5\libv5rt.a(v5_startup.c.obj)
                0x038041e0                __vex_function_prolog
 .text._init    0x038041f8        0x4 c:\Users\alber\AppData\Roaming\Code\User\globalStorage\vexrobotics.vexcode\sdk\cpp\V5\V5_20240802_15_00_00/vexv5\libv5rt.a(v5_startup.c.obj)
                0x038041f8                _init
 .text._fini    0x038041fc        0x4 c:\Users\alber\AppData\Roaming\Code\User\globalStorage\vexrobotics.vexcode\sdk\cpp\V5\V5_20240802_15_00_00/vexv5\libv5rt.a(v5_startup.c.obj)
                0x038041fc                _fini
 .text.vexStdlibVersionLinked
                0x03804200        0xc c:\Users\alber\AppData\Roaming\Code\User\globalStorage\vexrobotics.vexcode\sdk\cpp\V5\V5_20240802_15_00_00/vexv5\libv5rt.a(v5_util.c.obj)
                0x03804200                vexStdlibVersionLinked
 .text.vexStdlibVersionVerify
                0x0380420c       0x30 c:\Users\alber\AppData\Roaming\Code\User\globalStorage\vexrobotics.vexcode\sdk\cpp\V5\V5_20240802_15_00_00/vexv5\libv5rt.a(v5_util.c.obj)
                0x0380420c                vexStdlibVersionVerify
 .text.vexPrivateApiEnable
                0x0380423c       0x10 c:\Users\alber\AppData\Roaming\Code\User\globalStorage\vexrobotics.vexcode\sdk\cpp\V5\V5_20240802_15_00_00/vexv5\libv5rt.a(v5_apijump.c.obj)
                0x0380423c                vexPrivateApiEnable
 .text.vexStdlibMismatchError
                0x0380424c       0x3c c:\Users\alber\AppData\Roaming\Code\User\globalStorage\vexrobotics.vexcode\sdk\cpp\V5\V5_20240802_15_00_00/vexv5\libv5rt.a(v5_apijump.c.obj)
                0x0380424c                vexStdlibMismatchError
 .text.vexTaskAdd
                0x03804288       0x10 c:\Users\alber\AppData\Roaming\Code\User\globalStorage\vexrobotics.vexcode\sdk\cpp\V5\V5_20240802_15_00_00/vexv5\libv5rt.a(v5_apijump.c.obj)
                0x03804288                vexTaskAdd
 .text.vexTasksRun
                0x03804298       0x10 c:\Users\alber\AppData\Roaming\Code\User\globalStorage\vexrobotics.vexcode\sdk\cpp\V5\V5_20240802_15_00_00/vexv5\libv5rt.a(v5_apijump.c.obj)
                0x03804298                vexTasksRun
 .text.vexTaskYield
                0x038042a8       0x10 c:\Users\alber\AppData\Roaming\Code\User\globalStorage\vexrobotics.vexcode\sdk\cpp\V5\V5_20240802_15_00_00/vexv5\libv5rt.a(v5_apijump.c.obj)
                0x038042a8                vexTaskYield
 .text.vexTaskCheckTimeslice
                0x038042b8       0x10 c:\Users\alber\AppData\Roaming\Code\User\globalStorage\vexrobotics.vexcode\sdk\cpp\V5\V5_20240802_15_00_00/vexv5\libv5rt.a(v5_apijump.c.obj)
                0x038042b8                vexTaskCheckTimeslice
 .text.vexTaskGetIndex
                0x038042c8       0x10 c:\Users\alber\AppData\Roaming\Code\User\globalStorage\vexrobotics.vexcode\sdk\cpp\V5\V5_20240802_15_00_00/vexv5\libv5rt.a(v5_apijump.c.obj)
                0x038042c8                vexTaskGetIndex
 .text.vexTaskSleep
                0x038042d8       0x10 c:\Users\alber\AppData\Roaming\Code\User\globalStorage\vexrobotics.vexcode\sdk\cpp\V5\V5_20240802_15_00_00/vexv5\libv5rt.a(v5_apijump.c.obj)
                0x038042d8                vexTaskSleep
 .text.vexTasksDump
                0x038042e8       0x1c c:\Users\alber\AppData\Roaming\Code\User\globalStorage\vexrobotics.vexcode\sdk\cpp\V5\V5_20240802_15_00_00/vexv5\libv5rt.a(v5_apijump.c.obj)
                0x038042e8                vexTasksDump
 .text.vexTaskGetTaskIndex
                0x03804304       0x10 c:\Users\alber\AppData\Roaming\Code\User\globalStorage\vexrobotics.vexcode\sdk\cpp\V5\V5_20240802_15_00_00/vexv5\libv5rt.a(v5_apijump.c.obj)
                0x03804304                vexTaskGetTaskIndex
 .text.vexTaskStopAll
                0x03804314       0x10 c:\Users\alber\AppData\Roaming\Code\User\globalStorage\vexrobotics.vexcode\sdk\cpp\V5\V5_20240802_15_00_00/vexv5\libv5rt.a(v5_apijump.c.obj)
                0x03804314                vexTaskStopAll
 .text.vexTaskRemoveAllUser
                0x03804324       0x34 c:\Users\alber\AppData\Roaming\Code\User\globalStorage\vexrobotics.vexcode\sdk\cpp\V5\V5_20240802_15_00_00/vexv5\libv5rt.a(v5_apijump.c.obj)
                0x03804324                vexTaskRemoveAllUser
 .text.vexTaskCompletionIdSet
                0x03804358       0x10 c:\Users\alber\AppData\Roaming\Code\User\globalStorage\vexrobotics.vexcode\sdk\cpp\V5\V5_20240802_15_00_00/vexv5\libv5rt.a(v5_apijump.c.obj)
                0x03804358                vexTaskCompletionIdSet
 .text.vexTaskAddWithArg
                0x03804368       0x10 c:\Users\alber\AppData\Roaming\Code\User\globalStorage\vexrobotics.vexcode\sdk\cpp\V5\V5_20240802_15_00_00/vexv5\libv5rt.a(v5_apijump.c.obj)
                0x03804368                vexTaskAddWithArg
 .text.vexTaskStopWithId
                0x03804378       0x10 c:\Users\alber\AppData\Roaming\Code\User\globalStorage\vexrobotics.vexcode\sdk\cpp\V5\V5_20240802_15_00_00/vexv5\libv5rt.a(v5_apijump.c.obj)
                0x03804378                vexTaskStopWithId
 .text.vexTaskGetCallbackAndId
                0x03804388       0x54 c:\Users\alber\AppData\Roaming\Code\User\globalStorage\vexrobotics.vexcode\sdk\cpp\V5\V5_20240802_15_00_00/vexv5\libv5rt.a(v5_apijump.c.obj)
                0x03804388                vexTaskGetCallbackAndId
 .text.vexCriticalSection
                0x038043dc       0x2c c:\Users\alber\AppData\Roaming\Code\User\globalStorage\vexrobotics.vexcode\sdk\cpp\V5\V5_20240802_15_00_00/vexv5\libv5rt.a(v5_apijump.c.obj)
                0x038043dc                vexCriticalSection
 .text.vexEventAdd
                0x03804408       0x34 c:\Users\alber\AppData\Roaming\Code\User\globalStorage\vexrobotics.vexcode\sdk\cpp\V5\V5_20240802_15_00_00/vexv5\libv5rt.a(v5_apijump.c.obj)
                0x03804408                vexEventAdd
 .text.vexEventUserIndexGet
                0x0380443c       0x1c c:\Users\alber\AppData\Roaming\Code\User\globalStorage\vexrobotics.vexcode\sdk\cpp\V5\V5_20240802_15_00_00/vexv5\libv5rt.a(v5_apijump.c.obj)
                0x0380443c                vexEventUserIndexGet
 .text.vexEventAddWithArg
                0x03804458       0x3c c:\Users\alber\AppData\Roaming\Code\User\globalStorage\vexrobotics.vexcode\sdk\cpp\V5\V5_20240802_15_00_00/vexv5\libv5rt.a(v5_apijump.c.obj)
                0x03804458                vexEventAddWithArg
 .text.vexEventsCleanup
                0x03804494       0x2c c:\Users\alber\AppData\Roaming\Code\User\globalStorage\vexrobotics.vexcode\sdk\cpp\V5\V5_20240802_15_00_00/vexv5\libv5rt.a(v5_apijump.c.obj)
                0x03804494                vexEventsCleanup
 .text.vexDebug
                0x038044c0       0x38 c:\Users\alber\AppData\Roaming\Code\User\globalStorage\vexrobotics.vexcode\sdk\cpp\V5\V5_20240802_15_00_00/vexv5\libv5rt.a(v5_apijump.c.obj)
                0x038044c0                vexDebug
 .text.vex_sprintf
                0x038044f8       0x40 c:\Users\alber\AppData\Roaming\Code\User\globalStorage\vexrobotics.vexcode\sdk\cpp\V5\V5_20240802_15_00_00/vexv5\libv5rt.a(v5_apijump.c.obj)
                0x038044f8                vex_sprintf
 .text.vex_vsnprintf
                0x03804538       0x3c c:\Users\alber\AppData\Roaming\Code\User\globalStorage\vexrobotics.vexcode\sdk\cpp\V5\V5_20240802_15_00_00/vexv5\libv5rt.a(v5_apijump.c.obj)
                0x03804538                vex_vsnprintf
 .text.vexSystemTimeGet
                0x03804574       0x1c c:\Users\alber\AppData\Roaming\Code\User\globalStorage\vexrobotics.vexcode\sdk\cpp\V5\V5_20240802_15_00_00/vexv5\libv5rt.a(v5_apijump.c.obj)
                0x03804574                vexSystemTimeGet
 .text.vexSystemExitRequest
                0x03804590       0x1c c:\Users\alber\AppData\Roaming\Code\User\globalStorage\vexrobotics.vexcode\sdk\cpp\V5\V5_20240802_15_00_00/vexv5\libv5rt.a(v5_apijump.c.obj)
                0x03804590                vexSystemExitRequest
 .text.vexDeviceGetByIndex
                0x038045ac       0x24 c:\Users\alber\AppData\Roaming\Code\User\globalStorage\vexrobotics.vexcode\sdk\cpp\V5\V5_20240802_15_00_00/vexv5\libv5rt.a(v5_apijump.c.obj)
                0x038045ac                vexDeviceGetByIndex
 .text.vexControllerGet
                0x038045d0       0x2c c:\Users\alber\AppData\Roaming\Code\User\globalStorage\vexrobotics.vexcode\sdk\cpp\V5\V5_20240802_15_00_00/vexv5\libv5rt.a(v5_apijump.c.obj)
                0x038045d0                vexControllerGet
 .text.vexControllerTextSet
                0x038045fc       0x74 c:\Users\alber\AppData\Roaming\Code\User\globalStorage\vexrobotics.vexcode\sdk\cpp\V5\V5_20240802_15_00_00/vexv5\libv5rt.a(v5_apijump.c.obj)
                0x038045fc                vexControllerTextSet
 .text.vexDeviceAdiPortConfigSet
                0x03804670       0x34 c:\Users\alber\AppData\Roaming\Code\User\globalStorage\vexrobotics.vexcode\sdk\cpp\V5\V5_20240802_15_00_00/vexv5\libv5rt.a(v5_apijump.c.obj)
                0x03804670                vexDeviceAdiPortConfigSet
 .text.vexDeviceAdiPortConfigGet
                0x038046a4       0x2c c:\Users\alber\AppData\Roaming\Code\User\globalStorage\vexrobotics.vexcode\sdk\cpp\V5\V5_20240802_15_00_00/vexv5\libv5rt.a(v5_apijump.c.obj)
                0x038046a4                vexDeviceAdiPortConfigGet
 .text.vexDeviceAdiValueSet
                0x038046d0       0x34 c:\Users\alber\AppData\Roaming\Code\User\globalStorage\vexrobotics.vexcode\sdk\cpp\V5\V5_20240802_15_00_00/vexv5\libv5rt.a(v5_apijump.c.obj)
                0x038046d0                vexDeviceAdiValueSet
 .text.vexDeviceAdiValueGet
                0x03804704       0x2c c:\Users\alber\AppData\Roaming\Code\User\globalStorage\vexrobotics.vexcode\sdk\cpp\V5\V5_20240802_15_00_00/vexv5\libv5rt.a(v5_apijump.c.obj)
                0x03804704                vexDeviceAdiValueGet
 .text.vexDeviceMotorVelocitySet
                0x03804730       0x2c c:\Users\alber\AppData\Roaming\Code\User\globalStorage\vexrobotics.vexcode\sdk\cpp\V5\V5_20240802_15_00_00/vexv5\libv5rt.a(v5_apijump.c.obj)
                0x03804730                vexDeviceMotorVelocitySet
 .text.vexDeviceMotorVoltageSet
                0x0380475c       0x2c c:\Users\alber\AppData\Roaming\Code\User\globalStorage\vexrobotics.vexcode\sdk\cpp\V5\V5_20240802_15_00_00/vexv5\libv5rt.a(v5_apijump.c.obj)
                0x0380475c                vexDeviceMotorVoltageSet
 .text.vexDeviceMotorActualVelocityGet
                0x03804788       0x24 c:\Users\alber\AppData\Roaming\Code\User\globalStorage\vexrobotics.vexcode\sdk\cpp\V5\V5_20240802_15_00_00/vexv5\libv5rt.a(v5_apijump.c.obj)
                0x03804788                vexDeviceMotorActualVelocityGet
 .text.vexDeviceMotorReverseFlagSet
                0x038047ac       0x2c c:\Users\alber\AppData\Roaming\Code\User\globalStorage\vexrobotics.vexcode\sdk\cpp\V5\V5_20240802_15_00_00/vexv5\libv5rt.a(v5_apijump.c.obj)
                0x038047ac                vexDeviceMotorReverseFlagSet
 .text.vexDeviceMotorEncoderUnitsSet
                0x038047d8       0x2c c:\Users\alber\AppData\Roaming\Code\User\globalStorage\vexrobotics.vexcode\sdk\cpp\V5\V5_20240802_15_00_00/vexv5\libv5rt.a(v5_apijump.c.obj)
                0x038047d8                vexDeviceMotorEncoderUnitsSet
 .text.vexDeviceMotorBrakeModeSet
                0x03804804       0x2c c:\Users\alber\AppData\Roaming\Code\User\globalStorage\vexrobotics.vexcode\sdk\cpp\V5\V5_20240802_15_00_00/vexv5\libv5rt.a(v5_apijump.c.obj)
                0x03804804                vexDeviceMotorBrakeModeSet
 .text.vexDeviceMotorPositionSet
                0x03804830       0x34 c:\Users\alber\AppData\Roaming\Code\User\globalStorage\vexrobotics.vexcode\sdk\cpp\V5\V5_20240802_15_00_00/vexv5\libv5rt.a(v5_apijump.c.obj)
                0x03804830                vexDeviceMotorPositionSet
 .text.vexDeviceMotorPositionGet
                0x03804864       0x24 c:\Users\alber\AppData\Roaming\Code\User\globalStorage\vexrobotics.vexcode\sdk\cpp\V5\V5_20240802_15_00_00/vexv5\libv5rt.a(v5_apijump.c.obj)
                0x03804864                vexDeviceMotorPositionGet
 .text.vexDeviceMotorGearingSet
                0x03804888       0x2c c:\Users\alber\AppData\Roaming\Code\User\globalStorage\vexrobotics.vexcode\sdk\cpp\V5\V5_20240802_15_00_00/vexv5\libv5rt.a(v5_apijump.c.obj)
                0x03804888                vexDeviceMotorGearingSet
 .text.vexDeviceMotorGearingGet
                0x038048b4       0x24 c:\Users\alber\AppData\Roaming\Code\User\globalStorage\vexrobotics.vexcode\sdk\cpp\V5\V5_20240802_15_00_00/vexv5\libv5rt.a(v5_apijump.c.obj)
                0x038048b4                vexDeviceMotorGearingGet
 .text.vexDeviceImuReset
                0x038048d8       0x24 c:\Users\alber\AppData\Roaming\Code\User\globalStorage\vexrobotics.vexcode\sdk\cpp\V5\V5_20240802_15_00_00/vexv5\libv5rt.a(v5_apijump.c.obj)
                0x038048d8                vexDeviceImuReset
 .text.vexDeviceImuHeadingGet
                0x038048fc       0x24 c:\Users\alber\AppData\Roaming\Code\User\globalStorage\vexrobotics.vexcode\sdk\cpp\V5\V5_20240802_15_00_00/vexv5\libv5rt.a(v5_apijump.c.obj)
                0x038048fc                vexDeviceImuHeadingGet
 .text.vexDeviceImuDegreesGet
                0x03804920       0x24 c:\Users\alber\AppData\Roaming\Code\User\globalStorage\vexrobotics.vexcode\sdk\cpp\V5\V5_20240802_15_00_00/vexv5\libv5rt.a(v5_apijump.c.obj)
                0x03804920                vexDeviceImuDegreesGet
 .text.vexDeviceImuStatusGet
                0x03804944       0x24 c:\Users\alber\AppData\Roaming\Code\User\globalStorage\vexrobotics.vexcode\sdk\cpp\V5\V5_20240802_15_00_00/vexv5\libv5rt.a(v5_apijump.c.obj)
                0x03804944                vexDeviceImuStatusGet
 .text.vexDeviceAbsEncPositionGet
                0x03804968       0x24 c:\Users\alber\AppData\Roaming\Code\User\globalStorage\vexrobotics.vexcode\sdk\cpp\V5\V5_20240802_15_00_00/vexv5\libv5rt.a(v5_apijump.c.obj)
                0x03804968                vexDeviceAbsEncPositionGet
 .text.vexDeviceAbsEncAngleGet
                0x0380498c       0x24 c:\Users\alber\AppData\Roaming\Code\User\globalStorage\vexrobotics.vexcode\sdk\cpp\V5\V5_20240802_15_00_00/vexv5\libv5rt.a(v5_apijump.c.obj)
                0x0380498c                vexDeviceAbsEncAngleGet
 .text.vexDeviceAbsEncReverseFlagSet
                0x038049b0       0x2c c:\Users\alber\AppData\Roaming\Code\User\globalStorage\vexrobotics.vexcode\sdk\cpp\V5\V5_20240802_15_00_00/vexv5\libv5rt.a(v5_apijump.c.obj)
                0x038049b0                vexDeviceAbsEncReverseFlagSet
 .text.vexDeviceDistanceDistanceGet
                0x038049dc       0x24 c:\Users\alber\AppData\Roaming\Code\User\globalStorage\vexrobotics.vexcode\sdk\cpp\V5\V5_20240802_15_00_00/vexv5\libv5rt.a(v5_apijump.c.obj)
                0x038049dc                vexDeviceDistanceDistanceGet
 .text.vexDisplayForegroundColor
                0x03804a00       0x24 c:\Users\alber\AppData\Roaming\Code\User\globalStorage\vexrobotics.vexcode\sdk\cpp\V5\V5_20240802_15_00_00/vexv5\libv5rt.a(v5_apijump.c.obj)
                0x03804a00                vexDisplayForegroundColor
 .text.vexDisplayBackgroundColor
                0x03804a24       0x24 c:\Users\alber\AppData\Roaming\Code\User\globalStorage\vexrobotics.vexcode\sdk\cpp\V5\V5_20240802_15_00_00/vexv5\libv5rt.a(v5_apijump.c.obj)
                0x03804a24                vexDisplayBackgroundColor
 .text.vexDisplayBackgroundColorGet
                0x03804a48       0x1c c:\Users\alber\AppData\Roaming\Code\User\globalStorage\vexrobotics.vexcode\sdk\cpp\V5\V5_20240802_15_00_00/vexv5\libv5rt.a(v5_apijump.c.obj)
                0x03804a48                vexDisplayBackgroundColorGet
 .text.vexDisplayPixelSet
                0x03804a64       0x38 c:\Users\alber\AppData\Roaming\Code\User\globalStorage\vexrobotics.vexcode\sdk\cpp\V5\V5_20240802_15_00_00/vexv5\libv5rt.a(v5_apijump.c.obj)
                0x03804a64                vexDisplayPixelSet
 .text.vexDisplayLineDraw
                0x03804a9c       0x4c c:\Users\alber\AppData\Roaming\Code\User\globalStorage\vexrobotics.vexcode\sdk\cpp\V5\V5_20240802_15_00_00/vexv5\libv5rt.a(v5_apijump.c.obj)
                0x03804a9c                vexDisplayLineDraw
 .text.vexDisplayRectClear
                0x03804ae8       0x4c c:\Users\alber\AppData\Roaming\Code\User\globalStorage\vexrobotics.vexcode\sdk\cpp\V5\V5_20240802_15_00_00/vexv5\libv5rt.a(v5_apijump.c.obj)
                0x03804ae8                vexDisplayRectClear
 .text.vexDisplayVPrintf
                0x03804b34       0x50 c:\Users\alber\AppData\Roaming\Code\User\globalStorage\vexrobotics.vexcode\sdk\cpp\V5\V5_20240802_15_00_00/vexv5\libv5rt.a(v5_apijump.c.obj)
                0x03804b34                vexDisplayVPrintf
 .text.vexDisplayTextReference
                0x03804b84       0x24 c:\Users\alber\AppData\Roaming\Code\User\globalStorage\vexrobotics.vexcode\sdk\cpp\V5\V5_20240802_15_00_00/vexv5\libv5rt.a(v5_apijump.c.obj)
                0x03804b84                vexDisplayTextReference
 .text.vexDisplayTextSize
                0x03804ba8       0x2c c:\Users\alber\AppData\Roaming\Code\User\globalStorage\vexrobotics.vexcode\sdk\cpp\V5\V5_20240802_15_00_00/vexv5\libv5rt.a(v5_apijump.c.obj)
                0x03804ba8                vexDisplayTextSize
 .text.vexDisplayFontNamedSet
                0x03804bd4       0x24 c:\Users\alber\AppData\Roaming\Code\User\globalStorage\vexrobotics.vexcode\sdk\cpp\V5\V5_20240802_15_00_00/vexv5\libv5rt.a(v5_apijump.c.obj)
                0x03804bd4                vexDisplayFontNamedSet
 .text.vexDisplayStringWidthGet
                0x03804bf8       0x24 c:\Users\alber\AppData\Roaming\Code\User\globalStorage\vexrobotics.vexcode\sdk\cpp\V5\V5_20240802_15_00_00/vexv5\libv5rt.a(v5_apijump.c.obj)
                0x03804bf8                vexDisplayStringWidthGet
 .text.vexDisplayPenSizeSet
                0x03804c1c       0x24 c:\Users\alber\AppData\Roaming\Code\User\globalStorage\vexrobotics.vexcode\sdk\cpp\V5\V5_20240802_15_00_00/vexv5\libv5rt.a(v5_apijump.c.obj)
                0x03804c1c                vexDisplayPenSizeSet
 .text.vexDisplayPenSizeGet
                0x03804c40       0x1c c:\Users\alber\AppData\Roaming\Code\User\globalStorage\vexrobotics.vexcode\sdk\cpp\V5\V5_20240802_15_00_00/vexv5\libv5rt.a(v5_apijump.c.obj)
                0x03804c40                vexDisplayPenSizeGet
 .text.vexSystemStdlibImpureDataAddr
                0x03804c5c       0x28 c:\Users\alber\AppData\Roaming\Code\User\globalStorage\vexrobotics.vexcode\sdk\cpp\V5\V5_20240802_15_00_00/vexv5\libv5rt.a(v5_apijump.c.obj)
                0x03804c5c                vexSystemStdlibImpureDataAddr
 .text.vexSystemStdlibImpureDataSize
                0x03804c84       0x28 c:\Users\alber\AppData\Roaming\Code\User\globalStorage\vexrobotics.vexcode\sdk\cpp\V5\V5_20240802_15_00_00/vexv5\libv5rt.a(v5_apijump.c.obj)
                0x03804c84                vexSystemStdlibImpureDataSize
 .text.vexSystemSaveUserData
                0x03804cac       0x3c c:\Users\alber\AppData\Roaming\Code\User\globalStorage\vexrobotics.vexcode\sdk\cpp\V5\V5_20240802_15_00_00/vexv5\libv5rt.a(v5_apijump.c.obj)
                0x03804cac                vexSystemSaveUserData
 .text.vexTouchDataGet
                0x03804ce8       0x10 c:\Users\alber\AppData\Roaming\Code\User\globalStorage\vexrobotics.vexcode\sdk\cpp\V5\V5_20240802_15_00_00/vexv5\libv5rt.a(v5_apijump.c.obj)
                0x03804ce8                vexTouchDataGet
 .text.vexDisplayThemeIdGet
                0x03804cf8       0x38 c:\Users\alber\AppData\Roaming\Code\User\globalStorage\vexrobotics.vexcode\sdk\cpp\V5\V5_20240802_15_00_00/vexv5\libv5rt.a(v5_apijump.c.obj)
                0x03804cf8                vexDisplayThemeIdGet
 .text.vexDeviceEventMaskSet
                0x03804d30       0x48 c:\Users\alber\AppData\Roaming\Code\User\globalStorage\vexrobotics.vexcode\sdk\cpp\V5\V5_20240802_15_00_00/vexv5\libv5rt.a(v5_apijump.c.obj)
                0x03804d30                vexDeviceEventMaskSet
 .text.vexDeviceEventMaskGet
                0x03804d78       0x3c c:\Users\alber\AppData\Roaming\Code\User\globalStorage\vexrobotics.vexcode\sdk\cpp\V5\V5_20240802_15_00_00/vexv5\libv5rt.a(v5_apijump.c.obj)
                0x03804d78                vexDeviceEventMaskGet
 .text.vexSystemVersion
                0x03804db4       0x10 c:\Users\alber\AppData\Roaming\Code\User\globalStorage\vexrobotics.vexcode\sdk\cpp\V5\V5_20240802_15_00_00/vexv5\libv5rt.a(v5_apiversions.c.obj)
                0x03804db4                vexSystemVersion
 .text.vexStdlibVersion
                0x03804dc4       0x10 c:\Users\alber\AppData\Roaming\Code\User\globalStorage\vexrobotics.vexcode\sdk\cpp\V5\V5_20240802_15_00_00/vexv5\libv5rt.a(v5_apiversions.c.obj)
                0x03804dc4                vexStdlibVersion
 *fill*         0x03804dd4        0x4 
 .text._ZN3vex4waitEdNS_9timeUnitsE
                0x03804dd8       0x30 c:\Users\alber\AppData\Roaming\Code\User\globalStorage\vexrobotics.vexcode\sdk\cpp\V5\V5_20240802_15_00_00/vexv5\libv5rt.a(vex_global.cpp.obj)
                0x03804dd8                vex::wait(double, vex::timeUnits)
 .text._ZN3vex5motorD2Ev
                0x03804e08       0x20 c:\Users\alber\AppData\Roaming\Code\User\globalStorage\vexrobotics.vexcode\sdk\cpp\V5\V5_20240802_15_00_00/vexv5\libv5rt.a(vex_motor.cpp.obj)
                0x03804e08                vex::motor::~motor()
                0x03804e08                vex::motor::~motor()
 .text._ZN3vex5motorD0Ev
                0x03804e28       0x1c c:\Users\alber\AppData\Roaming\Code\User\globalStorage\vexrobotics.vexcode\sdk\cpp\V5\V5_20240802_15_00_00/vexv5\libv5rt.a(vex_motor.cpp.obj)
                0x03804e28                vex::motor::~motor()
 .text._ZN3vex5motor9installedEv
                0x03804e44       0x18 c:\Users\alber\AppData\Roaming\Code\User\globalStorage\vexrobotics.vexcode\sdk\cpp\V5\V5_20240802_15_00_00/vexv5\libv5rt.a(vex_motor.cpp.obj)
                0x03804e44                vex::motor::installed()
 .text._ZN3vex5motor15defaultStoppingENS_9brakeTypeE
                0x03804e5c       0x30 c:\Users\alber\AppData\Roaming\Code\User\globalStorage\vexrobotics.vexcode\sdk\cpp\V5\V5_20240802_15_00_00/vexv5\libv5rt.a(vex_motor.cpp.obj)
                0x03804e5c                vex::motor::defaultStopping(vex::brakeType)
 .text._ZN3vex5motorC2El
                0x03804e8c       0x78 c:\Users\alber\AppData\Roaming\Code\User\globalStorage\vexrobotics.vexcode\sdk\cpp\V5\V5_20240802_15_00_00/vexv5\libv5rt.a(vex_motor.cpp.obj)
                0x03804e8c                vex::motor::motor(long)
                0x03804e8c                vex::motor::motor(long)
 .text._ZN3vex5motorC2ElNS_11gearSettingEb
                0x03804f04       0x34 c:\Users\alber\AppData\Roaming\Code\User\globalStorage\vexrobotics.vexcode\sdk\cpp\V5\V5_20240802_15_00_00/vexv5\libv5rt.a(vex_motor.cpp.obj)
                0x03804f04                vex::motor::motor(long, vex::gearSetting, bool)
                0x03804f04                vex::motor::motor(long, vex::gearSetting, bool)
 .text._ZN3vex5motorC2Elb
                0x03804f38       0x24 c:\Users\alber\AppData\Roaming\Code\User\globalStorage\vexrobotics.vexcode\sdk\cpp\V5\V5_20240802_15_00_00/vexv5\libv5rt.a(vex_motor.cpp.obj)
                0x03804f38                vex::motor::motor(long, bool)
                0x03804f38                vex::motor::motor(long, bool)
 *fill*         0x03804f5c        0x4 
 .text._ZN3vex5motor4spinENS_13directionTypeEdNS_12voltageUnitsE
                0x03804f60       0x50 c:\Users\alber\AppData\Roaming\Code\User\globalStorage\vexrobotics.vexcode\sdk\cpp\V5\V5_20240802_15_00_00/vexv5\libv5rt.a(vex_motor.cpp.obj)
                0x03804f60                vex::motor::spin(vex::directionType, double, vex::voltageUnits)
 .text._ZN3vex5motor4stopENS_9brakeTypeE
                0x03804fb0       0x30 c:\Users\alber\AppData\Roaming\Code\User\globalStorage\vexrobotics.vexcode\sdk\cpp\V5\V5_20240802_15_00_00/vexv5\libv5rt.a(vex_motor.cpp.obj)
                0x03804fb0                vex::motor::stop(vex::brakeType)
 .text._ZN3vex5motor16velocityToScaledEdNS_13velocityUnitsE
                0x03804fe0       0x5c c:\Users\alber\AppData\Roaming\Code\User\globalStorage\vexrobotics.vexcode\sdk\cpp\V5\V5_20240802_15_00_00/vexv5\libv5rt.a(vex_motor.cpp.obj)
                0x03804fe0                vex::motor::velocityToScaled(double, vex::velocityUnits)
 .text._ZN3vex5motor8velocityENS_13velocityUnitsE
                0x0380503c       0x30 c:\Users\alber\AppData\Roaming\Code\User\globalStorage\vexrobotics.vexcode\sdk\cpp\V5\V5_20240802_15_00_00/vexv5\libv5rt.a(vex_motor.cpp.obj)
                0x0380503c                vex::motor::velocity(vex::velocityUnits)
 .text._ZN3vex5motor5valueEv
                0x0380506c       0x1c c:\Users\alber\AppData\Roaming\Code\User\globalStorage\vexrobotics.vexcode\sdk\cpp\V5\V5_20240802_15_00_00/vexv5\libv5rt.a(vex_motor.cpp.obj)
                0x0380506c                vex::motor::value()
 .text._ZN3vex5motor16scaledToVelocityEdNS_13velocityUnitsE
                0x03805088       0xa4 c:\Users\alber\AppData\Roaming\Code\User\globalStorage\vexrobotics.vexcode\sdk\cpp\V5\V5_20240802_15_00_00/vexv5\libv5rt.a(vex_motor.cpp.obj)
                0x03805088                vex::motor::scaledToVelocity(double, vex::velocityUnits)
 .text._ZN3vex5motor4spinENS_13directionTypeEdNS_13velocityUnitsE
                0x0380512c       0x5c c:\Users\alber\AppData\Roaming\Code\User\globalStorage\vexrobotics.vexcode\sdk\cpp\V5\V5_20240802_15_00_00/vexv5\libv5rt.a(vex_motor.cpp.obj)
                0x0380512c                vex::motor::spin(vex::directionType, double, vex::velocityUnits)
 .text._ZN3vex5motor16setRotationUnitsENS_13rotationUnitsE
                0x03805188       0x1c c:\Users\alber\AppData\Roaming\Code\User\globalStorage\vexrobotics.vexcode\sdk\cpp\V5\V5_20240802_15_00_00/vexv5\libv5rt.a(vex_motor.cpp.obj)
                0x03805188                vex::motor::setRotationUnits(vex::rotationUnits)
 .text._ZN3vex5motor8positionENS_13rotationUnitsE
                0x038051a4       0x44 c:\Users\alber\AppData\Roaming\Code\User\globalStorage\vexrobotics.vexcode\sdk\cpp\V5\V5_20240802_15_00_00/vexv5\libv5rt.a(vex_motor.cpp.obj)
                0x038051a4                vex::motor::position(vex::rotationUnits)
 .text._ZN3vex8inertial11getTurnTypeEv
                0x038051e8        0x8 c:\Users\alber\AppData\Roaming\Code\User\globalStorage\vexrobotics.vexcode\sdk\cpp\V5\V5_20240802_15_00_00/vexv5\libv5rt.a(vex_imu.cpp.obj)
                0x038051e8                vex::inertial::getTurnType()
 .text._ZThn16_N3vex8inertial11getTurnTypeEv
                0x038051f0        0x8 c:\Users\alber\AppData\Roaming\Code\User\globalStorage\vexrobotics.vexcode\sdk\cpp\V5\V5_20240802_15_00_00/vexv5\libv5rt.a(vex_imu.cpp.obj)
                0x038051f0                non-virtual thunk to vex::inertial::getTurnType()
 .text._ZN3vex8inertial10setHeadingEdNS_13rotationUnitsE
                0x038051f8       0x58 c:\Users\alber\AppData\Roaming\Code\User\globalStorage\vexrobotics.vexcode\sdk\cpp\V5\V5_20240802_15_00_00/vexv5\libv5rt.a(vex_imu.cpp.obj)
                0x038051f8                vex::inertial::setHeading(double, vex::rotationUnits)
 .text._ZThn16_N3vex8inertial10setHeadingEdNS_13rotationUnitsE
                0x03805250        0x8 c:\Users\alber\AppData\Roaming\Code\User\globalStorage\vexrobotics.vexcode\sdk\cpp\V5\V5_20240802_15_00_00/vexv5\libv5rt.a(vex_imu.cpp.obj)
                0x03805250                non-virtual thunk to vex::inertial::setHeading(double, vex::rotationUnits)
 .text._ZN3vex8inertial11setRotationEdNS_13rotationUnitsE
                0x03805258       0x58 c:\Users\alber\AppData\Roaming\Code\User\globalStorage\vexrobotics.vexcode\sdk\cpp\V5\V5_20240802_15_00_00/vexv5\libv5rt.a(vex_imu.cpp.obj)
                0x03805258                vex::inertial::setRotation(double, vex::rotationUnits)
 .text._ZThn16_N3vex8inertial11setRotationEdNS_13rotationUnitsE
                0x038052b0        0x8 c:\Users\alber\AppData\Roaming\Code\User\globalStorage\vexrobotics.vexcode\sdk\cpp\V5\V5_20240802_15_00_00/vexv5\libv5rt.a(vex_imu.cpp.obj)
                0x038052b0                non-virtual thunk to vex::inertial::setRotation(double, vex::rotationUnits)
 .text._ZN3vex8inertialD2Ev
                0x038052b8       0x20 c:\Users\alber\AppData\Roaming\Code\User\globalStorage\vexrobotics.vexcode\sdk\cpp\V5\V5_20240802_15_00_00/vexv5\libv5rt.a(vex_imu.cpp.obj)
                0x038052b8                vex::inertial::~inertial()
                0x038052b8                vex::inertial::~inertial()
 .text._ZThn16_N3vex8inertialD1Ev
                0x038052d8        0x8 c:\Users\alber\AppData\Roaming\Code\User\globalStorage\vexrobotics.vexcode\sdk\cpp\V5\V5_20240802_15_00_00/vexv5\libv5rt.a(vex_imu.cpp.obj)
                0x038052d8                non-virtual thunk to vex::inertial::~inertial()
 .text._ZN3vex8inertialD0Ev
                0x038052e0       0x1c c:\Users\alber\AppData\Roaming\Code\User\globalStorage\vexrobotics.vexcode\sdk\cpp\V5\V5_20240802_15_00_00/vexv5\libv5rt.a(vex_imu.cpp.obj)
                0x038052e0                vex::inertial::~inertial()
 .text._ZThn16_N3vex8inertialD0Ev
                0x038052fc        0x8 c:\Users\alber\AppData\Roaming\Code\User\globalStorage\vexrobotics.vexcode\sdk\cpp\V5\V5_20240802_15_00_00/vexv5\libv5rt.a(vex_imu.cpp.obj)
                0x038052fc                non-virtual thunk to vex::inertial::~inertial()
 .text._ZN3vex8inertial9installedEv
                0x03805304       0x18 c:\Users\alber\AppData\Roaming\Code\User\globalStorage\vexrobotics.vexcode\sdk\cpp\V5\V5_20240802_15_00_00/vexv5\libv5rt.a(vex_imu.cpp.obj)
                0x03805304                vex::inertial::installed()
 .text._ZN3vex8inertial5angleENS_13rotationUnitsE
                0x0380531c       0x6c c:\Users\alber\AppData\Roaming\Code\User\globalStorage\vexrobotics.vexcode\sdk\cpp\V5\V5_20240802_15_00_00/vexv5\libv5rt.a(vex_imu.cpp.obj)
                0x0380531c                vex::inertial::angle(vex::rotationUnits)
 .text._ZThn16_N3vex8inertial5angleENS_13rotationUnitsE
                0x03805388        0x8 c:\Users\alber\AppData\Roaming\Code\User\globalStorage\vexrobotics.vexcode\sdk\cpp\V5\V5_20240802_15_00_00/vexv5\libv5rt.a(vex_imu.cpp.obj)
                0x03805388                non-virtual thunk to vex::inertial::angle(vex::rotationUnits)
 .text._ZN3vex8inertial7headingENS_13rotationUnitsE
                0x03805390        0x4 c:\Users\alber\AppData\Roaming\Code\User\globalStorage\vexrobotics.vexcode\sdk\cpp\V5\V5_20240802_15_00_00/vexv5\libv5rt.a(vex_imu.cpp.obj)
                0x03805390                vex::inertial::heading(vex::rotationUnits)
 .text._ZThn16_N3vex8inertial7headingENS_13rotationUnitsE
                0x03805394        0x8 c:\Users\alber\AppData\Roaming\Code\User\globalStorage\vexrobotics.vexcode\sdk\cpp\V5\V5_20240802_15_00_00/vexv5\libv5rt.a(vex_imu.cpp.obj)
                0x03805394                non-virtual thunk to vex::inertial::heading(vex::rotationUnits)
 .text._ZN3vex8inertial5valueEv
                0x0380539c       0x1c c:\Users\alber\AppData\Roaming\Code\User\globalStorage\vexrobotics.vexcode\sdk\cpp\V5\V5_20240802_15_00_00/vexv5\libv5rt.a(vex_imu.cpp.obj)
                0x0380539c                vex::inertial::value()
 .text._ZN3vex8inertial8rotationENS_13rotationUnitsE
                0x038053b8       0x48 c:\Users\alber\AppData\Roaming\Code\User\globalStorage\vexrobotics.vexcode\sdk\cpp\V5\V5_20240802_15_00_00/vexv5\libv5rt.a(vex_imu.cpp.obj)
                0x038053b8                vex::inertial::rotation(vex::rotationUnits)
 .text._ZThn16_N3vex8inertial8rotationENS_13rotationUnitsE
                0x03805400        0x8 c:\Users\alber\AppData\Roaming\Code\User\globalStorage\vexrobotics.vexcode\sdk\cpp\V5\V5_20240802_15_00_00/vexv5\libv5rt.a(vex_imu.cpp.obj)
                0x03805400                non-virtual thunk to vex::inertial::rotation(vex::rotationUnits)
 .text._ZN3vex8inertial13isCalibratingEv
                0x03805408       0x38 c:\Users\alber\AppData\Roaming\Code\User\globalStorage\vexrobotics.vexcode\sdk\cpp\V5\V5_20240802_15_00_00/vexv5\libv5rt.a(vex_imu.cpp.obj)
                0x03805408                vex::inertial::isCalibrating()
 .text._ZThn16_N3vex8inertial13isCalibratingEv
                0x03805440        0x8 c:\Users\alber\AppData\Roaming\Code\User\globalStorage\vexrobotics.vexcode\sdk\cpp\V5\V5_20240802_15_00_00/vexv5\libv5rt.a(vex_imu.cpp.obj)
                0x03805440                non-virtual thunk to vex::inertial::isCalibrating()
 .text._ZN3vex8inertialC2ElNS_8turnTypeE
                0x03805448       0x4c c:\Users\alber\AppData\Roaming\Code\User\globalStorage\vexrobotics.vexcode\sdk\cpp\V5\V5_20240802_15_00_00/vexv5\libv5rt.a(vex_imu.cpp.obj)
                0x03805448                vex::inertial::inertial(long, vex::turnType)
                0x03805448                vex::inertial::inertial(long, vex::turnType)
 .text._ZN3vex8inertial16startCalibrationEl
                0x03805494       0x20 c:\Users\alber\AppData\Roaming\Code\User\globalStorage\vexrobotics.vexcode\sdk\cpp\V5\V5_20240802_15_00_00/vexv5\libv5rt.a(vex_imu.cpp.obj)
                0x03805494                vex::inertial::startCalibration(long)
 .text._ZN3vex8inertial9calibrateEl
                0x038054b4        0xc c:\Users\alber\AppData\Roaming\Code\User\globalStorage\vexrobotics.vexcode\sdk\cpp\V5\V5_20240802_15_00_00/vexv5\libv5rt.a(vex_imu.cpp.obj)
                0x038054b4                vex::inertial::calibrate(long)
                0x038054b8                non-virtual thunk to vex::inertial::calibrate(long)
 .text._ZN3vex8rotationD2Ev
                0x038054c0       0x20 c:\Users\alber\AppData\Roaming\Code\User\globalStorage\vexrobotics.vexcode\sdk\cpp\V5\V5_20240802_15_00_00/vexv5\libv5rt.a(vex_rotation.cpp.obj)
                0x038054c0                vex::rotation::~rotation()
                0x038054c0                vex::rotation::~rotation()
 .text._ZN3vex8rotationD0Ev
                0x038054e0       0x1c c:\Users\alber\AppData\Roaming\Code\User\globalStorage\vexrobotics.vexcode\sdk\cpp\V5\V5_20240802_15_00_00/vexv5\libv5rt.a(vex_rotation.cpp.obj)
                0x038054e0                vex::rotation::~rotation()
 .text._ZN3vex8rotation9installedEv
                0x038054fc       0x18 c:\Users\alber\AppData\Roaming\Code\User\globalStorage\vexrobotics.vexcode\sdk\cpp\V5\V5_20240802_15_00_00/vexv5\libv5rt.a(vex_rotation.cpp.obj)
                0x038054fc                vex::rotation::installed()
 .text._ZN3vex8rotation5valueEv
                0x03805514        0x8 c:\Users\alber\AppData\Roaming\Code\User\globalStorage\vexrobotics.vexcode\sdk\cpp\V5\V5_20240802_15_00_00/vexv5\libv5rt.a(vex_rotation.cpp.obj)
                0x03805514                vex::rotation::value()
 .text._ZN3vex8rotationC2Elb
                0x0380551c       0x30 c:\Users\alber\AppData\Roaming\Code\User\globalStorage\vexrobotics.vexcode\sdk\cpp\V5\V5_20240802_15_00_00/vexv5\libv5rt.a(vex_rotation.cpp.obj)
                0x0380551c                vex::rotation::rotation(long, bool)
                0x0380551c                vex::rotation::rotation(long, bool)
 *fill*         0x0380554c        0x4 
 .text._ZN3vex8rotation8positionENS_13rotationUnitsE
                0x03805550       0x50 c:\Users\alber\AppData\Roaming\Code\User\globalStorage\vexrobotics.vexcode\sdk\cpp\V5\V5_20240802_15_00_00/vexv5\libv5rt.a(vex_rotation.cpp.obj)
                0x03805550                vex::rotation::position(vex::rotationUnits)
 .text._ZN3vex8distanceD2Ev
                0x038055a0       0x20 c:\Users\alber\AppData\Roaming\Code\User\globalStorage\vexrobotics.vexcode\sdk\cpp\V5\V5_20240802_15_00_00/vexv5\libv5rt.a(vex_distance.cpp.obj)
                0x038055a0                vex::distance::~distance()
                0x038055a0                vex::distance::~distance()
 .text._ZN3vex8distanceD0Ev
                0x038055c0       0x1c c:\Users\alber\AppData\Roaming\Code\User\globalStorage\vexrobotics.vexcode\sdk\cpp\V5\V5_20240802_15_00_00/vexv5\libv5rt.a(vex_distance.cpp.obj)
                0x038055c0                vex::distance::~distance()
 .text._ZN3vex8distance9installedEv
                0x038055dc       0x18 c:\Users\alber\AppData\Roaming\Code\User\globalStorage\vexrobotics.vexcode\sdk\cpp\V5\V5_20240802_15_00_00/vexv5\libv5rt.a(vex_distance.cpp.obj)
                0x038055dc                vex::distance::installed()
 .text._ZN3vex8distance5valueEv
                0x038055f4        0x8 c:\Users\alber\AppData\Roaming\Code\User\globalStorage\vexrobotics.vexcode\sdk\cpp\V5\V5_20240802_15_00_00/vexv5\libv5rt.a(vex_distance.cpp.obj)
                0x038055f4                vex::distance::value()
 .text._ZN3vex8distanceC2El
                0x038055fc       0x20 c:\Users\alber\AppData\Roaming\Code\User\globalStorage\vexrobotics.vexcode\sdk\cpp\V5\V5_20240802_15_00_00/vexv5\libv5rt.a(vex_distance.cpp.obj)
                0x038055fc                vex::distance::distance(long)
                0x038055fc                vex::distance::distance(long)
 *fill*         0x0380561c        0x4 
 .text._ZN3vex8distance14objectDistanceENS_13distanceUnitsE
                0x03805620       0x48 c:\Users\alber\AppData\Roaming\Code\User\globalStorage\vexrobotics.vexcode\sdk\cpp\V5\V5_20240802_15_00_00/vexv5\libv5rt.a(vex_distance.cpp.obj)
                0x03805620                vex::distance::objectDistance(vex::distanceUnits)
 .text._ZN3vex10controllerD2Ev
                0x03805668        0x4 c:\Users\alber\AppData\Roaming\Code\User\globalStorage\vexrobotics.vexcode\sdk\cpp\V5\V5_20240802_15_00_00/vexv5\libv5rt.a(vex_controller.cpp.obj)
                0x03805668                vex::controller::~controller()
                0x03805668                vex::controller::~controller()
 .text._ZN3vex10controller5valueE19_V5_ControllerIndex
                0x0380566c        0x8 c:\Users\alber\AppData\Roaming\Code\User\globalStorage\vexrobotics.vexcode\sdk\cpp\V5\V5_20240802_15_00_00/vexv5\libv5rt.a(vex_controller.cpp.obj)
                0x0380566c                vex::controller::value(_V5_ControllerIndex)
 .text._ZNK3vex10controller6button8pressingEv
                0x03805674       0xc8 c:\Users\alber\AppData\Roaming\Code\User\globalStorage\vexrobotics.vexcode\sdk\cpp\V5\V5_20240802_15_00_00/vexv5\libv5rt.a(vex_controller.cpp.obj)
                0x03805674                vex::controller::button::pressing() const
 .text._ZNK3vex10controller6button7pressedEPFvvE
                0x0380573c      0x108 c:\Users\alber\AppData\Roaming\Code\User\globalStorage\vexrobotics.vexcode\sdk\cpp\V5\V5_20240802_15_00_00/vexv5\libv5rt.a(vex_controller.cpp.obj)
                0x0380573c                vex::controller::button::pressed(void (*)()) const
 .text._ZNK3vex10controller6button21_buttonToPressedEventEv
                0x03805844       0x20 c:\Users\alber\AppData\Roaming\Code\User\globalStorage\vexrobotics.vexcode\sdk\cpp\V5\V5_20240802_15_00_00/vexv5\libv5rt.a(vex_controller.cpp.obj)
                0x03805844                vex::controller::button::_buttonToPressedEvent() const
 .text._ZNK3vex10controller6button22_buttonToReleasedEventEv
                0x03805864       0x20 c:\Users\alber\AppData\Roaming\Code\User\globalStorage\vexrobotics.vexcode\sdk\cpp\V5\V5_20240802_15_00_00/vexv5\libv5rt.a(vex_controller.cpp.obj)
                0x03805864                vex::controller::button::_buttonToReleasedEvent() const
 .text._ZN3vex10controller6buttonC2ENS0_11tButtonTypeEPS0_
                0x03805884       0x48 c:\Users\alber\AppData\Roaming\Code\User\globalStorage\vexrobotics.vexcode\sdk\cpp\V5\V5_20240802_15_00_00/vexv5\libv5rt.a(vex_controller.cpp.obj)
                0x03805884                vex::controller::button::button(vex::controller::tButtonType, vex::controller*)
                0x03805884                vex::controller::button::button(vex::controller::tButtonType, vex::controller*)
 .text._ZNK3vex10controller4axis5valueEv
                0x038058cc       0x58 c:\Users\alber\AppData\Roaming\Code\User\globalStorage\vexrobotics.vexcode\sdk\cpp\V5\V5_20240802_15_00_00/vexv5\libv5rt.a(vex_controller.cpp.obj)
                0x038058cc                vex::controller::axis::value() const
 .text._ZNK3vex10controller4axis23_joystickToChangedEventEv
                0x03805924       0x20 c:\Users\alber\AppData\Roaming\Code\User\globalStorage\vexrobotics.vexcode\sdk\cpp\V5\V5_20240802_15_00_00/vexv5\libv5rt.a(vex_controller.cpp.obj)
                0x03805924                vex::controller::axis::_joystickToChangedEvent() const
 .text._ZN3vex10controller4axisC2ENS0_9tAxisTypeEPS0_
                0x03805944       0x2c c:\Users\alber\AppData\Roaming\Code\User\globalStorage\vexrobotics.vexcode\sdk\cpp\V5\V5_20240802_15_00_00/vexv5\libv5rt.a(vex_controller.cpp.obj)
                0x03805944                vex::controller::axis::axis(vex::controller::tAxisType, vex::controller*)
                0x03805944                vex::controller::axis::axis(vex::controller::tAxisType, vex::controller*)
 .text._ZN3vex10controllerC2ENS_14controllerTypeE
                0x03805970      0x16c c:\Users\alber\AppData\Roaming\Code\User\globalStorage\vexrobotics.vexcode\sdk\cpp\V5\V5_20240802_15_00_00/vexv5\libv5rt.a(vex_controller.cpp.obj)
                0x03805970                vex::controller::controller(vex::controllerType)
                0x03805970                vex::controller::controller(vex::controllerType)
 .text._ZN3vex10controller3lcd15getControllerIdEv
                0x03805adc       0x10 c:\Users\alber\AppData\Roaming\Code\User\globalStorage\vexrobotics.vexcode\sdk\cpp\V5\V5_20240802_15_00_00/vexv5\libv5rt.a(vex_controller.cpp.obj)
                0x03805adc                vex::controller::lcd::getControllerId()
 .text._ZN3vex10controller3lcd9setCursorEll
                0x03805aec       0x40 c:\Users\alber\AppData\Roaming\Code\User\globalStorage\vexrobotics.vexcode\sdk\cpp\V5\V5_20240802_15_00_00/vexv5\libv5rt.a(vex_controller.cpp.obj)
                0x03805aec                vex::controller::lcd::setCursor(long, long)
 .text._ZN3vex10controller3lcd5printEPKcz
                0x03805b2c       0x80 c:\Users\alber\AppData\Roaming\Code\User\globalStorage\vexrobotics.vexcode\sdk\cpp\V5\V5_20240802_15_00_00/vexv5\libv5rt.a(vex_controller.cpp.obj)
                0x03805b2c                vex::controller::lcd::print(char const*, ...)
 .text._ZN3vex10controller3lcd9clearLineEi
                0x03805bac       0x80 c:\Users\alber\AppData\Roaming\Code\User\globalStorage\vexrobotics.vexcode\sdk\cpp\V5\V5_20240802_15_00_00/vexv5\libv5rt.a(vex_controller.cpp.obj)
                0x03805bac                vex::controller::lcd::clearLine(int)
 .text._ZN3vex10controller3lcd11clearScreenEv
                0x03805c2c       0x5c c:\Users\alber\AppData\Roaming\Code\User\globalStorage\vexrobotics.vexcode\sdk\cpp\V5\V5_20240802_15_00_00/vexv5\libv5rt.a(vex_controller.cpp.obj)
                0x03805c2c                vex::controller::lcd::clearScreen()
 .text._ZN3vex4taskC2Ev
                0x03805c88       0x28 c:\Users\alber\AppData\Roaming\Code\User\globalStorage\vexrobotics.vexcode\sdk\cpp\V5\V5_20240802_15_00_00/vexv5\libv5rt.a(vex_task.cpp.obj)
                0x03805c88                vex::task::task()
                0x03805c88                vex::task::task()
 .text._ZN3vex4taskC2EPFivE
                0x03805cb0       0x5c c:\Users\alber\AppData\Roaming\Code\User\globalStorage\vexrobotics.vexcode\sdk\cpp\V5\V5_20240802_15_00_00/vexv5\libv5rt.a(vex_task.cpp.obj)
                0x03805cb0                vex::task::task(int (*)())
                0x03805cb0                vex::task::task(int (*)())
 .text._ZN3vex4taskC2EPFiPvES1_
                0x03805d0c       0x5c c:\Users\alber\AppData\Roaming\Code\User\globalStorage\vexrobotics.vexcode\sdk\cpp\V5\V5_20240802_15_00_00/vexv5\libv5rt.a(vex_task.cpp.obj)
                0x03805d0c                vex::task::task(int (*)(void*), void*)
                0x03805d0c                vex::task::task(int (*)(void*), void*)
 .text._ZN3vex4taskD2Ev
                0x03805d68        0x4 c:\Users\alber\AppData\Roaming\Code\User\globalStorage\vexrobotics.vexcode\sdk\cpp\V5\V5_20240802_15_00_00/vexv5\libv5rt.a(vex_task.cpp.obj)
                0x03805d68                vex::task::~task()
                0x03805d68                vex::task::~task()
 .text._ZN3vex4task4stopEPvi
                0x03805d6c       0x1c c:\Users\alber\AppData\Roaming\Code\User\globalStorage\vexrobotics.vexcode\sdk\cpp\V5\V5_20240802_15_00_00/vexv5\libv5rt.a(vex_task.cpp.obj)
                0x03805d6c                vex::task::stop(void*, int)
 .text._ZN3vex4task5sleepEm
                0x03805d88        0x4 c:\Users\alber\AppData\Roaming\Code\User\globalStorage\vexrobotics.vexcode\sdk\cpp\V5\V5_20240802_15_00_00/vexv5\libv5rt.a(vex_task.cpp.obj)
                0x03805d88                vex::task::sleep(unsigned long)
 .text._ZN3vex4task6_indexEPFivE
                0x03805d8c       0x14 c:\Users\alber\AppData\Roaming\Code\User\globalStorage\vexrobotics.vexcode\sdk\cpp\V5\V5_20240802_15_00_00/vexv5\libv5rt.a(vex_task.cpp.obj)
                0x03805d8c                vex::task::_index(int (*)())
 .text._ZN3vex4task8_stopAllEv
                0x03805da0       0x3c c:\Users\alber\AppData\Roaming\Code\User\globalStorage\vexrobotics.vexcode\sdk\cpp\V5\V5_20240802_15_00_00/vexv5\libv5rt.a(vex_task.cpp.obj)
                0x03805da0                vex::task::_stopAll()
 .text._ZN3vex11this_thread9sleep_forEm
                0x03805ddc        0x4 c:\Users\alber\AppData\Roaming\Code\User\globalStorage\vexrobotics.vexcode\sdk\cpp\V5\V5_20240802_15_00_00/vexv5\libv5rt.a(vex_thread.cpp.obj)
                0x03805ddc                vex::this_thread::sleep_for(unsigned long)
 .text._ZN3vex5event4initEmmPFvvE
                0x03805de0        0x4 c:\Users\alber\AppData\Roaming\Code\User\globalStorage\vexrobotics.vexcode\sdk\cpp\V5\V5_20240802_15_00_00/vexv5\libv5rt.a(vex_event.cpp.obj)
                0x03805de0                vex::event::init(unsigned long, unsigned long, void (*)())
 .text._ZN3vex5event4initEmmPFvPvES1_
                0x03805de4        0x4 c:\Users\alber\AppData\Roaming\Code\User\globalStorage\vexrobotics.vexcode\sdk\cpp\V5\V5_20240802_15_00_00/vexv5\libv5rt.a(vex_event.cpp.obj)
                0x03805de4                vex::event::init(unsigned long, unsigned long, void (*)(void*), void*)
 .text._ZN3vex5event9userindexEv
                0x03805de8        0x4 c:\Users\alber\AppData\Roaming\Code\User\globalStorage\vexrobotics.vexcode\sdk\cpp\V5\V5_20240802_15_00_00/vexv5\libv5rt.a(vex_event.cpp.obj)
                0x03805de8                vex::event::userindex()
 .text._ZZN3vex6meventC4EmmENUlvE_4_FUNEv
                0x03805dec        0x4 c:\Users\alber\AppData\Roaming\Code\User\globalStorage\vexrobotics.vexcode\sdk\cpp\V5\V5_20240802_15_00_00/vexv5\libv5rt.a(vex_mevent.cpp.obj)
 .text._ZN3vex6meventC2Emm
                0x03805df0       0x70 c:\Users\alber\AppData\Roaming\Code\User\globalStorage\vexrobotics.vexcode\sdk\cpp\V5\V5_20240802_15_00_00/vexv5\libv5rt.a(vex_mevent.cpp.obj)
                0x03805df0                vex::mevent::mevent(unsigned long, unsigned long)
                0x03805df0                vex::mevent::mevent(unsigned long, unsigned long)
 .text._ZN3vex5brain9_getIndexEv
                0x03805e60       0x10 c:\Users\alber\AppData\Roaming\Code\User\globalStorage\vexrobotics.vexcode\sdk\cpp\V5\V5_20240802_15_00_00/vexv5\libv5rt.a(vex_brain.cpp.obj)
                0x03805e60                vex::brain::_getIndex()
 .text._ZN3vex5brain3lcd9setCursorEll
                0x03805e70       0x44 c:\Users\alber\AppData\Roaming\Code\User\globalStorage\vexrobotics.vexcode\sdk\cpp\V5\V5_20240802_15_00_00/vexv5\libv5rt.a(vex_brain.cpp.obj)
                0x03805e70                vex::brain::lcd::setCursor(long, long)
 .text._ZN3vex5brain3lcd7setFontENS_8fontTypeE
                0x03805eb4      0x23c c:\Users\alber\AppData\Roaming\Code\User\globalStorage\vexrobotics.vexcode\sdk\cpp\V5\V5_20240802_15_00_00/vexv5\libv5rt.a(vex_brain.cpp.obj)
                0x03805eb4                vex::brain::lcd::setFont(vex::fontType)
 .text._ZN3vex5brain3lcdC2Ev
                0x038060f0       0x94 c:\Users\alber\AppData\Roaming\Code\User\globalStorage\vexrobotics.vexcode\sdk\cpp\V5\V5_20240802_15_00_00/vexv5\libv5rt.a(vex_brain.cpp.obj)
                0x038060f0                vex::brain::lcd::lcd()
                0x038060f0                vex::brain::lcd::lcd()
 .text._ZN3vex5brainC2Ev
                0x03806184       0x3c c:\Users\alber\AppData\Roaming\Code\User\globalStorage\vexrobotics.vexcode\sdk\cpp\V5\V5_20240802_15_00_00/vexv5\libv5rt.a(vex_brain.cpp.obj)
                0x03806184                vex::brain::brain()
                0x03806184                vex::brain::brain()
 .text._ZN3vex5brain3lcd11setPenWidthEm
                0x038061c0       0x24 c:\Users\alber\AppData\Roaming\Code\User\globalStorage\vexrobotics.vexcode\sdk\cpp\V5\V5_20240802_15_00_00/vexv5\libv5rt.a(vex_brain.cpp.obj)
                0x038061c0                vex::brain::lcd::setPenWidth(unsigned long)
 .text._ZN3vex5brain3lcd11setPenColorERKNS_5colorE
                0x038061e4       0x14 c:\Users\alber\AppData\Roaming\Code\User\globalStorage\vexrobotics.vexcode\sdk\cpp\V5\V5_20240802_15_00_00/vexv5\libv5rt.a(vex_brain.cpp.obj)
                0x038061e4                vex::brain::lcd::setPenColor(vex::color const&)
 .text._ZN3vex5brain3lcd12_clearScreenEm
                0x038061f8       0x38 c:\Users\alber\AppData\Roaming\Code\User\globalStorage\vexrobotics.vexcode\sdk\cpp\V5\V5_20240802_15_00_00/vexv5\libv5rt.a(vex_brain.cpp.obj)
                0x038061f8                vex::brain::lcd::_clearScreen(unsigned long)
 .text._ZN3vex5brain3lcd11clearScreenERKNS_5colorE
                0x03806230       0x20 c:\Users\alber\AppData\Roaming\Code\User\globalStorage\vexrobotics.vexcode\sdk\cpp\V5\V5_20240802_15_00_00/vexv5\libv5rt.a(vex_brain.cpp.obj)
                0x03806230                vex::brain::lcd::clearScreen(vex::color const&)
 .text._ZN3vex5brain3lcd11clearScreenEv
                0x03806250       0x2c c:\Users\alber\AppData\Roaming\Code\User\globalStorage\vexrobotics.vexcode\sdk\cpp\V5\V5_20240802_15_00_00/vexv5\libv5rt.a(vex_brain.cpp.obj)
                0x03806250                vex::brain::lcd::clearScreen()
 .text._ZN3vex5brain3lcd9drawPixelEii
                0x0380627c       0x14 c:\Users\alber\AppData\Roaming\Code\User\globalStorage\vexrobotics.vexcode\sdk\cpp\V5\V5_20240802_15_00_00/vexv5\libv5rt.a(vex_brain.cpp.obj)
                0x0380627c                vex::brain::lcd::drawPixel(int, int)
 .text._ZN3vex5brain3lcd8drawLineEiiii
                0x03806290      0x2c4 c:\Users\alber\AppData\Roaming\Code\User\globalStorage\vexrobotics.vexcode\sdk\cpp\V5\V5_20240802_15_00_00/vexv5\libv5rt.a(vex_brain.cpp.obj)
                0x03806290                vex::brain::lcd::drawLine(int, int, int, int)
 .text._ZN3vex5brain3lcd8pressingEv
                0x03806554       0x20 c:\Users\alber\AppData\Roaming\Code\User\globalStorage\vexrobotics.vexcode\sdk\cpp\V5\V5_20240802_15_00_00/vexv5\libv5rt.a(vex_brain.cpp.obj)
                0x03806554                vex::brain::lcd::pressing()
 .text._ZN3vex5brain3lcd10rowToPixelEl
                0x03806574       0x34 c:\Users\alber\AppData\Roaming\Code\User\globalStorage\vexrobotics.vexcode\sdk\cpp\V5\V5_20240802_15_00_00/vexv5\libv5rt.a(vex_brain.cpp.obj)
                0x03806574                vex::brain::lcd::rowToPixel(long)
 .text._ZN3vex5brain3lcd5printEPKcz
                0x038065a8       0xb8 c:\Users\alber\AppData\Roaming\Code\User\globalStorage\vexrobotics.vexcode\sdk\cpp\V5\V5_20240802_15_00_00/vexv5\libv5rt.a(vex_brain.cpp.obj)
                0x038065a8                vex::brain::lcd::print(char const*, ...)
 .text._ZN3vex5brainD2Ev
                0x03806660       0x20 c:\Users\alber\AppData\Roaming\Code\User\globalStorage\vexrobotics.vexcode\sdk\cpp\V5\V5_20240802_15_00_00/vexv5\libv5rt.a(vex_brain.cpp.obj)
                0x03806660                vex::brain::~brain()
                0x03806660                vex::brain::~brain()
 .text._ZN3vex11competition8_disableEPv
                0x03806680       0xa4 c:\Users\alber\AppData\Roaming\Code\User\globalStorage\vexrobotics.vexcode\sdk\cpp\V5\V5_20240802_15_00_00/vexv5\libv5rt.a(vex_competition.cpp.obj)
                0x03806680                vex::competition::_disable(void*)
 .text._ZN3vex11competition11_autonomousEv
                0x03806724       0x80 c:\Users\alber\AppData\Roaming\Code\User\globalStorage\vexrobotics.vexcode\sdk\cpp\V5\V5_20240802_15_00_00/vexv5\libv5rt.a(vex_competition.cpp.obj)
                0x03806724                vex::competition::_autonomous()
 .text._ZN3vex11competition14_drivercontrolEv
                0x038067a4       0x80 c:\Users\alber\AppData\Roaming\Code\User\globalStorage\vexrobotics.vexcode\sdk\cpp\V5\V5_20240802_15_00_00/vexv5\libv5rt.a(vex_competition.cpp.obj)
                0x038067a4                vex::competition::_drivercontrol()
 .text._ZN3vex11competitionC2Ev
                0x03806824      0x13c c:\Users\alber\AppData\Roaming\Code\User\globalStorage\vexrobotics.vexcode\sdk\cpp\V5\V5_20240802_15_00_00/vexv5\libv5rt.a(vex_competition.cpp.obj)
                0x03806824                vex::competition::competition()
                0x03806824                vex::competition::competition()
 .text._ZN3vex11competitionD2Ev
                0x03806960        0x4 c:\Users\alber\AppData\Roaming\Code\User\globalStorage\vexrobotics.vexcode\sdk\cpp\V5\V5_20240802_15_00_00/vexv5\libv5rt.a(vex_competition.cpp.obj)
                0x03806960                vex::competition::~competition()
                0x03806960                vex::competition::~competition()
 .text._ZN3vex11competition10autonomousEPFvvE
                0x03806964       0x44 c:\Users\alber\AppData\Roaming\Code\User\globalStorage\vexrobotics.vexcode\sdk\cpp\V5\V5_20240802_15_00_00/vexv5\libv5rt.a(vex_competition.cpp.obj)
                0x03806964                vex::competition::autonomous(void (*)())
 .text._ZN3vex11competition13drivercontrolEPFvvE
                0x038069a8       0x44 c:\Users\alber\AppData\Roaming\Code\User\globalStorage\vexrobotics.vexcode\sdk\cpp\V5\V5_20240802_15_00_00/vexv5\libv5rt.a(vex_competition.cpp.obj)
                0x038069a8                vex::competition::drivercontrol(void (*)())
 .text._ZN3vex7triportD2Ev
                0x038069ec       0x38 c:\Users\alber\AppData\Roaming\Code\User\globalStorage\vexrobotics.vexcode\sdk\cpp\V5\V5_20240802_15_00_00/vexv5\libv5rt.a(vex_triport.cpp.obj)
                0x038069ec                vex::triport::~triport()
                0x038069ec                vex::triport::~triport()
 .text._ZN3vex7triportD0Ev
                0x03806a24       0x1c c:\Users\alber\AppData\Roaming\Code\User\globalStorage\vexrobotics.vexcode\sdk\cpp\V5\V5_20240802_15_00_00/vexv5\libv5rt.a(vex_triport.cpp.obj)
                0x03806a24                vex::triport::~triport()
 .text._ZN3vex7triport9installedEv
                0x03806a40       0x18 c:\Users\alber\AppData\Roaming\Code\User\globalStorage\vexrobotics.vexcode\sdk\cpp\V5\V5_20240802_15_00_00/vexv5\libv5rt.a(vex_triport.cpp.obj)
                0x03806a40                vex::triport::installed()
 .text._ZN3vex7triport4portC2ElPS0_
                0x03806a58       0x74 c:\Users\alber\AppData\Roaming\Code\User\globalStorage\vexrobotics.vexcode\sdk\cpp\V5\V5_20240802_15_00_00/vexv5\libv5rt.a(vex_triport.cpp.obj)
                0x03806a58                vex::triport::port::port(long, vex::triport*)
                0x03806a58                vex::triport::port::port(long, vex::triport*)
 .text._ZN3vex7triportC2El
                0x03806acc       0xf0 c:\Users\alber\AppData\Roaming\Code\User\globalStorage\vexrobotics.vexcode\sdk\cpp\V5\V5_20240802_15_00_00/vexv5\libv5rt.a(vex_triport.cpp.obj)
                0x03806acc                vex::triport::triport(long)
                0x03806acc                vex::triport::triport(long)
 .text._ZN3vex7triport4port4typeENS_11triportTypeE
                0x03806bbc       0x30 c:\Users\alber\AppData\Roaming\Code\User\globalStorage\vexrobotics.vexcode\sdk\cpp\V5\V5_20240802_15_00_00/vexv5\libv5rt.a(vex_triport.cpp.obj)
                0x03806bbc                vex::triport::port::type(vex::triportType)
 .text._ZN3vex7triport4port4typeEv
                0x03806bec       0x38 c:\Users\alber\AppData\Roaming\Code\User\globalStorage\vexrobotics.vexcode\sdk\cpp\V5\V5_20240802_15_00_00/vexv5\libv5rt.a(vex_triport.cpp.obj)
                0x03806bec                vex::triport::port::type()
 .text._ZN3vex7triport4port5valueEv
                0x03806c24       0x14 c:\Users\alber\AppData\Roaming\Code\User\globalStorage\vexrobotics.vexcode\sdk\cpp\V5\V5_20240802_15_00_00/vexv5\libv5rt.a(vex_triport.cpp.obj)
                0x03806c24                vex::triport::port::value()
 .text._ZN3vex7triport4port5valueEl
                0x03806c38       0x18 c:\Users\alber\AppData\Roaming\Code\User\globalStorage\vexrobotics.vexcode\sdk\cpp\V5\V5_20240802_15_00_00/vexv5\libv5rt.a(vex_triport.cpp.obj)
                0x03806c38                vex::triport::port::value(long)
 .text._ZN3vex7triport4port8rotationENS_13rotationUnitsE
                0x03806c50       0x40 c:\Users\alber\AppData\Roaming\Code\User\globalStorage\vexrobotics.vexcode\sdk\cpp\V5\V5_20240802_15_00_00/vexv5\libv5rt.a(vex_triport.cpp.obj)
                0x03806c50                vex::triport::port::rotation(vex::rotationUnits)
 .text._ZN3vex11__trideviceC2ERNS_7triport4portENS_11triportTypeE
                0x03806c90       0x5c c:\Users\alber\AppData\Roaming\Code\User\globalStorage\vexrobotics.vexcode\sdk\cpp\V5\V5_20240802_15_00_00/vexv5\libv5rt.a(vex_triport.cpp.obj)
                0x03806c90                vex::__tridevice::__tridevice(vex::triport::port&, vex::triportType)
                0x03806c90                vex::__tridevice::__tridevice(vex::triport::port&, vex::triportType)
 .text._ZN3vex11digital_outC2ERNS_7triport4portE
                0x03806cec       0x18 c:\Users\alber\AppData\Roaming\Code\User\globalStorage\vexrobotics.vexcode\sdk\cpp\V5\V5_20240802_15_00_00/vexv5\libv5rt.a(vex_triport.cpp.obj)
                0x03806cec                vex::digital_out::digital_out(vex::triport::port&)
                0x03806cec                vex::digital_out::digital_out(vex::triport::port&)
 .text._ZN3vex11digital_outD2Ev
                0x03806d04        0x4 c:\Users\alber\AppData\Roaming\Code\User\globalStorage\vexrobotics.vexcode\sdk\cpp\V5\V5_20240802_15_00_00/vexv5\libv5rt.a(vex_triport.cpp.obj)
                0x03806d04                vex::digital_out::~digital_out()
                0x03806d04                vex::digital_out::~digital_out()
 .text._ZN3vex11digital_out3setEb
                0x03806d08        0x8 c:\Users\alber\AppData\Roaming\Code\User\globalStorage\vexrobotics.vexcode\sdk\cpp\V5\V5_20240802_15_00_00/vexv5\libv5rt.a(vex_triport.cpp.obj)
                0x03806d08                vex::digital_out::set(bool)
 .text._ZN3vex7encoderC2ERNS_7triport4portE
                0x03806d10       0x20 c:\Users\alber\AppData\Roaming\Code\User\globalStorage\vexrobotics.vexcode\sdk\cpp\V5\V5_20240802_15_00_00/vexv5\libv5rt.a(vex_triport.cpp.obj)
                0x03806d10                vex::encoder::encoder(vex::triport::port&)
                0x03806d10                vex::encoder::encoder(vex::triport::port&)
 .text._ZN3vex7encoderD2Ev
                0x03806d30        0x4 c:\Users\alber\AppData\Roaming\Code\User\globalStorage\vexrobotics.vexcode\sdk\cpp\V5\V5_20240802_15_00_00/vexv5\libv5rt.a(vex_triport.cpp.obj)
                0x03806d30                vex::encoder::~encoder()
                0x03806d30                vex::encoder::~encoder()
 .text._ZN3vex7encoder8positionENS_13rotationUnitsE
                0x03806d34        0x8 c:\Users\alber\AppData\Roaming\Code\User\globalStorage\vexrobotics.vexcode\sdk\cpp\V5\V5_20240802_15_00_00/vexv5\libv5rt.a(vex_triport.cpp.obj)
                0x03806d34                vex::encoder::position(vex::rotationUnits)
 .text._ZN3vex5colorD2Ev
                0x03806d3c        0x4 c:\Users\alber\AppData\Roaming\Code\User\globalStorage\vexrobotics.vexcode\sdk\cpp\V5\V5_20240802_15_00_00/vexv5\libv5rt.a(vex_color.cpp.obj)
                0x03806d3c                vex::color::~color()
                0x03806d3c                vex::color::~color()
 .text._ZNK3vex5colorcvmEv
                0x03806d40        0x8 c:\Users\alber\AppData\Roaming\Code\User\globalStorage\vexrobotics.vexcode\sdk\cpp\V5\V5_20240802_15_00_00/vexv5\libv5rt.a(vex_color.cpp.obj)
                0x03806d40                vex::color::operator unsigned long() const
 .text.startup._GLOBAL__sub_I__ZN3vex5color5blackE
                0x03806d48      0x164 c:\Users\alber\AppData\Roaming\Code\User\globalStorage\vexrobotics.vexcode\sdk\cpp\V5\V5_20240802_15_00_00/vexv5\libv5rt.a(vex_color.cpp.obj)
 .text._ZN3vex5timerD2Ev
                0x03806eac        0x4 c:\Users\alber\AppData\Roaming\Code\User\globalStorage\vexrobotics.vexcode\sdk\cpp\V5\V5_20240802_15_00_00/vexv5\libv5rt.a(vex_timer.cpp.obj)
                0x03806eac                vex::timer::~timer()
                0x03806eac                vex::timer::~timer()
 .text._ZN3vex5timer5clearEv
                0x03806eb0       0x1c c:\Users\alber\AppData\Roaming\Code\User\globalStorage\vexrobotics.vexcode\sdk\cpp\V5\V5_20240802_15_00_00/vexv5\libv5rt.a(vex_timer.cpp.obj)
                0x03806eb0                vex::timer::clear()
 .text._ZN3vex5timerC2Ev
                0x03806ecc       0x14 c:\Users\alber\AppData\Roaming\Code\User\globalStorage\vexrobotics.vexcode\sdk\cpp\V5\V5_20240802_15_00_00/vexv5\libv5rt.a(vex_timer.cpp.obj)
                0x03806ecc                vex::timer::timer()
                0x03806ecc                vex::timer::timer()
 .text._ZN3vex11motor_group18motor_group_motorsC2Ev
                0x03806ee0       0x28 c:\Users\alber\AppData\Roaming\Code\User\globalStorage\vexrobotics.vexcode\sdk\cpp\V5\V5_20240802_15_00_00/vexv5\libv5rt.a(vex_motorgroup.cpp.obj)
                0x03806ee0                vex::motor_group::motor_group_motors::motor_group_motors()
                0x03806ee0                vex::motor_group::motor_group_motors::motor_group_motors()
 .text._ZN3vex11motor_group18motor_group_motorsC2ERKS1_
                0x03806f08       0x20 c:\Users\alber\AppData\Roaming\Code\User\globalStorage\vexrobotics.vexcode\sdk\cpp\V5\V5_20240802_15_00_00/vexv5\libv5rt.a(vex_motorgroup.cpp.obj)
                0x03806f08                vex::motor_group::motor_group_motors::motor_group_motors(vex::motor_group::motor_group_motors const&)
                0x03806f08                vex::motor_group::motor_group_motors::motor_group_motors(vex::motor_group::motor_group_motors const&)
 .text._ZN3vex11motor_groupC2Ev
                0x03806f28       0x1c c:\Users\alber\AppData\Roaming\Code\User\globalStorage\vexrobotics.vexcode\sdk\cpp\V5\V5_20240802_15_00_00/vexv5\libv5rt.a(vex_motorgroup.cpp.obj)
                0x03806f28                vex::motor_group::motor_group()
                0x03806f28                vex::motor_group::motor_group()
 .text._ZN3vex11motor_groupD2Ev
                0x03806f44        0x4 c:\Users\alber\AppData\Roaming\Code\User\globalStorage\vexrobotics.vexcode\sdk\cpp\V5\V5_20240802_15_00_00/vexv5\libv5rt.a(vex_motorgroup.cpp.obj)
                0x03806f44                vex::motor_group::~motor_group()
                0x03806f44                vex::motor_group::~motor_group()
 .text._ZN3vex11motor_group9_addMotorERNS_5motorE
                0x03806f48       0x20 c:\Users\alber\AppData\Roaming\Code\User\globalStorage\vexrobotics.vexcode\sdk\cpp\V5\V5_20240802_15_00_00/vexv5\libv5rt.a(vex_motorgroup.cpp.obj)
                0x03806f48                vex::motor_group::_addMotor(vex::motor&)
 .text._ZN3vex11motor_group4spinENS_13directionTypeEdNS_13velocityUnitsE
                0x03806f68       0x54 c:\Users\alber\AppData\Roaming\Code\User\globalStorage\vexrobotics.vexcode\sdk\cpp\V5\V5_20240802_15_00_00/vexv5\libv5rt.a(vex_motorgroup.cpp.obj)
                0x03806f68                vex::motor_group::spin(vex::directionType, double, vex::velocityUnits)
 .text._ZN3vex11motor_group4spinENS_13directionTypeEdNS_12voltageUnitsE
                0x03806fbc       0x54 c:\Users\alber\AppData\Roaming\Code\User\globalStorage\vexrobotics.vexcode\sdk\cpp\V5\V5_20240802_15_00_00/vexv5\libv5rt.a(vex_motorgroup.cpp.obj)
                0x03806fbc                vex::motor_group::spin(vex::directionType, double, vex::voltageUnits)
 .text._ZN3vex11motor_group4stopENS_9brakeTypeE
                0x03807010       0x38 c:\Users\alber\AppData\Roaming\Code\User\globalStorage\vexrobotics.vexcode\sdk\cpp\V5\V5_20240802_15_00_00/vexv5\libv5rt.a(vex_motorgroup.cpp.obj)
                0x03807010                vex::motor_group::stop(vex::brakeType)
 .text._ZN3vex11motor_group8positionENS_13rotationUnitsE
                0x03807048        0xc c:\Users\alber\AppData\Roaming\Code\User\globalStorage\vexrobotics.vexcode\sdk\cpp\V5\V5_20240802_15_00_00/vexv5\libv5rt.a(vex_motorgroup.cpp.obj)
                0x03807048                vex::motor_group::position(vex::rotationUnits)
 .text.vexAdiPortConfigSet
                0x03807054       0x28 c:\Users\alber\AppData\Roaming\Code\User\globalStorage\vexrobotics.vexcode\sdk\cpp\V5\V5_20240802_15_00_00/vexv5\libv5rt.a(v5_apiuser.c.obj)
                0x03807054                vexAdiPortConfigSet
 .text.vexAdiPortConfigGet
                0x0380707c       0x28 c:\Users\alber\AppData\Roaming\Code\User\globalStorage\vexrobotics.vexcode\sdk\cpp\V5\V5_20240802_15_00_00/vexv5\libv5rt.a(v5_apiuser.c.obj)
                0x0380707c                vexAdiPortConfigGet
 .text.vexAdiValueSet
                0x038070a4       0x28 c:\Users\alber\AppData\Roaming\Code\User\globalStorage\vexrobotics.vexcode\sdk\cpp\V5\V5_20240802_15_00_00/vexv5\libv5rt.a(v5_apiuser.c.obj)
                0x038070a4                vexAdiValueSet
 .text.vexAdiValueGet
                0x038070cc       0x20 c:\Users\alber\AppData\Roaming\Code\User\globalStorage\vexrobotics.vexcode\sdk\cpp\V5\V5_20240802_15_00_00/vexv5\libv5rt.a(v5_apiuser.c.obj)
                0x038070cc                vexAdiValueGet
 .text.vexMotorVelocitySet
                0x038070ec       0x20 c:\Users\alber\AppData\Roaming\Code\User\globalStorage\vexrobotics.vexcode\sdk\cpp\V5\V5_20240802_15_00_00/vexv5\libv5rt.a(v5_apiuser.c.obj)
                0x038070ec                vexMotorVelocitySet
 .text.vexMotorVoltageSet
                0x0380710c       0x20 c:\Users\alber\AppData\Roaming\Code\User\globalStorage\vexrobotics.vexcode\sdk\cpp\V5\V5_20240802_15_00_00/vexv5\libv5rt.a(v5_apiuser.c.obj)
                0x0380710c                vexMotorVoltageSet
 .text.vexMotorActualVelocityGet
                0x0380712c       0x24 c:\Users\alber\AppData\Roaming\Code\User\globalStorage\vexrobotics.vexcode\sdk\cpp\V5\V5_20240802_15_00_00/vexv5\libv5rt.a(v5_apiuser.c.obj)
                0x0380712c                vexMotorActualVelocityGet
 .text.vexMotorReverseFlagSet
                0x03807150       0x20 c:\Users\alber\AppData\Roaming\Code\User\globalStorage\vexrobotics.vexcode\sdk\cpp\V5\V5_20240802_15_00_00/vexv5\libv5rt.a(v5_apiuser.c.obj)
                0x03807150                vexMotorReverseFlagSet
 .text.vexMotorEncoderUnitsSet
                0x03807170       0x20 c:\Users\alber\AppData\Roaming\Code\User\globalStorage\vexrobotics.vexcode\sdk\cpp\V5\V5_20240802_15_00_00/vexv5\libv5rt.a(v5_apiuser.c.obj)
                0x03807170                vexMotorEncoderUnitsSet
 .text.vexMotorBrakeModeSet
                0x03807190       0x20 c:\Users\alber\AppData\Roaming\Code\User\globalStorage\vexrobotics.vexcode\sdk\cpp\V5\V5_20240802_15_00_00/vexv5\libv5rt.a(v5_apiuser.c.obj)
                0x03807190                vexMotorBrakeModeSet
 .text.vexMotorPositionSet
                0x038071b0       0x28 c:\Users\alber\AppData\Roaming\Code\User\globalStorage\vexrobotics.vexcode\sdk\cpp\V5\V5_20240802_15_00_00/vexv5\libv5rt.a(v5_apiuser.c.obj)
                0x038071b0                vexMotorPositionSet
 .text.vexMotorPositionGet
                0x038071d8       0x24 c:\Users\alber\AppData\Roaming\Code\User\globalStorage\vexrobotics.vexcode\sdk\cpp\V5\V5_20240802_15_00_00/vexv5\libv5rt.a(v5_apiuser.c.obj)
                0x038071d8                vexMotorPositionGet
 .text.vexMotorGearingSet
                0x038071fc       0x20 c:\Users\alber\AppData\Roaming\Code\User\globalStorage\vexrobotics.vexcode\sdk\cpp\V5\V5_20240802_15_00_00/vexv5\libv5rt.a(v5_apiuser.c.obj)
                0x038071fc                vexMotorGearingSet
 .text.vexMotorGearingGet
                0x0380721c       0x18 c:\Users\alber\AppData\Roaming\Code\User\globalStorage\vexrobotics.vexcode\sdk\cpp\V5\V5_20240802_15_00_00/vexv5\libv5rt.a(v5_apiuser.c.obj)
                0x0380721c                vexMotorGearingGet
 .text.vexImuReset
                0x03807234       0x10 c:\Users\alber\AppData\Roaming\Code\User\globalStorage\vexrobotics.vexcode\sdk\cpp\V5\V5_20240802_15_00_00/vexv5\libv5rt.a(v5_apiuser.c.obj)
                0x03807234                vexImuReset
 .text.vexImuHeadingGet
                0x03807244       0x10 c:\Users\alber\AppData\Roaming\Code\User\globalStorage\vexrobotics.vexcode\sdk\cpp\V5\V5_20240802_15_00_00/vexv5\libv5rt.a(v5_apiuser.c.obj)
                0x03807244                vexImuHeadingGet
 .text.vexImuDegreesGet
                0x03807254       0x10 c:\Users\alber\AppData\Roaming\Code\User\globalStorage\vexrobotics.vexcode\sdk\cpp\V5\V5_20240802_15_00_00/vexv5\libv5rt.a(v5_apiuser.c.obj)
                0x03807254                vexImuDegreesGet
 .text.vexImuStatusGet
                0x03807264       0x10 c:\Users\alber\AppData\Roaming\Code\User\globalStorage\vexrobotics.vexcode\sdk\cpp\V5\V5_20240802_15_00_00/vexv5\libv5rt.a(v5_apiuser.c.obj)
                0x03807264                vexImuStatusGet
 .text.vexAbsEncPositionGet
                0x03807274       0x10 c:\Users\alber\AppData\Roaming\Code\User\globalStorage\vexrobotics.vexcode\sdk\cpp\V5\V5_20240802_15_00_00/vexv5\libv5rt.a(v5_apiuser.c.obj)
                0x03807274                vexAbsEncPositionGet
 .text.vexAbsEncAngleGet
                0x03807284       0x10 c:\Users\alber\AppData\Roaming\Code\User\globalStorage\vexrobotics.vexcode\sdk\cpp\V5\V5_20240802_15_00_00/vexv5\libv5rt.a(v5_apiuser.c.obj)
                0x03807284                vexAbsEncAngleGet
 .text.vexAbsEncReverseFlagSet
                0x03807294       0x18 c:\Users\alber\AppData\Roaming\Code\User\globalStorage\vexrobotics.vexcode\sdk\cpp\V5\V5_20240802_15_00_00/vexv5\libv5rt.a(v5_apiuser.c.obj)
                0x03807294                vexAbsEncReverseFlagSet
 .text.vexDistanceDistanceGet
                0x038072ac       0x10 c:\Users\alber\AppData\Roaming\Code\User\globalStorage\vexrobotics.vexcode\sdk\cpp\V5\V5_20240802_15_00_00/vexv5\libv5rt.a(v5_apiuser.c.obj)
                0x038072ac                vexDistanceDistanceGet
 .text.vexEventMaskSet
                0x038072bc       0x28 c:\Users\alber\AppData\Roaming\Code\User\globalStorage\vexrobotics.vexcode\sdk\cpp\V5\V5_20240802_15_00_00/vexv5\libv5rt.a(v5_apiuser.c.obj)
                0x038072bc                vexEventMaskSet
 .text.vexEventMaskGet
                0x038072e4       0x18 c:\Users\alber\AppData\Roaming\Code\User\globalStorage\vexrobotics.vexcode\sdk\cpp\V5\V5_20240802_15_00_00/vexv5\libv5rt.a(v5_apiuser.c.obj)
                0x038072e4                vexEventMaskGet
 .text._ZN3vex6deviceD2Ev
                0x038072fc        0x4 c:\Users\alber\AppData\Roaming\Code\User\globalStorage\vexrobotics.vexcode\sdk\cpp\V5\V5_20240802_15_00_00/vexv5\libv5rt.a(vex_device.cpp.obj)
                0x038072fc                vex::device::~device()
                0x038072fc                vex::device::~device()
 .text._ZN3vex6device5valueEv
                0x03807300        0x8 c:\Users\alber\AppData\Roaming\Code\User\globalStorage\vexrobotics.vexcode\sdk\cpp\V5\V5_20240802_15_00_00/vexv5\libv5rt.a(vex_device.cpp.obj)
                0x03807300                vex::device::value()
 .text._ZN3vex6deviceD0Ev
                0x03807308       0x14 c:\Users\alber\AppData\Roaming\Code\User\globalStorage\vexrobotics.vexcode\sdk\cpp\V5\V5_20240802_15_00_00/vexv5\libv5rt.a(vex_device.cpp.obj)
                0x03807308                vex::device::~device()
 .text._ZN3vex6device4initEl
                0x0380731c       0x30 c:\Users\alber\AppData\Roaming\Code\User\globalStorage\vexrobotics.vexcode\sdk\cpp\V5\V5_20240802_15_00_00/vexv5\libv5rt.a(vex_device.cpp.obj)
                0x0380731c                vex::device::init(long)
 .text._ZN3vex6deviceC2El
                0x0380734c       0x20 c:\Users\alber\AppData\Roaming\Code\User\globalStorage\vexrobotics.vexcode\sdk\cpp\V5\V5_20240802_15_00_00/vexv5\libv5rt.a(vex_device.cpp.obj)
                0x0380734c                vex::device::device(long)
                0x0380734c                vex::device::device(long)
 .text._ZN3vex6device4typeEv
                0x0380736c       0x10 c:\Users\alber\AppData\Roaming\Code\User\globalStorage\vexrobotics.vexcode\sdk\cpp\V5\V5_20240802_15_00_00/vexv5\libv5rt.a(vex_device.cpp.obj)
                0x0380736c                vex::device::type()
 .text._ZN3vex6device9installedEv
                0x0380737c       0x14 c:\Users\alber\AppData\Roaming\Code\User\globalStorage\vexrobotics.vexcode\sdk\cpp\V5\V5_20240802_15_00_00/vexv5\libv5rt.a(vex_device.cpp.obj)
                0x0380737c                vex::device::installed()
 .text.__libc_fini_array
                0x03807390       0x30 c:\Users\alber\AppData\Roaming\Code\User\globalStorage\vexrobotics.vexcode\sdk\cpp\V5\V5_20240802_15_00_00/vexv5/gcc/libs\libc.a(lib_a-fini.o)
                0x03807390                __libc_fini_array
 .text.__libc_init_array
                0x038073c0       0x58 c:\Users\alber\AppData\Roaming\Code\User\globalStorage\vexrobotics.vexcode\sdk\cpp\V5\V5_20240802_15_00_00/vexv5/gcc/libs\libc.a(lib_a-init.o)
                0x038073c0                __libc_init_array
 .text.fmax     0x03807418       0x4c c:\Users\alber\AppData\Roaming\Code\User\globalStorage\vexrobotics.vexcode\sdk\cpp\V5\V5_20240802_15_00_00/vexv5/gcc/libs\libm.a(lib_a-s_fmax.o)
                0x03807418                fmax
 .text.hypot    0x03807464       0xb4 c:\Users\alber\AppData\Roaming\Code\User\globalStorage\vexrobotics.vexcode\sdk\cpp\V5\V5_20240802_15_00_00/vexv5/gcc/libs\libm.a(lib_a-w_hypot.o)
                0x03807464                hypot
 .text.__ieee754_hypot
                0x03807518      0x198 c:\Users\alber\AppData\Roaming\Code\User\globalStorage\vexrobotics.vexcode\sdk\cpp\V5\V5_20240802_15_00_00/vexv5/gcc/libs\libm.a(lib_a-e_hypot.o)
                0x03807518                __ieee754_hypot
 .text.__ieee754_hypot.__stub
                0x038076b0       0x18 linker stubs
 *(.gnu.linkonce.t.*)
 *(.plt)
 *(.gnu_warning)
 *(.gcc_except_table)
 *(.glue_7)
 .glue_7        0x00000000        0x0 linker stubs
 *(.glue_7t)
 .glue_7t       0x00000000        0x0 linker stubs
 *(.vfp11_veneer)
 .vfp11_veneer  0x00000000        0x0 linker stubs
 *(.ARM.extab)
 *(.gnu.linkonce.armextab.*)

.v4_bx          0x038076c8        0x0
 .v4_bx         0x00000000        0x0 linker stubs

.iplt           0x038076c8        0x0
 .iplt          0x00000000        0x0 build/src/main.o

.init
 *(.init)

.fini
 *(.fini)

.rodata         0x038076c8      0x314
                0x038076c8                __rodata_start = .
 *(.rodata)
 *(.rodata.*)
 .rodata.str1.1
                0x038076c8       0x5f build/src/main.o
 .rodata.str1.1
                0x03807727       0x7f build/src/pid-tuning.o
 *fill*         0x038077a6        0x2 
 .rodata.AUTO   0x038077a8        0x4 build/src/subsystems.o
                0x038077a8                AUTO
 .rodata.OPCONTROL
                0x038077ac        0x4 build/src/subsystems.o
                0x038077ac                OPCONTROL
 .rodata.str1.1
                0x038077b0       0x2e c:\Users\alber\AppData\Roaming\Code\User\globalStorage\vexrobotics.vexcode\sdk\cpp\V5\V5_20240802_15_00_00/vexv5\libv5rt.a(v5_startup.c.obj)
 *fill*         0x038077de        0x2 
 .rodata._ZN3vex6PORT20E
                0x038077e0        0x4 c:\Users\alber\AppData\Roaming\Code\User\globalStorage\vexrobotics.vexcode\sdk\cpp\V5\V5_20240802_15_00_00/vexv5\libv5rt.a(vex_global.cpp.obj)
                0x038077e0                vex::PORT20
 .rodata._ZN3vex3fwdE
                0x038077e4        0x4 c:\Users\alber\AppData\Roaming\Code\User\globalStorage\vexrobotics.vexcode\sdk\cpp\V5\V5_20240802_15_00_00/vexv5\libv5rt.a(vex_global.cpp.obj)
                0x038077e4                vex::fwd
 .rodata._ZN3vex5PORT3E
                0x038077e8        0x4 c:\Users\alber\AppData\Roaming\Code\User\globalStorage\vexrobotics.vexcode\sdk\cpp\V5\V5_20240802_15_00_00/vexv5\libv5rt.a(vex_global.cpp.obj)
                0x038077e8                vex::PORT3
 .rodata._ZN3vex5PORT1E
                0x038077ec        0x4 c:\Users\alber\AppData\Roaming\Code\User\globalStorage\vexrobotics.vexcode\sdk\cpp\V5\V5_20240802_15_00_00/vexv5\libv5rt.a(vex_global.cpp.obj)
                0x038077ec                vex::PORT1
 .rodata._ZN3vex4voltE
                0x038077f0        0x4 c:\Users\alber\AppData\Roaming\Code\User\globalStorage\vexrobotics.vexcode\sdk\cpp\V5\V5_20240802_15_00_00/vexv5\libv5rt.a(vex_global.cpp.obj)
                0x038077f0                vex::volt
 .rodata._ZN3vex6PORT10E
                0x038077f4        0x4 c:\Users\alber\AppData\Roaming\Code\User\globalStorage\vexrobotics.vexcode\sdk\cpp\V5\V5_20240802_15_00_00/vexv5\libv5rt.a(vex_global.cpp.obj)
                0x038077f4                vex::PORT10
 .rodata._ZN3vex5PORT5E
                0x038077f8        0x4 c:\Users\alber\AppData\Roaming\Code\User\globalStorage\vexrobotics.vexcode\sdk\cpp\V5\V5_20240802_15_00_00/vexv5\libv5rt.a(vex_global.cpp.obj)
                0x038077f8                vex::PORT5
 .rodata._ZN3vex5whiteE
                0x038077fc        0x4 c:\Users\alber\AppData\Roaming\Code\User\globalStorage\vexrobotics.vexcode\sdk\cpp\V5\V5_20240802_15_00_00/vexv5\libv5rt.a(vex_global.cpp.obj)
                0x038077fc                vex::white
 .rodata._ZN3vex3pctE
                0x03807800        0x4 c:\Users\alber\AppData\Roaming\Code\User\globalStorage\vexrobotics.vexcode\sdk\cpp\V5\V5_20240802_15_00_00/vexv5\libv5rt.a(vex_global.cpp.obj)
                0x03807800                vex::pct
 .rodata._ZN3vex3secE
                0x03807804        0x4 c:\Users\alber\AppData\Roaming\Code\User\globalStorage\vexrobotics.vexcode\sdk\cpp\V5\V5_20240802_15_00_00/vexv5\libv5rt.a(vex_global.cpp.obj)
                0x03807804                vex::sec
 .rodata._ZN3vex4msecE