Archive member included because of file (symbol)

c:\Users\alber\AppData\Roaming\Code\User\globalStorage\vexrobotics.vexcode\sdk\cpp\V5\V5_20240802_15_00_00/vexv5\libv5rt.a(v5_startup.c.obj)
                              (vexStartup)
c:\Users\alber\AppData\Roaming\Code\User\globalStorage\vexrobotics.vexcode\sdk\cpp\V5\V5_20240802_15_00_00/vexv5\libv5rt.a(v5_util.c.obj)
                              c:\Users\alber\AppData\Roaming\Code\User\globalStorage\vexrobotics.vexcode\sdk\cpp\V5\V5_20240802_15_00_00/vexv5\libv5rt.a(v5_startup.c.obj) (vexStdlibVersionLinked)
c:\Users\alber\AppData\Roaming\Code\User\globalStorage\vexrobotics.vexcode\sdk\cpp\V5\V5_20240802_15_00_00/vexv5\libv5rt.a(v5_apijump.c.obj)
                              c:\Users\alber\AppData\Roaming\Code\User\globalStorage\vexrobotics.vexcode\sdk\cpp\V5\V5_20240802_15_00_00/vexv5\libv5rt.a(v5_startup.c.obj) (vexPrivateApiEnable)
c:\Users\alber\AppData\Roaming\Code\User\globalStorage\vexrobotics.vexcode\sdk\cpp\V5\V5_20240802_15_00_00/vexv5\libv5rt.a(v5_apiversions.c.obj)
                              c:\Users\alber\AppData\Roaming\Code\User\globalStorage\vexrobotics.vexcode\sdk\cpp\V5\V5_20240802_15_00_00/vexv5\libv5rt.a(v5_apijump.c.obj) (vexSystemVersion)
c:\Users\alber\AppData\Roaming\Code\User\globalStorage\vexrobotics.vexcode\sdk\cpp\V5\V5_20240802_15_00_00/vexv5\libv5rt.a(vex_global.cpp.obj)
                              build/src/main.o (vex::wait(double, vex::timeUnits))
c:\Users\alber\AppData\Roaming\Code\User\globalStorage\vexrobotics.vexcode\sdk\cpp\V5\V5_20240802_15_00_00/vexv5\libv5rt.a(vex_motor.cpp.obj)
                              build/src/main.o (vex::motor::~motor())
c:\Users\alber\AppData\Roaming\Code\User\globalStorage\vexrobotics.vexcode\sdk\cpp\V5\V5_20240802_15_00_00/vexv5\libv5rt.a(vex_imu.cpp.obj)
                              build/src/JAR-Template/drive.o (vex::inertial::setRotation(double, vex::rotationUnits))
c:\Users\alber\AppData\Roaming\Code\User\globalStorage\vexrobotics.vexcode\sdk\cpp\V5\V5_20240802_15_00_00/vexv5\libv5rt.a(vex_rotation.cpp.obj)
                              build/src/main.o (vex::rotation::~rotation())
c:\Users\alber\AppData\Roaming\Code\User\globalStorage\vexrobotics.vexcode\sdk\cpp\V5\V5_20240802_15_00_00/vexv5\libv5rt.a(vex_distance.cpp.obj)
                              build/src/robot-config.o (vex::distance::~distance())
c:\Users\alber\AppData\Roaming\Code\User\globalStorage\vexrobotics.vexcode\sdk\cpp\V5\V5_20240802_15_00_00/vexv5\libv5rt.a(vex_controller.cpp.obj)
                              build/src/robot-config.o (vex::controller::~controller())
c:\Users\alber\AppData\Roaming\Code\User\globalStorage\vexrobotics.vexcode\sdk\cpp\V5\V5_20240802_15_00_00/vexv5\libv5rt.a(vex_task.cpp.obj)
                              build/src/JAR-Template/drive.o (vex::task::task())
c:\Users\alber\AppData\Roaming\Code\User\globalStorage\vexrobotics.vexcode\sdk\cpp\V5\V5_20240802_15_00_00/vexv5\libv5rt.a(vex_thread.cpp.obj)
                              build/src/Autos/autons.o (vex::this_thread::sleep_for(unsigned long))
c:\Users\alber\AppData\Roaming\Code\User\globalStorage\vexrobotics.vexcode\sdk\cpp\V5\V5_20240802_15_00_00/vexv5\libv5rt.a(vex_event.cpp.obj)
                              c:\Users\alber\AppData\Roaming\Code\User\globalStorage\vexrobotics.vexcode\sdk\cpp\V5\V5_20240802_15_00_00/vexv5\libv5rt.a(vex_imu.cpp.obj) (vex::event::init(unsigned long, unsigned long, void (*)()))
c:\Users\alber\AppData\Roaming\Code\User\globalStorage\vexrobotics.vexcode\sdk\cpp\V5\V5_20240802_15_00_00/vexv5\libv5rt.a(vex_mevent.cpp.obj)
                              c:\Users\alber\AppData\Roaming\Code\User\globalStorage\vexrobotics.vexcode\sdk\cpp\V5\V5_20240802_15_00_00/vexv5\libv5rt.a(vex_controller.cpp.obj) (vex::mevent::mevent(unsigned long, unsigned long))
c:\Users\alber\AppData\Roaming\Code\User\globalStorage\vexrobotics.vexcode\sdk\cpp\V5\V5_20240802_15_00_00/vexv5\libv5rt.a(vex_brain.cpp.obj)
                              build/src/main.o (vex::brain::lcd::setCursor(long, long))
c:\Users\alber\AppData\Roaming\Code\User\globalStorage\vexrobotics.vexcode\sdk\cpp\V5\V5_20240802_15_00_00/vexv5\libv5rt.a(vex_competition.cpp.obj)
                              build/src/main.o (vex::competition::competition())
c:\Users\alber\AppData\Roaming\Code\User\globalStorage\vexrobotics.vexcode\sdk\cpp\V5\V5_20240802_15_00_00/vexv5\libv5rt.a(vex_triport.cpp.obj)
                              build/src/main.o (vex::triport::~triport())
c:\Users\alber\AppData\Roaming\Code\User\globalStorage\vexrobotics.vexcode\sdk\cpp\V5\V5_20240802_15_00_00/vexv5\libv5rt.a(vex_color.cpp.obj)
                              c:\Users\alber\AppData\Roaming\Code\User\globalStorage\vexrobotics.vexcode\sdk\cpp\V5\V5_20240802_15_00_00/vexv5\libv5rt.a(vex_brain.cpp.obj) (vex::color::operator unsigned long() const)
[...]
Memory Configuration

Name             Origin             Length             Attributes
ps7_ddr_0_S_AXI_BASEADDR 0x03800000         0x04800000
*default*        0x00000000         0xffffffff

Linker script and memory map

                0x00002000                _STACK_SIZE = DEFINED (_STACK_SIZE)?_STACK_SIZE:0x2000
                0x00100000                _HEAP_SIZE = DEFINED (_HEAP_SIZE)?_HEAP_SIZE:0x100000
                0x00000400                _ABORT_STACK_SIZE = DEFINED (_ABORT_STACK_SIZE)?_ABORT_STACK_SIZE:0x400
                0x00000800                _SUPERVISOR_STACK_SIZE = DEFINED (_SUPERVISOR_STACK_SIZE)?_SUPERVISOR_STACK_SIZE:0x800
                0x00000400                _IRQ_STACK_SIZE = DEFINED (_IRQ_STACK_SIZE)?_IRQ_STACK_SIZE:0x400
                0x00000400                _FIQ_STACK_SIZE = DEFINED (_FIQ_STACK_SIZE)?_FIQ_STACK_SIZE:0x400
                0x00000400                _UNDEF_STACK_SIZE = DEFINED (_UNDEF_STACK_SIZE)?_UNDEF_STACK_SIZE:0x400

.text           0x03800000     0x6e78
 *(.vectors)
 *(.boot_data)
 .boot_data     0x03800000       0x20 c:\Users\alber\AppData\Roaming\Code\User\globalStorage\vexrobotics.vexcode\sdk\cpp\V5\V5_20240802_15_00_00/vexv5\libv5rt.a(v5_startup.c.obj)
                0x03800000                vexCodeSig
                0x00000020                . = 0x20
 *(.boot)
 .boot          0x03800020       0xbc c:\Users\alber\AppData\Roaming\Code\User\globalStorage\vexrobotics.vexcode\sdk\cpp\V5\V5_20240802_15_00_00/vexv5\libv5rt.a(v5_startup.c.obj)
                0x03800020                vexStartup
                0x03800100                . = ALIGN (0x40)
 *fill*         0x038000dc       0x24 
 *(.freertos_vectors)
 *(.text)
 *(.text.*)
 .text._ZN3vex11motor_groupC2IJNS_5motorES2_EEERS2_DpRT_
                0x03800100       0x44 build/src/main.o
                0x03800100                vex::motor_group::motor_group<vex::motor, vex::motor>(vex::motor&, vex::motor&, vex::motor&)
 .text._ZN5DriveD2Ev
                0x03800144       0x7c build/src/main.o
                0x03800144                Drive::~Drive()
 .text._Z13printOdomTaskv
                0x038001c0       0x84 build/src/main.o
                0x038001c0                printOdomTask()
 .text._Z9pre_autonv
                0x03800244      0x140 build/src/main.o
                0x03800244                pre_auton()
 .text._Z10autonomousv
                0x03800384       0x3c build/src/main.o
                0x03800384                autonomous()
 .text._Z11usercontrolv
                0x038003c0      0x210 build/src/main.o
                0x038003c0                usercontrol()
 .text.main     0x038005d0       0x68 build/src/main.o
                0x038005d0                main
 .text._GLOBAL__sub_I_main.cpp
                0x03800638      0x184 build/src/main.o
 .text._Z23updateControllerDisplayv
                0x038007bc      0x1a4 build/src/pid-tuning.o
                0x038007bc                updateControllerDisplay()
 .text._Z12pidTestDrivev
                0x03800960       0xd8 build/src/pid-tuning.o
                0x03800960                pidTestDrive()
 .text._Z23handlePidTuningControlsv
                0x03800a38      0x3b4 build/src/pid-tuning.o
                0x03800a38                handlePidTuningControls()
 .text._Z11vexcodeInitv
                0x03800dec        0x4 build/src/robot-config.o
                0x03800dec                vexcodeInit()
 .text._GLOBAL__sub_I_robot_config.cpp
                0x03800df0      0x3e8 build/src/robot-config.o
 .text._ZN10subsystems11toggleWingsEv
                0x038011d8       0x28 build/src/subsystems.o
                0x038011d8                subsystems::toggleWings()
 .text._ZN10subsystems13toggleDescoreEv
                0x03801200       0x28 build/src/subsystems.o
                0x03801200                subsystems::toggleDescore()
 .text._ZN10subsystems4initEv
                0x03801228       0x34 build/src/subsystems.o
                0x03801228                subsystems::init()
 .text._GLOBAL__sub_I_subsystems.cpp
                0x0380125c       0x8c build/src/subsystems.o
 .text._Z11GoalWrapperv
                0x038012e8       0xe0 build/src/Autos/autons.o
                0x038012e8                GoalWrapper()
 .text._Z13MidGoalTogglev
                0x038013c8       0x10 build/src/Autos/autons.o
                0x038013c8                MidGoalToggle()
 .text._Z6SKILLSv
                0x038013d8      0x900 build/src/Autos/autons.o
                0x038013d8                SKILLS()
 .text._Z17default_constantsv
                0x03801cd8      0x114 build/src/Autos/autonUtil.o
                0x03801cd8                default_constants()
 .text._Z15delayedCallTaskPv
                0x03801dec       0x34 build/src/Autos/autonUtil.o
                0x03801dec                delayedCallTask(void*)
 .text._Z11delayedCallPFvvEi
                0x03801e20       0x40 build/src/Autos/autonUtil.o
                0x03801e20                delayedCall(void (*)(), int)
 .text._Z13drive_to_wallfffffb
                0x03801e60      0x2b8 build/src/Autos/autonUtil.o
                0x03801e60                drive_to_wall(float, float, float, float, float, bool)
 .text._Z15reduce_0_to_360f
                0x03802118       0x7c build/src/JAR-Template/util.o
                0x03802118                reduce_0_to_360(float)
 .text._Z26reduce_negative_180_to_180f
                0x03802194       0x90 build/src/JAR-Template/util.o
                0x03802194                reduce_negative_180_to_180(float)
 .text._Z24reduce_negative_90_to_90f
                0x03802224       0x90 build/src/JAR-Template/util.o
                0x03802224                reduce_negative_90_to_90(float)
 *fill*         0x038022b4        0x4 
 .text._Z6to_radf
                0x038022b8       0x28 build/src/JAR-Template/util.o
                0x038022b8                to_rad(float)
 .text._Z6to_degf
                0x038022e0       0x28 build/src/JAR-Template/util.o
                0x038022e0                to_deg(float)
 .text._Z5clampfff
                0x03802308       0x2c build/src/JAR-Template/util.o
                0x03802308                clamp(float, float, float)
 .text._Z11is_reversedd
                0x03802334       0x18 build/src/JAR-Template/util.o
                0x03802334                is_reversed(double)
 *fill*         0x0380234c        0x4 
 .text._Z7to_voltf
                0x03802350       0x30 build/src/JAR-Template/util.o
                0x03802350                to_volt(float)
 .text._Z7to_porti
                0x03802380       0x10 build/src/JAR-Template/util.o
                0x03802380                to_port(int)
 .text._Z8deadbandff
                0x03802390       0x28 build/src/JAR-Template/util.o
                0x03802390                deadband(float, float)
 .text._Z15is_line_settledfffff
                0x038023b8       0xa8 build/src/JAR-Template/util.o
                0x038023b8                is_line_settled(float, float, float, float, float)
 .text._Z20left_voltage_scalingff
                0x03802460       0x48 build/src/JAR-Template/util.o
                0x03802460                left_voltage_scaling(float, float)
 .text._Z21right_voltage_scalingff
                0x038024a8       0x48 build/src/JAR-Template/util.o
                0x038024a8                right_voltage_scaling(float, float)
 .text._Z17clamp_min_voltageff
                0x038024f0       0x4c build/src/JAR-Template/util.o
                0x038024f0                clamp_min_voltage(float, float)
 .text._ZN4Odom22set_physical_distancesEff
                0x0380253c        0x8 build/src/JAR-Template/odom.o
                0x0380253c                Odom::set_physical_distances(float, float)
 .text._ZN4Odom12set_positionEfffff
                0x03802544       0x1c build/src/JAR-Template/odom.o
                0x03802544                Odom::set_position(float, float, float, float, float)
 .text._ZN4Odom15update_positionEfff
                0x03802560      0x1a4 build/src/JAR-Template/odom.o
                0x03802560                Odom::update_position(float, float, float)
 *fill*         0x03802704        0x4 
 .text._ZN5DriveC2E11drive_setupN3vex11motor_groupES2_ifffiiiiiffiff
                0x03802708      0x268 build/src/JAR-Template/drive.o
                0x03802708                Drive::Drive(drive_setup, vex::motor_group, vex::motor_group, int, float, float, float, int, int, int, int, int, float, float, int, float, float)
                0x03802708                Drive::Drive(drive_setup, vex::motor_group, vex::motor_group, int, float, float, float, int, int, int, int, int, float, float, int, float, float)
 .text._ZN5Drive18drive_with_voltageEff
                0x03802970       0x6c build/src/JAR-Template/drive.o
                0x03802970                Drive::drive_with_voltage(float, float)
 .text._ZN5Drive18set_turn_constantsEfffff
                0x038029dc       0x1c build/src/JAR-Template/drive.o
                0x038029dc                Drive::set_turn_constants(float, float, float, float, float)
 .text._ZN5Drive19set_drive_constantsEfffff
                0x038029f8       0x1c build/src/JAR-Template/drive.o
                0x038029f8                Drive::set_drive_constants(float, float, float, float, float)
 .text._ZN5Drive21set_heading_constantsEfffff
                0x03802a14       0x1c build/src/JAR-Template/drive.o
                0x03802a14                Drive::set_heading_constants(float, float, float, float, float)
 .text._ZN5Drive19set_swing_constantsEfffff
                0x03802a30       0x1c build/src/JAR-Template/drive.o
                0x03802a30                Drive::set_swing_constants(float, float, float, float, float)
 .text._ZN5Drive24set_turn_exit_conditionsEfff
                0x03802a4c        0xc build/src/JAR-Template/drive.o
                0x03802a4c                Drive::set_turn_exit_conditions(float, float, float)
 .text._ZN5Drive25set_drive_exit_conditionsEfff
                0x03802a58        0xc build/src/JAR-Template/drive.o
                0x03802a58                Drive::set_drive_exit_conditions(float, float, float)
 .text._ZN5Drive25set_swing_exit_conditionsEfff
                0x03802a64        0xc build/src/JAR-Template/drive.o
                0x03802a64                Drive::set_swing_exit_conditions(float, float, float)
 .text._ZN5Drive20get_absolute_headingEv
                0x03802a70       0x48 build/src/JAR-Template/drive.o
                0x03802a70                Drive::get_absolute_heading()
 .text._ZN5Drive20get_left_position_inEv
                0x03802ab8       0x3c build/src/JAR-Template/drive.o
                0x03802ab8                Drive::get_left_position_in()
 .text._ZN5Drive21get_right_position_inEv
                0x03802af4       0x3c build/src/JAR-Template/drive.o
                0x03802af4                Drive::get_right_position_in()
 .text._ZN5Drive13turn_to_angleEf
                0x03802b30       0x50 build/src/JAR-Template/drive.o
                0x03802b30                Drive::turn_to_angle(float)
 .text._ZN5Drive13turn_to_angleEfffffffff
                0x03802b80      0x150 build/src/JAR-Template/drive.o
                0x03802b80                Drive::turn_to_angle(float, float, float, float, float, float, float, float, float)
 .text._ZN5Drive14drive_distanceEf
                0x03802cd0       0xc8 build/src/JAR-Template/drive.o
                0x03802cd0                Drive::drive_distance(float)
 .text._ZN5Drive14drive_distanceEfffffffffffffff
                0x03802d98      0x2c0 build/src/JAR-Template/drive.o
                0x03802d98                Drive::drive_distance(float, float, float, float, float, float, float, float, float, float, float, float, float, float, float)
 .text._ZN5Drive27get_ForwardTracker_positionEv
                0x03803058       0xa0 build/src/JAR-Template/drive.o
                0x03803058                Drive::get_ForwardTracker_position()
 .text._ZN5Drive28get_SidewaysTracker_positionEv
                0x038030f8       0x88 build/src/JAR-Template/drive.o
                0x038030f8                Drive::get_SidewaysTracker_position()
 .text._ZN5Drive14position_trackEv
                0x03803180       0x88 build/src/JAR-Template/drive.o
                0x03803180                Drive::position_track()
 .text._ZN5Drive15set_coordinatesEfff
                0x03803208       0xb0 build/src/JAR-Template/drive.o
                0x03803208                Drive::set_coordinates(float, float, float)
 .text._ZN5Drive19position_track_taskEv
                0x038032b8       0x14 build/src/JAR-Template/drive.o
                0x038032b8                Drive::position_track_task()
 .text._ZN5Drive14get_X_positionEv
                0x038032cc        0x8 build/src/JAR-Template/drive.o
                0x038032cc                Drive::get_X_position()
 .text._ZN5Drive14get_Y_positionEv
                0x038032d4        0x8 build/src/JAR-Template/drive.o
                0x038032d4                Drive::get_Y_position()
 .text._ZN5Drive14drive_to_pointEff
                0x038032dc       0x80 build/src/JAR-Template/drive.o
                0x038032dc                Drive::drive_to_point(float, float)
 *fill*         0x0380335c        0x4 
 .text._ZN5Drive14drive_to_pointEffffffffffffffff
                0x03803360      0x36c build/src/JAR-Template/drive.o
                0x03803360                Drive::drive_to_point(float, float, float, float, float, float, float, float, float, float, float, float, float, float, float, float)
 .text._ZN5Drive13turn_to_pointEff
                0x038036cc       0x5c build/src/JAR-Template/drive.o
                0x038036cc                Drive::turn_to_point(float, float)
 .text._ZN5Drive13turn_to_pointEfffffffffff
                0x03803728      0x1d0 build/src/JAR-Template/drive.o
                0x03803728                Drive::turn_to_point(float, float, float, float, float, float, float, float, float, float, float)
 .text._ZN5Drive14control_arcadeEv
                0x038038f8      0x114 build/src/JAR-Template/drive.o
                0x038038f8                Drive::control_arcade()
 .text._ZN3PIDC2Efffff
                0x03803a0c       0x38 build/src/JAR-Template/PID.o
                0x03803a0c                PID::PID(float, float, float, float, float)
                0x03803a0c                PID::PID(float, float, float, float, float)
 .text._ZN3PIDC2Effffffff
                0x03803a44       0x50 build/src/JAR-Template/PID.o
                0x03803a44                PID::PID(float, float, float, float, float, float, float, float)
                0x03803a44                PID::PID(float, float, float, float, float, float, float, float)
 .text._ZN3PID7computeEf
                0x03803a94       0xd0 build/src/JAR-Template/PID.o
                0x03803a94                PID::compute(float)
 .text._ZN3PID10is_settledEv
                0x03803b64       0x44 build/src/JAR-Template/PID.o
                0x03803b64                PID::is_settled()
 .text.vexMain  0x03803ba8       0xb0 c:\Users\alber\AppData\Roaming\Code\User\globalStorage\vexrobotics.vexcode\sdk\cpp\V5\V5_20240802_15_00_00/vexv5\libv5rt.a(v5_startup.c.obj)
                0x03803ba8                vexMain
 .text.__vex_function_prolog
                0x03803c58       0x18 c:\Users\alber\AppData\Roaming\Code\User\globalStorage\vexrobotics.vexcode\sdk\cpp\V5\V5_20240802_15_00_00/vexv5\libv5rt.a(v5_startup.c.obj)
                0x03803c58                __vex_function_prolog
 .text._init    0x03803c70        0x4 c:\Users\alber\AppData\Roaming\Code\User\globalStorage\vexrobotics.vexcode\sdk\cpp\V5\V5_20240802_15_00_00/vexv5\libv5rt.a(v5_startup.c.obj)
                0x03803c70                _init
 .text._fini    0x03803c74        0x4 c:\Users\alber\AppData\Roaming\Code\User\globalStorage\vexrobotics.vexcode\sdk\cpp\V5\V5_20240802_15_00_00/vexv5\libv5rt.a(v5_startup.c.obj)
                0x03803c74                _fini
 .text.vexStdlibVersionLinked
                0x03803c78        0xc c:\Users\alber\AppData\Roaming\Code\User\globalStorage\vexrobotics.vexcode\sdk\cpp\V5\V5_20240802_15_00_00/vexv5\libv5rt.a(v5_util.c.obj)
                0x03803c78                vexStdlibVersionLinked
 .text.vexStdlibVersionVerify
                0x03803c84       0x30 c:\Users\alber\AppData\Roaming\Code\User\globalStorage\vexrobotics.vexcode\sdk\cpp\V5\V5_20240802_15_00_00/vexv5\libv5rt.a(v5_util.c.obj)
                0x03803c84                vexStdlibVersionVerify
 .text.vexPrivateApiEnable
                0x03803cb4       0x10 c:\Users\alber\AppData\Roaming\Code\User\globalStorage\vexrobotics.vexcode\sdk\cpp\V5\V5_20240802_15_00_00/vexv5\libv5rt.a(v5_apijump.c.obj)
                0x03803cb4                vexPrivateApiEnable
 .text.vexStdlibMismatchError
                0x03803cc4       0x3c c:\Users\alber\AppData\Roaming\Code\User\globalStorage\vexrobotics.vexcode\sdk\cpp\V5\V5_20240802_15_00_00/vexv5\libv5rt.a(v5_apijump.c.obj)
                0x03803cc4                vexStdlibMismatchError
 .text.vexTaskAdd
                0x03803d00       0x10 c:\Users\alber\AppData\Roaming\Code\User\globalStorage\vexrobotics.vexcode\sdk\cpp\V5\V5_20240802_15_00_00/vexv5\libv5rt.a(v5_apijump.c.obj)
                0x03803d00                vexTaskAdd
 .text.vexTasksRun
                0x03803d10       0x10 c:\Users\alber\AppData\Roaming\Code\User\globalStorage\vexrobotics.vexcode\sdk\cpp\V5\V5_20240802_15_00_00/vexv5\libv5rt.a(v5_apijump.c.obj)
                0x03803d10                vexTasksRun
 .text.vexTaskYield
                0x03803d20       0x10 c:\Users\alber\AppData\Roaming\Code\User\globalStorage\vexrobotics.vexcode\sdk\cpp\V5\V5_20240802_15_00_00/vexv5\libv5rt.a(v5_apijump.c.obj)
                0x03803d20                vexTaskYield
 .text.vexTaskCheckTimeslice
                0x03803d30       0x10 c:\Users\alber\AppData\Roaming\Code\User\globalStorage\vexrobotics.vexcode\sdk\cpp\V5\V5_20240802_15_00_00/vexv5\libv5rt.a(v5_apijump.c.obj)
                0x03803d30                vexTaskCheckTimeslice
 .text.vexTaskGetIndex
                0x03803d40       0x10 c:\Users\alber\AppData\Roaming\Code\User\globalStorage\vexrobotics.vexcode\sdk\cpp\V5\V5_20240802_15_00_00/vexv5\libv5rt.a(v5_apijump.c.obj)
                0x03803d40                vexTaskGetIndex
 .text.vexTaskSleep
                0x03803d50       0x10 c:\Users\alber\AppData\Roaming\Code\User\globalStorage\vexrobotics.vexcode\sdk\cpp\V5\V5_20240802_15_00_00/vexv5\libv5rt.a(v5_apijump.c.obj)
                0x03803d50                vexTaskSleep
 .text.vexTasksDump
                0x03803d60       0x1c c:\Users\alber\AppData\Roaming\Code\User\globalStorage\vexrobotics.vexcode\sdk\cpp\V5\V5_20240802_15_00_00/vexv5\libv5rt.a(v5_apijump.c.obj)
                0x03803d60                vexTasksDump
 .text.vexTaskGetTaskIndex
                0x03803d7c       0x10 c:\Users\alber\AppData\Roaming\Code\User\globalStorage\vexrobotics.vexcode\sdk\cpp\V5\V5_20240802_15_00_00/vexv5\libv5rt.a(v5_apijump.c.obj)
                0x03803d7c                vexTaskGetTaskIndex
 .text.vexTaskStopAll
                0x03803d8c       0x10 c:\Users\alber\AppData\Roaming\Code\User\globalStorage\vexrobotics.vexcode\sdk\cpp\V5\V5_20240802_15_00_00/vexv5\libv5rt.a(v5_apijump.c.obj)
                0x03803d8c                vexTaskStopAll
 .text.vexTaskRemoveAllUser
                0x03803d9c       0x34 c:\Users\alber\AppData\Roaming\Code\User\globalStorage\vexrobotics.vexcode\sdk\cpp\V5\V5_20240802_15_00_00/vexv5\libv5rt.a(v5_apijump.c.obj)
                0x03803d9c                vexTaskRemoveAllUser
 .text.vexTaskCompletionIdSet
                0x03803dd0       0x10 c:\Users\alber\AppData\Roaming\Code\User\globalStorage\vexrobotics.vexcode\sdk\cpp\V5\V5_20240802_15_00_00/vexv5\libv5rt.a(v5_apijump.c.obj)
                0x03803dd0                vexTaskCompletionIdSet
 .text.vexTaskAddWithArg
                0x03803de0       0x10 c:\Users\alber\AppData\Roaming\Code\User\globalStorage\vexrobotics.vexcode\sdk\cpp\V5\V5_20240802_15_00_00/vexv5\libv5rt.a(v5_apijump.c.obj)
                0x03803de0                vexTaskAddWithArg
 .text.vexTaskStopWithId
                0x03803df0       0x10 c:\Users\alber\AppData\Roaming\Code\User\globalStorage\vexrobotics.vexcode\sdk\cpp\V5\V5_20240802_15_00_00/vexv5\libv5rt.a(v5_apijump.c.obj)
                0x03803df0                vexTaskStopWithId
 .text.vexTaskGetCallbackAndId
                0x03803e00       0x54 c:\Users\alber\AppData\Roaming\Code\User\globalStorage\vexrobotics.vexcode\sdk\cpp\V5\V5_20240802_15_00_00/vexv5\libv5rt.a(v5_apijump.c.obj)
                0x03803e00                vexTaskGetCallbackAndId
 .text.vexCriticalSection
                0x03803e54       0x2c c:\Users\alber\AppData\Roaming\Code\User\globalStorage\vexrobotics.vexcode\sdk\cpp\V5\V5_20240802_15_00_00/vexv5\libv5rt.a(v5_apijump.c.obj)
                0x03803e54                vexCriticalSection
 .text.vexEventAdd
                0x03803e80       0x34 c:\Users\alber\AppData\Roaming\Code\User\globalStorage\vexrobotics.vexcode\sdk\cpp\V5\V5_20240802_15_00_00/vexv5\libv5rt.a(v5_apijump.c.obj)
                0x03803e80                vexEventAdd
 .text.vexEventUserIndexGet
                0x03803eb4       0x1c c:\Users\alber\AppData\Roaming\Code\User\globalStorage\vexrobotics.vexcode\sdk\cpp\V5\V5_20240802_15_00_00/vexv5\libv5rt.a(v5_apijump.c.obj)
                0x03803eb4                vexEventUserIndexGet
 .text.vexEventAddWithArg
                0x03803ed0       0x3c c:\Users\alber\AppData\Roaming\Code\User\globalStorage\vexrobotics.vexcode\sdk\cpp\V5\V5_20240802_15_00_00/vexv5\libv5rt.a(v5_apijump.c.obj)
                0x03803ed0                vexEventAddWithArg
 .text.vexEventsCleanup
                0x03803f0c       0x2c c:\Users\alber\AppData\Roaming\Code\User\globalStorage\vexrobotics.vexcode\sdk\cpp\V5\V5_20240802_15_00_00/vexv5\libv5rt.a(v5_apijump.c.obj)
                0x03803f0c                vexEventsCleanup
 .text.vexDebug
                0x03803f38       0x38 c:\Users\alber\AppData\Roaming\Code\User\globalStorage\vexrobotics.vexcode\sdk\cpp\V5\V5_20240802_15_00_00/vexv5\libv5rt.a(v5_apijump.c.obj)
                0x03803f38                vexDebug
 .text.vex_sprintf
                0x03803f70       0x40 c:\Users\alber\AppData\Roaming\Code\User\globalStorage\vexrobotics.vexcode\sdk\cpp\V5\V5_20240802_15_00_00/vexv5\libv5rt.a(v5_apijump.c.obj)
                0x03803f70                vex_sprintf
 .text.vex_vsnprintf
                0x03803fb0       0x3c c:\Users\alber\AppData\Roaming\Code\User\globalStorage\vexrobotics.vexcode\sdk\cpp\V5\V5_20240802_15_00_00/vexv5\libv5rt.a(v5_apijump.c.obj)
                0x03803fb0                vex_vsnprintf
 .text.vexSystemTimeGet
                0x03803fec       0x1c c:\Users\alber\AppData\Roaming\Code\User\globalStorage\vexrobotics.vexcode\sdk\cpp\V5\V5_20240802_15_00_00/vexv5\libv5rt.a(v5_apijump.c.obj)
                0x03803fec                vexSystemTimeGet
 .text.vexSystemExitRequest
                0x03804008       0x1c c:\Users\alber\AppData\Roaming\Code\User\globalStorage\vexrobotics.vexcode\sdk\cpp\V5\V5_20240802_15_00_00/vexv5\libv5rt.a(v5_apijump.c.obj)
                0x03804008                vexSystemExitRequest
 .text.vexDeviceGetByIndex
                0x03804024       0x24 c:\Users\alber\AppData\Roaming\Code\User\globalStorage\vexrobotics.vexcode\sdk\cpp\V5\V5_20240802_15_00_00/vexv5\libv5rt.a(v5_apijump.c.obj)
                0x03804024                vexDeviceGetByIndex
 .text.vexControllerGet
                0x03804048       0x2c c:\Users\alber\AppData\Roaming\Code\User\globalStorage\vexrobotics.vexcode\sdk\cpp\V5\V5_20240802_15_00_00/vexv5\libv5rt.a(v5_apijump.c.obj)
                0x03804048                vexControllerGet
 .text.vexControllerTextSet
                0x03804074       0x74 c:\Users\alber\AppData\Roaming\Code\User\globalStorage\vexrobotics.vexcode\sdk\cpp\V5\V5_20240802_15_00_00/vexv5\libv5rt.a(v5_apijump.c.obj)
                0x03804074                vexControllerTextSet
 .text.vexDeviceAdiPortConfigSet
                0x038040e8       0x34 c:\Users\alber\AppData\Roaming\Code\User\globalStorage\vexrobotics.vexcode\sdk\cpp\V5\V5_20240802_15_00_00/vexv5\libv5rt.a(v5_apijump.c.obj)
                0x038040e8                vexDeviceAdiPortConfigSet
 .text.vexDeviceAdiPortConfigGet
                0x0380411c       0x2c c:\Users\alber\AppData\Roaming\Code\User\globalStorage\vexrobotics.vexcode\sdk\cpp\V5\V5_20240802_15_00_00/vexv5\libv5rt.a(v5_apijump.c.obj)
                0x0380411c                vexDeviceAdiPortConfigGet
 .text.vexDeviceAdiValueSet
                0x03804148       0x34 c:\Users\alber\AppData\Roaming\Code\User\globalStorage\vexrobotics.vexcode\sdk\cpp\V5\V5_20240802_15_00_00/vexv5\libv5rt.a(v5_apijump.c.obj)
                0x03804148                vexDeviceAdiValueSet
 .text.vexDeviceAdiValueGet
                0x0380417c       0x2c c:\Users\alber\AppData\Roaming\Code\User\globalStorage\vexrobotics.vexcode\sdk\cpp\V5\V5_20240802_15_00_00/vexv5\libv5rt.a(v5_apijump.c.obj)
                0x0380417c                vexDeviceAdiValueGet
 .text.vexDeviceMotorVelocitySet
                0x038041a8       0x2c c:\Users\alber\AppData\Roaming\Code\User\globalStorage\vexrobotics.vexcode\sdk\cpp\V5\V5_20240802_15_00_00/vexv5\libv5rt.a(v5_apijump.c.obj)
                0x038041a8                vexDeviceMotorVelocitySet
 .text.vexDeviceMotorVoltageSet
                0x038041d4       0x2c c:\Users\alber\AppData\Roaming\Code\User\globalStorage\vexrobotics.vexcode\sdk\cpp\V5\V5_20240802_15_00_00/vexv5\libv5rt.a(v5_apijump.c.obj)
                0x038041d4                vexDeviceMotorVoltageSet
 .text.vexDeviceMotorActualVelocityGet
                0x03804200       0x24 c:\Users\alber\AppData\Roaming\Code\User\globalStorage\vexrobotics.vexcode\sdk\cpp\V5\V5_20240802_15_00_00/vexv5\libv5rt.a(v5_apijump.c.obj)
                0x03804200                vexDeviceMotorActualVelocityGet
 .text.vexDeviceMotorCurrentLimitSet
                0x03804224       0x2c c:\Users\alber\AppData\Roaming\Code\User\globalStorage\vexrobotics.vexcode\sdk\cpp\V5\V5_20240802_15_00_00/vexv5\libv5rt.a(v5_apijump.c.obj)
                0x03804224                vexDeviceMotorCurrentLimitSet
 .text.vexDeviceMotorReverseFlagSet
                0x03804250       0x2c c:\Users\alber\AppData\Roaming\Code\User\globalStorage\vexrobotics.vexcode\sdk\cpp\V5\V5_20240802_15_00_00/vexv5\libv5rt.a(v5_apijump.c.obj)
                0x03804250                vexDeviceMotorReverseFlagSet
 .text.vexDeviceMotorEncoderUnitsSet
                0x0380427c       0x2c c:\Users\alber\AppData\Roaming\Code\User\globalStorage\vexrobotics.vexcode\sdk\cpp\V5\V5_20240802_15_00_00/vexv5\libv5rt.a(v5_apijump.c.obj)
                0x0380427c                vexDeviceMotorEncoderUnitsSet
 .text.vexDeviceMotorBrakeModeSet
                0x038042a8       0x2c c:\Users\alber\AppData\Roaming\Code\User\globalStorage\vexrobotics.vexcode\sdk\cpp\V5\V5_20240802_15_00_00/vexv5\libv5rt.a(v5_apijump.c.obj)
                0x038042a8                vexDeviceMotorBrakeModeSet
 .text.vexDeviceMotorPositionSet
                0x038042d4       0x34 c:\Users\alber\AppData\Roaming\Code\User\globalStorage\vexrobotics.vexcode\sdk\cpp\V5\V5_20240802_15_00_00/vexv5\libv5rt.a(v5_apijump.c.obj)
                0x038042d4                vexDeviceMotorPositionSet
 .text.vexDeviceMotorPositionGet
                0x03804308       0x24 c:\Users\alber\AppData\Roaming\Code\User\globalStorage\vexrobotics.vexcode\sdk\cpp\V5\V5_20240802_15_00_00/vexv5\libv5rt.a(v5_apijump.c.obj)
                0x03804308                vexDeviceMotorPositionGet
 .text.vexDeviceMotorGearingSet
                0x0380432c       0x2c c:\Users\alber\AppData\Roaming\Code\User\globalStorage\vexrobotics.vexcode\sdk\cpp\V5\V5_20240802_15_00_00/vexv5\libv5rt.a(v5_apijump.c.obj)
                0x0380432c                vexDeviceMotorGearingSet
 .text.vexDeviceMotorGearingGet
                0x03804358       0x24 c:\Users\alber\AppData\Roaming\Code\User\globalStorage\vexrobotics.vexcode\sdk\cpp\V5\V5_20240802_15_00_00/vexv5\libv5rt.a(v5_apijump.c.obj)
                0x03804358                vexDeviceMotorGearingGet
 .text.vexDeviceImuReset
                0x0380437c       0x24 c:\Users\alber\AppData\Roaming\Code\User\globalStorage\vexrobotics.vexcode\sdk\cpp\V5\V5_20240802_15_00_00/vexv5\libv5rt.a(v5_apijump.c.obj)
                0x0380437c                vexDeviceImuReset
 .text.vexDeviceImuHeadingGet
                0x038043a0       0x24 c:\Users\alber\AppData\Roaming\Code\User\globalStorage\vexrobotics.vexcode\sdk\cpp\V5\V5_20240802_15_00_00/vexv5\libv5rt.a(v5_apijump.c.obj)
                0x038043a0                vexDeviceImuHeadingGet
 .text.vexDeviceImuDegreesGet
                0x038043c4       0x24 c:\Users\alber\AppData\Roaming\Code\User\globalStorage\vexrobotics.vexcode\sdk\cpp\V5\V5_20240802_15_00_00/vexv5\libv5rt.a(v5_apijump.c.obj)
                0x038043c4                vexDeviceImuDegreesGet
 .text.vexDeviceImuStatusGet
                0x038043e8       0x24 c:\Users\alber\AppData\Roaming\Code\User\globalStorage\vexrobotics.vexcode\sdk\cpp\V5\V5_20240802_15_00_00/vexv5\libv5rt.a(v5_apijump.c.obj)
                0x038043e8                vexDeviceImuStatusGet
 .text.vexDeviceAbsEncPositionGet
                0x0380440c       0x24 c:\Users\alber\AppData\Roaming\Code\User\globalStorage\vexrobotics.vexcode\sdk\cpp\V5\V5_20240802_15_00_00/vexv5\libv5rt.a(v5_apijump.c.obj)
                0x0380440c                vexDeviceAbsEncPositionGet
 .text.vexDeviceAbsEncAngleGet
                0x03804430       0x24 c:\Users\alber\AppData\Roaming\Code\User\globalStorage\vexrobotics.vexcode\sdk\cpp\V5\V5_20240802_15_00_00/vexv5\libv5rt.a(v5_apijump.c.obj)
                0x03804430                vexDeviceAbsEncAngleGet
 .text.vexDeviceAbsEncReverseFlagSet
                0x03804454       0x2c c:\Users\alber\AppData\Roaming\Code\User\globalStorage\vexrobotics.vexcode\sdk\cpp\V5\V5_20240802_15_00_00/vexv5\libv5rt.a(v5_apijump.c.obj)
                0x03804454                vexDeviceAbsEncReverseFlagSet
 .text.vexDeviceDistanceDistanceGet
                0x03804480       0x24 c:\Users\alber\AppData\Roaming\Code\User\globalStorage\vexrobotics.vexcode\sdk\cpp\V5\V5_20240802_15_00_00/vexv5\libv5rt.a(v5_apijump.c.obj)
                0x03804480                vexDeviceDistanceDistanceGet
 .text.vexDisplayForegroundColor
                0x038044a4       0x24 c:\Users\alber\AppData\Roaming\Code\User\globalStorage\vexrobotics.vexcode\sdk\cpp\V5\V5_20240802_15_00_00/vexv5\libv5rt.a(v5_apijump.c.obj)
                0x038044a4                vexDisplayForegroundColor
 .text.vexDisplayBackgroundColor
                0x038044c8       0x24 c:\Users\alber\AppData\Roaming\Code\User\globalStorage\vexrobotics.vexcode\sdk\cpp\V5\V5_20240802_15_00_00/vexv5\libv5rt.a(v5_apijump.c.obj)
                0x038044c8                vexDisplayBackgroundColor
 .text.vexDisplayBackgroundColorGet
                0x038044ec       0x1c c:\Users\alber\AppData\Roaming\Code\User\globalStorage\vexrobotics.vexcode\sdk\cpp\V5\V5_20240802_15_00_00/vexv5\libv5rt.a(v5_apijump.c.obj)
                0x038044ec                vexDisplayBackgroundColorGet
 .text.vexDisplayRectClear
                0x03804508       0x4c c:\Users\alber\AppData\Roaming\Code\User\globalStorage\vexrobotics.vexcode\sdk\cpp\V5\V5_20240802_15_00_00/vexv5\libv5rt.a(v5_apijump.c.obj)
                0x03804508                vexDisplayRectClear
 .text.vexDisplayVPrintf
                0x03804554       0x50 c:\Users\alber\AppData\Roaming\Code\User\globalStorage\vexrobotics.vexcode\sdk\cpp\V5\V5_20240802_15_00_00/vexv5\libv5rt.a(v5_apijump.c.obj)
                0x03804554                vexDisplayVPrintf
 .text.vexDisplayTextReference
                0x038045a4       0x24 c:\Users\alber\AppData\Roaming\Code\User\globalStorage\vexrobotics.vexcode\sdk\cpp\V5\V5_20240802_15_00_00/vexv5\libv5rt.a(v5_apijump.c.obj)
                0x038045a4                vexDisplayTextReference
 .text.vexDisplayTextSize
                0x038045c8       0x2c c:\Users\alber\AppData\Roaming\Code\User\globalStorage\vexrobotics.vexcode\sdk\cpp\V5\V5_20240802_15_00_00/vexv5\libv5rt.a(v5_apijump.c.obj)
                0x038045c8                vexDisplayTextSize
 .text.vexDisplayFontNamedSet
                0x038045f4       0x24 c:\Users\alber\AppData\Roaming\Code\User\globalStorage\vexrobotics.vexcode\sdk\cpp\V5\V5_20240802_15_00_00/vexv5\libv5rt.a(v5_apijump.c.obj)
                0x038045f4                vexDisplayFontNamedSet
 .text.vexDisplayStringWidthGet
                0x03804618       0x24 c:\Users\alber\AppData\Roaming\Code\User\globalStorage\vexrobotics.vexcode\sdk\cpp\V5\V5_20240802_15_00_00/vexv5\libv5rt.a(v5_apijump.c.obj)
                0x03804618                vexDisplayStringWidthGet
 .text.vexSystemStdlibImpureDataAddr
                0x0380463c       0x28 c:\Users\alber\AppData\Roaming\Code\User\globalStorage\vexrobotics.vexcode\sdk\cpp\V5\V5_20240802_15_00_00/vexv5\libv5rt.a(v5_apijump.c.obj)
                0x0380463c                vexSystemStdlibImpureDataAddr
 .text.vexSystemStdlibImpureDataSize
                0x03804664       0x28 c:\Users\alber\AppData\Roaming\Code\User\globalStorage\vexrobotics.vexcode\sdk\cpp\V5\V5_20240802_15_00_00/vexv5\libv5rt.a(v5_apijump.c.obj)
                0x03804664                vexSystemStdlibImpureDataSize
 .text.vexSystemSaveUserData
                0x0380468c       0x3c c:\Users\alber\AppData\Roaming\Code\User\globalStorage\vexrobotics.vexcode\sdk\cpp\V5\V5_20240802_15_00_00/vexv5\libv5rt.a(v5_apijump.c.obj)
                0x0380468c                vexSystemSaveUserData
 .text.vexTouchDataGet
                0x038046c8       0x10 c:\Users\alber\AppData\Roaming\Code\User\globalStorage\vexrobotics.vexcode\sdk\cpp\V5\V5_20240802_15_00_00/vexv5\libv5rt.a(v5_apijump.c.obj)
                0x038046c8                vexTouchDataGet
 .text.vexDisplayThemeIdGet
                0x038046d8       0x38 c:\Users\alber\AppData\Roaming\Code\User\globalStorage\vexrobotics.vexcode\sdk\cpp\V5\V5_20240802_15_00_00/vexv5\libv5rt.a(v5_apijump.c.obj)
                0x038046d8                vexDisplayThemeIdGet
 .text.vexDeviceEventMaskSet
                0x03804710       0x48 c:\Users\alber\AppData\Roaming\Code\User\globalStorage\vexrobotics.vexcode\sdk\cpp\V5\V5_20240802_15_00_00/vexv5\libv5rt.a(v5_apijump.c.obj)
                0x03804710                vexDeviceEventMaskSet
 .text.vexDeviceEventMaskGet
                0x03804758       0x3c c:\Users\alber\AppData\Roaming\Code\User\globalStorage\vexrobotics.vexcode\sdk\cpp\V5\V5_20240802_15_00_00/vexv5\libv5rt.a(v5_apijump.c.obj)
                0x03804758                vexDeviceEventMaskGet
 .text.vexSystemVersion
                0x03804794       0x10 c:\Users\alber\AppData\Roaming\Code\User\globalStorage\vexrobotics.vexcode\sdk\cpp\V5\V5_20240802_15_00_00/vexv5\libv5rt.a(v5_apiversions.c.obj)
                0x03804794                vexSystemVersion
 .text.vexStdlibVersion
                0x038047a4       0x10 c:\Users\alber\AppData\Roaming\Code\User\globalStorage\vexrobotics.vexcode\sdk\cpp\V5\V5_20240802_15_00_00/vexv5\libv5rt.a(v5_apiversions.c.obj)
                0x038047a4                vexStdlibVersion
 *fill*         0x038047b4        0x4 
 .text._ZN3vex4waitEdNS_9timeUnitsE
                0x038047b8       0x30 c:\Users\alber\AppData\Roaming\Code\User\globalStorage\vexrobotics.vexcode\sdk\cpp\V5\V5_20240802_15_00_00/vexv5\libv5rt.a(vex_global.cpp.obj)
                0x038047b8                vex::wait(double, vex::timeUnits)
 .text._ZN3vex5motorD2Ev
                0x038047e8       0x20 c:\Users\alber\AppData\Roaming\Code\User\globalStorage\vexrobotics.vexcode\sdk\cpp\V5\V5_20240802_15_00_00/vexv5\libv5rt.a(vex_motor.cpp.obj)
                0x038047e8                vex::motor::~motor()
                0x038047e8                vex::motor::~motor()
 .text._ZN3vex5motorD0Ev
                0x03804808       0x1c c:\Users\alber\AppData\Roaming\Code\User\globalStorage\vexrobotics.vexcode\sdk\cpp\V5\V5_20240802_15_00_00/vexv5\libv5rt.a(vex_motor.cpp.obj)
                0x03804808                vex::motor::~motor()
 .text._ZN3vex5motor9installedEv
                0x03804824       0x18 c:\Users\alber\AppData\Roaming\Code\User\globalStorage\vexrobotics.vexcode\sdk\cpp\V5\V5_20240802_15_00_00/vexv5\libv5rt.a(vex_motor.cpp.obj)
                0x03804824                vex::motor::installed()
 .text._ZN3vex5motor15defaultStoppingENS_9brakeTypeE
                0x0380483c       0x30 c:\Users\alber\AppData\Roaming\Code\User\globalStorage\vexrobotics.vexcode\sdk\cpp\V5\V5_20240802_15_00_00/vexv5\libv5rt.a(vex_motor.cpp.obj)
                0x0380483c                vex::motor::defaultStopping(vex::brakeType)
 .text._ZN3vex5motorC2El
                0x0380486c       0x78 c:\Users\alber\AppData\Roaming\Code\User\globalStorage\vexrobotics.vexcode\sdk\cpp\V5\V5_20240802_15_00_00/vexv5\libv5rt.a(vex_motor.cpp.obj)
                0x0380486c                vex::motor::motor(long)
                0x0380486c                vex::motor::motor(long)
 .text._ZN3vex5motorC2ElNS_11gearSettingEb
                0x038048e4       0x34 c:\Users\alber\AppData\Roaming\Code\User\globalStorage\vexrobotics.vexcode\sdk\cpp\V5\V5_20240802_15_00_00/vexv5\libv5rt.a(vex_motor.cpp.obj)
                0x038048e4                vex::motor::motor(long, vex::gearSetting, bool)
                0x038048e4                vex::motor::motor(long, vex::gearSetting, bool)
 .text._ZN3vex5motorC2Elb
                0x03804918       0x24 c:\Users\alber\AppData\Roaming\Code\User\globalStorage\vexrobotics.vexcode\sdk\cpp\V5\V5_20240802_15_00_00/vexv5\libv5rt.a(vex_motor.cpp.obj)
                0x03804918                vex::motor::motor(long, bool)
                0x03804918                vex::motor::motor(long, bool)
 *fill*         0x0380493c        0x4 
 .text._ZN3vex5motor4spinENS_13directionTypeEdNS_12voltageUnitsE
                0x03804940       0x50 c:\Users\alber\AppData\Roaming\Code\User\globalStorage\vexrobotics.vexcode\sdk\cpp\V5\V5_20240802_15_00_00/vexv5\libv5rt.a(vex_motor.cpp.obj)
                0x03804940                vex::motor::spin(vex::directionType, double, vex::voltageUnits)
 .text._ZN3vex5motor12setMaxTorqueEdNS_12percentUnitsE
                0x03804990       0x88 c:\Users\alber\AppData\Roaming\Code\User\globalStorage\vexrobotics.vexcode\sdk\cpp\V5\V5_20240802_15_00_00/vexv5\libv5rt.a(vex_motor.cpp.obj)
                0x03804990                vex::motor::setMaxTorque(double, vex::percentUnits)
 .text._ZN3vex5motor16velocityToScaledEdNS_13velocityUnitsE
                0x03804a18       0x5c c:\Users\alber\AppData\Roaming\Code\User\globalStorage\vexrobotics.vexcode\sdk\cpp\V5\V5_20240802_15_00_00/vexv5\libv5rt.a(vex_motor.cpp.obj)
                0x03804a18                vex::motor::velocityToScaled(double, vex::velocityUnits)
 .text._ZN3vex5motor8velocityENS_13velocityUnitsE
                0x03804a74       0x30 c:\Users\alber\AppData\Roaming\Code\User\globalStorage\vexrobotics.vexcode\sdk\cpp\V5\V5_20240802_15_00_00/vexv5\libv5rt.a(vex_motor.cpp.obj)
                0x03804a74                vex::motor::velocity(vex::velocityUnits)
 .text._ZN3vex5motor5valueEv
                0x03804aa4       0x1c c:\Users\alber\AppData\Roaming\Code\User\globalStorage\vexrobotics.vexcode\sdk\cpp\V5\V5_20240802_15_00_00/vexv5\libv5rt.a(vex_motor.cpp.obj)
                0x03804aa4                vex::motor::value()
 .text._ZN3vex5motor16scaledToVelocityEdNS_13velocityUnitsE
                0x03804ac0       0xa4 c:\Users\alber\AppData\Roaming\Code\User\globalStorage\vexrobotics.vexcode\sdk\cpp\V5\V5_20240802_15_00_00/vexv5\libv5rt.a(vex_motor.cpp.obj)
                0x03804ac0                vex::motor::scaledToVelocity(double, vex::velocityUnits)
 .text._ZN3vex5motor4spinENS_13directionTypeEdNS_13velocityUnitsE
                0x03804b64       0x5c c:\Users\alber\AppData\Roaming\Code\User\globalStorage\vexrobotics.vexcode\sdk\cpp\V5\V5_20240802_15_00_00/vexv5\libv5rt.a(vex_motor.cpp.obj)
                0x03804b64                vex::motor::spin(vex::directionType, double, vex::velocityUnits)
 .text._ZN3vex5motor16setRotationUnitsENS_13rotationUnitsE
                0x03804bc0       0x1c c:\Users\alber\AppData\Roaming\Code\User\globalStorage\vexrobotics.vexcode\sdk\cpp\V5\V5_20240802_15_00_00/vexv5\libv5rt.a(vex_motor.cpp.obj)
                0x03804bc0                vex::motor::setRotationUnits(vex::rotationUnits)
 .text._ZN3vex5motor8positionENS_13rotationUnitsE
                0x03804bdc       0x44 c:\Users\alber\AppData\Roaming\Code\User\globalStorage\vexrobotics.vexcode\sdk\cpp\V5\V5_20240802_15_00_00/vexv5\libv5rt.a(vex_motor.cpp.obj)
                0x03804bdc                vex::motor::position(vex::rotationUnits)
 .text._ZN3vex8inertial11getTurnTypeEv
                0x03804c20        0x8 c:\Users\alber\AppData\Roaming\Code\User\globalStorage\vexrobotics.vexcode\sdk\cpp\V5\V5_20240802_15_00_00/vexv5\libv5rt.a(vex_imu.cpp.obj)
                0x03804c20                vex::inertial::getTurnType()
 .text._ZThn16_N3vex8inertial11getTurnTypeEv
                0x03804c28        0x8 c:\Users\alber\AppData\Roaming\Code\User\globalStorage\vexrobotics.vexcode\sdk\cpp\V5\V5_20240802_15_00_00/vexv5\libv5rt.a(vex_imu.cpp.obj)
                0x03804c28                non-virtual thunk to vex::inertial::getTurnType()
 .text._ZN3vex8inertial10setHeadingEdNS_13rotationUnitsE
                0x03804c30       0x58 c:\Users\alber\AppData\Roaming\Code\User\globalStorage\vexrobotics.vexcode\sdk\cpp\V5\V5_20240802_15_00_00/vexv5\libv5rt.a(vex_imu.cpp.obj)
                0x03804c30                vex::inertial::setHeading(double, vex::rotationUnits)
 .text._ZThn16_N3vex8inertial10setHeadingEdNS_13rotationUnitsE
                0x03804c88        0x8 c:\Users\alber\AppData\Roaming\Code\User\globalStorage\vexrobotics.vexcode\sdk\cpp\V5\V5_20240802_15_00_00/vexv5\libv5rt.a(vex_imu.cpp.obj)
                0x03804c88                non-virtual thunk to vex::inertial::setHeading(double, vex::rotationUnits)
 .text._ZN3vex8inertial11setRotationEdNS_13rotationUnitsE
                0x03804c90       0x58 c:\Users\alber\AppData\Roaming\Code\User\globalStorage\vexrobotics.vexcode\sdk\cpp\V5\V5_20240802_15_00_00/vexv5\libv5rt.a(vex_imu.cpp.obj)
                0x03804c90                vex::inertial::setRotation(double, vex::rotationUnits)
 .text._ZThn16_N3vex8inertial11setRotationEdNS_13rotationUnitsE
                0x03804ce8        0x8 c:\Users\alber\AppData\Roaming\Code\User\globalStorage\vexrobotics.vexcode\sdk\cpp\V5\V5_20240802_15_00_00/vexv5\libv5rt.a(vex_imu.cpp.obj)
                0x03804ce8                non-virtual thunk to vex::inertial::setRotation(double, vex::rotationUnits)
 .text._ZN3vex8inertialD2Ev
                0x03804cf0       0x20 c:\Users\alber\AppData\Roaming\Code\User\globalStorage\vexrobotics.vexcode\sdk\cpp\V5\V5_20240802_15_00_00/vexv5\libv5rt.a(vex_imu.cpp.obj)
                0x03804cf0                vex::inertial::~inertial()
                0x03804cf0                vex::inertial::~inertial()
 .text._ZThn16_N3vex8inertialD1Ev
                0x03804d10        0x8 c:\Users\alber\AppData\Roaming\Code\User\globalStorage\vexrobotics.vexcode\sdk\cpp\V5\V5_20240802_15_00_00/vexv5\libv5rt.a(vex_imu.cpp.obj)
                0x03804d10                non-virtual thunk to vex::inertial::~inertial()
 .text._ZN3vex8inertialD0Ev
                0x03804d18       0x1c c:\Users\alber\AppData\Roaming\Code\User\globalStorage\vexrobotics.vexcode\sdk\cpp\V5\V5_20240802_15_00_00/vexv5\libv5rt.a(vex_imu.cpp.obj)
                0x03804d18                vex::inertial::~inertial()
 .text._ZThn16_N3vex8inertialD0Ev
                0x03804d34        0x8 c:\Users\alber\AppData\Roaming\Code\User\globalStorage\vexrobotics.vexcode\sdk\cpp\V5\V5_20240802_15_00_00/vexv5\libv5rt.a(vex_imu.cpp.obj)
                0x03804d34                non-virtual thunk to vex::inertial::~inertial()
 .text._ZN3vex8inertial9installedEv
                0x03804d3c       0x18 c:\Users\alber\AppData\Roaming\Code\User\globalStorage\vexrobotics.vexcode\sdk\cpp\V5\V5_20240802_15_00_00/vexv5\libv5rt.a(vex_imu.cpp.obj)
                0x03804d3c                vex::inertial::installed()
 .text._ZN3vex8inertial5angleENS_13rotationUnitsE
                0x03804d54       0x6c c:\Users\alber\AppData\Roaming\Code\User\globalStorage\vexrobotics.vexcode\sdk\cpp\V5\V5_20240802_15_00_00/vexv5\libv5rt.a(vex_imu.cpp.obj)
                0x03804d54                vex::inertial::angle(vex::rotationUnits)
 .text._ZThn16_N3vex8inertial5angleENS_13rotationUnitsE
                0x03804dc0        0x8 c:\Users\alber\AppData\Roaming\Code\User\globalStorage\vexrobotics.vexcode\sdk\cpp\V5\V5_20240802_15_00_00/vexv5\libv5rt.a(vex_imu.cpp.obj)
                0x03804dc0                non-virtual thunk to vex::inertial::angle(vex::rotationUnits)
 .text._ZN3vex8inertial7headingENS_13rotationUnitsE
                0x03804dc8        0x4 c:\Users\alber\AppData\Roaming\Code\User\globalStorage\vexrobotics.vexcode\sdk\cpp\V5\V5_20240802_15_00_00/vexv5\libv5rt.a(vex_imu.cpp.obj)
                0x03804dc8                vex::inertial::heading(vex::rotationUnits)
 .text._ZThn16_N3vex8inertial7headingENS_13rotationUnitsE
                0x03804dcc        0x8 c:\Users\alber\AppData\Roaming\Code\User\globalStorage\vexrobotics.vexcode\sdk\cpp\V5\V5_20240802_15_00_00/vexv5\libv5rt.a(vex_imu.cpp.obj)
                0x03804dcc                non-virtual thunk to vex::inertial::heading(vex::rotationUnits)
 .text._ZN3vex8inertial5valueEv
                0x03804dd4       0x1c c:\Users\alber\AppData\Roaming\Code\User\globalStorage\vexrobotics.vexcode\sdk\cpp\V5\V5_20240802_15_00_00/vexv5\libv5rt.a(vex_imu.cpp.obj)
                0x03804dd4                vex::inertial::value()
 .text._ZN3vex8inertial8rotationENS_13rotationUnitsE
                0x03804df0       0x48 c:\Users\alber\AppData\Roaming\Code\User\globalStorage\vexrobotics.vexcode\sdk\cpp\V5\V5_20240802_15_00_00/vexv5\libv5rt.a(vex_imu.cpp.obj)
                0x03804df0                vex::inertial::rotation(vex::rotationUnits)
 .text._ZThn16_N3vex8inertial8rotationENS_13rotationUnitsE
                0x03804e38        0x8 c:\Users\alber\AppData\Roaming\Code\User\globalStorage\vexrobotics.vexcode\sdk\cpp\V5\V5_20240802_15_00_00/vexv5\libv5rt.a(vex_imu.cpp.obj)
                0x03804e38                non-virtual thunk to vex::inertial::rotation(vex::rotationUnits)
 .text._ZN3vex8inertial13isCalibratingEv
                0x03804e40       0x38 c:\Users\alber\AppData\Roaming\Code\User\globalStorage\vexrobotics.vexcode\sdk\cpp\V5\V5_20240802_15_00_00/vexv5\libv5rt.a(vex_imu.cpp.obj)
                0x03804e40                vex::inertial::isCalibrating()
 .text._ZThn16_N3vex8inertial13isCalibratingEv
                0x03804e78        0x8 c:\Users\alber\AppData\Roaming\Code\User\globalStorage\vexrobotics.vexcode\sdk\cpp\V5\V5_20240802_15_00_00/vexv5\libv5rt.a(vex_imu.cpp.obj)
                0x03804e78                non-virtual thunk to vex::inertial::isCalibrating()
 .text._ZN3vex8inertialC2ElNS_8turnTypeE
                0x03804e80       0x4c c:\Users\alber\AppData\Roaming\Code\User\globalStorage\vexrobotics.vexcode\sdk\cpp\V5\V5_20240802_15_00_00/vexv5\libv5rt.a(vex_imu.cpp.obj)
                0x03804e80                vex::inertial::inertial(long, vex::turnType)
                0x03804e80                vex::inertial::inertial(long, vex::turnType)
 .text._ZN3vex8inertial16startCalibrationEl
                0x03804ecc       0x20 c:\Users\alber\AppData\Roaming\Code\User\globalStorage\vexrobotics.vexcode\sdk\cpp\V5\V5_20240802_15_00_00/vexv5\libv5rt.a(vex_imu.cpp.obj)
                0x03804ecc                vex::inertial::startCalibration(long)
 .text._ZN3vex8inertial9calibrateEl
                0x03804eec        0xc c:\Users\alber\AppData\Roaming\Code\User\globalStorage\vexrobotics.vexcode\sdk\cpp\V5\V5_20240802_15_00_00/vexv5\libv5rt.a(vex_imu.cpp.obj)
                0x03804eec                vex::inertial::calibrate(long)
                0x03804ef0                non-virtual thunk to vex::inertial::calibrate(long)
 .text._ZN3vex8rotationD2Ev
                0x03804ef8       0x20 c:\Users\alber\AppData\Roaming\Code\User\globalStorage\vexrobotics.vexcode\sdk\cpp\V5\V5_20240802_15_00_00/vexv5\libv5rt.a(vex_rotation.cpp.obj)
                0x03804ef8                vex::rotation::~rotation()
                0x03804ef8                vex::rotation::~rotation()
 .text._ZN3vex8rotationD0Ev
                0x03804f18       0x1c c:\Users\alber\AppData\Roaming\Code\User\globalStorage\vexrobotics.vexcode\sdk\cpp\V5\V5_20240802_15_00_00/vexv5\libv5rt.a(vex_rotation.cpp.obj)
                0x03804f18                vex::rotation::~rotation()
 .text._ZN3vex8rotation9installedEv
                0x03804f34       0x18 c:\Users\alber\AppData\Roaming\Code\User\globalStorage\vexrobotics.vexcode\sdk\cpp\V5\V5_20240802_15_00_00/vexv5\libv5rt.a(vex_rotation.cpp.obj)
                0x03804f34                vex::rotation::installed()
 .text._ZN3vex8rotation5valueEv
                0x03804f4c        0x8 c:\Users\alber\AppData\Roaming\Code\User\globalStorage\vexrobotics.vexcode\sdk\cpp\V5\V5_20240802_15_00_00/vexv5\libv5rt.a(vex_rotation.cpp.obj)
                0x03804f4c                vex::rotation::value()
 .text._ZN3vex8rotationC2Elb
                0x03804f54       0x30 c:\Users\alber\AppData\Roaming\Code\User\globalStorage\vexrobotics.vexcode\sdk\cpp\V5\V5_20240802_15_00_00/vexv5\libv5rt.a(vex_rotation.cpp.obj)
                0x03804f54                vex::rotation::rotation(long, bool)
                0x03804f54                vex::rotation::rotation(long, bool)
 *fill*         0x03804f84        0x4 
 .text._ZN3vex8rotation8positionENS_13rotationUnitsE
                0x03804f88       0x50 c:\Users\alber\AppData\Roaming\Code\User\globalStorage\vexrobotics.vexcode\sdk\cpp\V5\V5_20240802_15_00_00/vexv5\libv5rt.a(vex_rotation.cpp.obj)
                0x03804f88                vex::rotation::position(vex::rotationUnits)
 .text._ZN3vex8distanceD2Ev
                0x03804fd8       0x20 c:\Users\alber\AppData\Roaming\Code\User\globalStorage\vexrobotics.vexcode\sdk\cpp\V5\V5_20240802_15_00_00/vexv5\libv5rt.a(vex_distance.cpp.obj)
                0x03804fd8                vex::distance::~distance()
                0x03804fd8                vex::distance::~distance()
 .text._ZN3vex8distanceD0Ev
                0x03804ff8       0x1c c:\Users\alber\AppData\Roaming\Code\User\globalStorage\vexrobotics.vexcode\sdk\cpp\V5\V5_20240802_15_00_00/vexv5\libv5rt.a(vex_distance.cpp.obj)
                0x03804ff8                vex::distance::~distance()
 .text._ZN3vex8distance9installedEv
                0x03805014       0x18 c:\Users\alber\AppData\Roaming\Code\User\globalStorage\vexrobotics.vexcode\sdk\cpp\V5\V5_20240802_15_00_00/vexv5\libv5rt.a(vex_distance.cpp.obj)
                0x03805014                vex::distance::installed()
 .text._ZN3vex8distance5valueEv
                0x0380502c        0x8 c:\Users\alber\AppData\Roaming\Code\User\globalStorage\vexrobotics.vexcode\sdk\cpp\V5\V5_20240802_15_00_00/vexv5\libv5rt.a(vex_distance.cpp.obj)
                0x0380502c                vex::distance::value()
 .text._ZN3vex8distanceC2El
                0x03805034       0x20 c:\Users\alber\AppData\Roaming\Code\User\globalStorage\vexrobotics.vexcode\sdk\cpp\V5\V5_20240802_15_00_00/vexv5\libv5rt.a(vex_distance.cpp.obj)
                0x03805034                vex::distance::distance(long)
                0x03805034                vex::distance::distance(long)
 *fill*         0x03805054        0x4 
 .text._ZN3vex8distance14objectDistanceENS_13distanceUnitsE
                0x03805058       0x48 c:\Users\alber\AppData\Roaming\Code\User\globalStorage\vexrobotics.vexcode\sdk\cpp\V5\V5_20240802_15_00_00/vexv5\libv5rt.a(vex_distance.cpp.obj)
                0x03805058                vex::distance::objectDistance(vex::distanceUnits)
 .text._ZN3vex10controllerD2Ev
                0x038050a0        0x4 c:\Users\alber\AppData\Roaming\Code\User\globalStorage\vexrobotics.vexcode\sdk\cpp\V5\V5_20240802_15_00_00/vexv5\libv5rt.a(vex_controller.cpp.obj)
                0x038050a0                vex::controller::~controller()
                0x038050a0                vex::controller::~controller()
 .text._ZN3vex10controller5valueE19_V5_ControllerIndex
                0x038050a4        0x8 c:\Users\alber\AppData\Roaming\Code\User\globalStorage\vexrobotics.vexcode\sdk\cpp\V5\V5_20240802_15_00_00/vexv5\libv5rt.a(vex_controller.cpp.obj)
                0x038050a4                vex::controller::value(_V5_ControllerIndex)
 .text._ZN3vex10controller6rumbleEPKc
                0x038050ac       0x4c c:\Users\alber\AppData\Roaming\Code\User\globalStorage\vexrobotics.vexcode\sdk\cpp\V5\V5_20240802_15_00_00/vexv5\libv5rt.a(vex_controller.cpp.obj)
                0x038050ac                vex::controller::rumble(char const*)
 .text._ZNK3vex10controller6button8pressingEv
                0x038050f8       0xc8 c:\Users\alber\AppData\Roaming\Code\User\globalStorage\vexrobotics.vexcode\sdk\cpp\V5\V5_20240802_15_00_00/vexv5\libv5rt.a(vex_controller.cpp.obj)
                0x038050f8                vex::controller::button::pressing() const
 .text._ZNK3vex10controller6button7pressedEPFvvE
                0x038051c0      0x108 c:\Users\alber\AppData\Roaming\Code\User\globalStorage\vexrobotics.vexcode\sdk\cpp\V5\V5_20240802_15_00_00/vexv5\libv5rt.a(vex_controller.cpp.obj)
                0x038051c0                vex::controller::button::pressed(void (*)()) const
 .text._ZNK3vex10controller6button21_buttonToPressedEventEv
                0x038052c8       0x20 c:\Users\alber\AppData\Roaming\Code\User\globalStorage\vexrobotics.vexcode\sdk\cpp\V5\V5_20240802_15_00_00/vexv5\libv5rt.a(vex_controller.cpp.obj)
                0x038052c8                vex::controller::button::_buttonToPressedEvent() const
 .text._ZNK3vex10controller6button22_buttonToReleasedEventEv
                0x038052e8       0x20 c:\Users\alber\AppData\Roaming\Code\User\globalStorage\vexrobotics.vexcode\sdk\cpp\V5\V5_20240802_15_00_00/vexv5\libv5rt.a(vex_controller.cpp.obj)
                0x038052e8                vex::controller::button::_buttonToReleasedEvent() const
 .text._ZN3vex10controller6buttonC2ENS0_11tButtonTypeEPS0_
                0x03805308       0x48 c:\Users\alber\AppData\Roaming\Code\User\globalStorage\vexrobotics.vexcode\sdk\cpp\V5\V5_20240802_15_00_00/vexv5\libv5rt.a(vex_controller.cpp.obj)
                0x03805308                vex::controller::button::button(vex::controller::tButtonType, vex::controller*)
                0x03805308                vex::controller::button::button(vex::controller::tButtonType, vex::controller*)
 .text._ZNK3vex10controller4axis5valueEv
                0x03805350       0x58 c:\Users\alber\AppData\Roaming\Code\User\globalStorage\vexrobotics.vexcode\sdk\cpp\V5\V5_20240802_15_00_00/vexv5\libv5rt.a(vex_controller.cpp.obj)
                0x03805350                vex::controller::axis::value() const
 .text._ZNK3vex10controller4axis23_joystickToChangedEventEv
                0x038053a8       0x20 c:\Users\alber\AppData\Roaming\Code\User\globalStorage\vexrobotics.vexcode\sdk\cpp\V5\V5_20240802_15_00_00/vexv5\libv5rt.a(vex_controller.cpp.obj)
                0x038053a8                vex::controller::axis::_joystickToChangedEvent() const
 .text._ZN3vex10controller4axisC2ENS0_9tAxisTypeEPS0_
                0x038053c8       0x2c c:\Users\alber\AppData\Roaming\Code\User\globalStorage\vexrobotics.vexcode\sdk\cpp\V5\V5_20240802_15_00_00/vexv5\libv5rt.a(vex_controller.cpp.obj)
                0x038053c8                vex::controller::axis::axis(vex::controller::tAxisType, vex::controller*)
                0x038053c8                vex::controller::axis::axis(vex::controller::tAxisType, vex::controller*)
 .text._ZN3vex10controllerC2ENS_14controllerTypeE
                0x038053f4      0x16c c:\Users\alber\AppData\Roaming\Code\User\globalStorage\vexrobotics.vexcode\sdk\cpp\V5\V5_20240802_15_00_00/vexv5\libv5rt.a(vex_controller.cpp.obj)
                0x038053f4                vex::controller::controller(vex::controllerType)
                0x038053f4                vex::controller::controller(vex::controllerType)
 .text._ZN3vex10controller3lcd15getControllerIdEv
                0x03805560       0x10 c:\Users\alber\AppData\Roaming\Code\User\globalStorage\vexrobotics.vexcode\sdk\cpp\V5\V5_20240802_15_00_00/vexv5\libv5rt.a(vex_controller.cpp.obj)
                0x03805560                vex::controller::lcd::getControllerId()
 .text._ZN3vex10controller3lcd9setCursorEll
                0x03805570       0x40 c:\Users\alber\AppData\Roaming\Code\User\globalStorage\vexrobotics.vexcode\sdk\cpp\V5\V5_20240802_15_00_00/vexv5\libv5rt.a(vex_controller.cpp.obj)
                0x03805570                vex::controller::lcd::setCursor(long, long)
 .text._ZN3vex10controller3lcd5printEPKcz
                0x038055b0       0x80 c:\Users\alber\AppData\Roaming\Code\User\globalStorage\vexrobotics.vexcode\sdk\cpp\V5\V5_20240802_15_00_00/vexv5\libv5rt.a(vex_controller.cpp.obj)
                0x038055b0                vex::controller::lcd::print(char const*, ...)
 .text._ZN3vex10controller3lcd9clearLineEi
                0x03805630       0x80 c:\Users\alber\AppData\Roaming\Code\User\globalStorage\vexrobotics.vexcode\sdk\cpp\V5\V5_20240802_15_00_00/vexv5\libv5rt.a(vex_controller.cpp.obj)
                0x03805630                vex::controller::lcd::clearLine(int)
 .text._ZN3vex10controller3lcd11clearScreenEv
                0x038056b0       0x5c c:\Users\alber\AppData\Roaming\Code\User\globalStorage\vexrobotics.vexcode\sdk\cpp\V5\V5_20240802_15_00_00/vexv5\libv5rt.a(vex_controller.cpp.obj)
                0x038056b0                vex::controller::lcd::clearScreen()
 .text._ZN3vex4taskC2Ev
                0x0380570c       0x28 c:\Users\alber\AppData\Roaming\Code\User\globalStorage\vexrobotics.vexcode\sdk\cpp\V5\V5_20240802_15_00_00/vexv5\libv5rt.a(vex_task.cpp.obj)
                0x0380570c                vex::task::task()
                0x0380570c                vex::task::task()
 .text._ZN3vex4taskC2EPFivE
                0x03805734       0x5c c:\Users\alber\AppData\Roaming\Code\User\globalStorage\vexrobotics.vexcode\sdk\cpp\V5\V5_20240802_15_00_00/vexv5\libv5rt.a(vex_task.cpp.obj)
                0x03805734                vex::task::task(int (*)())
                0x03805734                vex::task::task(int (*)())
 .text._ZN3vex4taskC2EPFiPvES1_
                0x03805790       0x5c c:\Users\alber\AppData\Roaming\Code\User\globalStorage\vexrobotics.vexcode\sdk\cpp\V5\V5_20240802_15_00_00/vexv5\libv5rt.a(vex_task.cpp.obj)
                0x03805790                vex::task::task(int (*)(void*), void*)
                0x03805790                vex::task::task(int (*)(void*), void*)
 .text._ZN3vex4taskD2Ev
                0x038057ec        0x4 c:\Users\alber\AppData\Roaming\Code\User\globalStorage\vexrobotics.vexcode\sdk\cpp\V5\V5_20240802_15_00_00/vexv5\libv5rt.a(vex_task.cpp.obj)
                0x038057ec                vex::task::~task()
                0x038057ec                vex::task::~task()
 .text._ZN3vex4task4stopEPvi
                0x038057f0       0x1c c:\Users\alber\AppData\Roaming\Code\User\globalStorage\vexrobotics.vexcode\sdk\cpp\V5\V5_20240802_15_00_00/vexv5\libv5rt.a(vex_task.cpp.obj)
                0x038057f0                vex::task::stop(void*, int)
 .text._ZN3vex4task5sleepEm
                0x0380580c        0x4 c:\Users\alber\AppData\Roaming\Code\User\globalStorage\vexrobotics.vexcode\sdk\cpp\V5\V5_20240802_15_00_00/vexv5\libv5rt.a(vex_task.cpp.obj)
                0x0380580c                vex::task::sleep(unsigned long)
 .text._ZN3vex4task6_indexEPFivE
                0x03805810       0x14 c:\Users\alber\AppData\Roaming\Code\User\globalStorage\vexrobotics.vexcode\sdk\cpp\V5\V5_20240802_15_00_00/vexv5\libv5rt.a(vex_task.cpp.obj)
                0x03805810                vex::task::_index(int (*)())
 .text._ZN3vex4task8_stopAllEv
                0x03805824       0x3c c:\Users\alber\AppData\Roaming\Code\User\globalStorage\vexrobotics.vexcode\sdk\cpp\V5\V5_20240802_15_00_00/vexv5\libv5rt.a(vex_task.cpp.obj)
                0x03805824                vex::task::_stopAll()
 .text._ZN3vex11this_thread9sleep_forEm
                0x03805860        0x4 c:\Users\alber\AppData\Roaming\Code\User\globalStorage\vexrobotics.vexcode\sdk\cpp\V5\V5_20240802_15_00_00/vexv5\libv5rt.a(vex_thread.cpp.obj)
                0x03805860                vex::this_thread::sleep_for(unsigned long)
 .text._ZN3vex5event4initEmmPFvvE
                0x03805864        0x4 c:\Users\alber\AppData\Roaming\Code\User\globalStorage\vexrobotics.vexcode\sdk\cpp\V5\V5_20240802_15_00_00/vexv5\libv5rt.a(vex_event.cpp.obj)
                0x03805864                vex::event::init(unsigned long, unsigned long, void (*)())
 .text._ZN3vex5event4initEmmPFvPvES1_
                0x03805868        0x4 c:\Users\alber\AppData\Roaming\Code\User\globalStorage\vexrobotics.vexcode\sdk\cpp\V5\V5_20240802_15_00_00/vexv5\libv5rt.a(vex_event.cpp.obj)
                0x03805868                vex::event::init(unsigned long, unsigned long, void (*)(void*), void*)
 .text._ZN3vex5event9userindexEv
                0x0380586c        0x4 c:\Users\alber\AppData\Roaming\Code\User\globalStorage\vexrobotics.vexcode\sdk\cpp\V5\V5_20240802_15_00_00/vexv5\libv5rt.a(vex_event.cpp.obj)
                0x0380586c                vex::event::userindex()
 .text._ZZN3vex6meventC4EmmENUlvE_4_FUNEv
                0x03805870        0x4 c:\Users\alber\AppData\Roaming\Code\User\globalStorage\vexrobotics.vexcode\sdk\cpp\V5\V5_20240802_15_00_00/vexv5\libv5rt.a(vex_mevent.cpp.obj)
 .text._ZN3vex6meventC2Emm
                0x03805874       0x70 c:\Users\alber\AppData\Roaming\Code\User\globalStorage\vexrobotics.vexcode\sdk\cpp\V5\V5_20240802_15_00_00/vexv5\libv5rt.a(vex_mevent.cpp.obj)
                0x03805874                vex::mevent::mevent(unsigned long, unsigned long)
                0x03805874                vex::mevent::mevent(unsigned long, unsigned long)
 .text._ZN3vex5brain9_getIndexEv
                0x038058e4       0x10 c:\Users\alber\AppData\Roaming\Code\User\globalStorage\vexrobotics.vexcode\sdk\cpp\V5\V5_20240802_15_00_00/vexv5\libv5rt.a(vex_brain.cpp.obj)
                0x038058e4                vex::brain::_getIndex()
 .text._ZN3vex5brain3lcd9setCursorEll
                0x038058f4       0x44 c:\Users\alber\AppData\Roaming\Code\User\globalStorage\vexrobotics.vexcode\sdk\cpp\V5\V5_20240802_15_00_00/vexv5\libv5rt.a(vex_brain.cpp.obj)
                0x038058f4                vex::brain::lcd::setCursor(long, long)
 .text._ZN3vex5brain3lcd7setFontENS_8fontTypeE
                0x03805938      0x23c c:\Users\alber\AppData\Roaming\Code\User\globalStorage\vexrobotics.vexcode\sdk\cpp\V5\V5_20240802_15_00_00/vexv5\libv5rt.a(vex_brain.cpp.obj)
                0x03805938                vex::brain::lcd::setFont(vex::fontType)
 .text._ZN3vex5brain3lcdC2Ev
                0x03805b74       0x94 c:\Users\alber\AppData\Roaming\Code\User\globalStorage\vexrobotics.vexcode\sdk\cpp\V5\V5_20240802_15_00_00/vexv5\libv5rt.a(vex_brain.cpp.obj)
                0x03805b74                vex::brain::lcd::lcd()
                0x03805b74                vex::brain::lcd::lcd()
 .text._ZN3vex5brainC2Ev
                0x03805c08       0x3c c:\Users\alber\AppData\Roaming\Code\User\globalStorage\vexrobotics.vexcode\sdk\cpp\V5\V5_20240802_15_00_00/vexv5\libv5rt.a(vex_brain.cpp.obj)
                0x03805c08                vex::brain::brain()
                0x03805c08                vex::brain::brain()
 .text._ZN3vex5brain3lcd12_clearScreenEm
                0x03805c44       0x38 c:\Users\alber\AppData\Roaming\Code\User\globalStorage\vexrobotics.vexcode\sdk\cpp\V5\V5_20240802_15_00_00/vexv5\libv5rt.a(vex_brain.cpp.obj)
                0x03805c44                vex::brain::lcd::_clearScreen(unsigned long)
 .text._ZN3vex5brain3lcd11clearScreenERKNS_5colorE
                0x03805c7c       0x20 c:\Users\alber\AppData\Roaming\Code\User\globalStorage\vexrobotics.vexcode\sdk\cpp\V5\V5_20240802_15_00_00/vexv5\libv5rt.a(vex_brain.cpp.obj)
                0x03805c7c                vex::brain::lcd::clearScreen(vex::color const&)
 .text._ZN3vex5brain3lcd11clearScreenEv
                0x03805c9c       0x2c c:\Users\alber\AppData\Roaming\Code\User\globalStorage\vexrobotics.vexcode\sdk\cpp\V5\V5_20240802_15_00_00/vexv5\libv5rt.a(vex_brain.cpp.obj)
                0x03805c9c                vex::brain::lcd::clearScreen()
 .text._ZN3vex5brain3lcd8pressingEv
                0x03805cc8       0x20 c:\Users\alber\AppData\Roaming\Code\User\globalStorage\vexrobotics.vexcode\sdk\cpp\V5\V5_20240802_15_00_00/vexv5\libv5rt.a(vex_brain.cpp.obj)
                0x03805cc8                vex::brain::lcd::pressing()
 .text._ZN3vex5brain3lcd10rowToPixelEl
                0x03805ce8       0x34 c:\Users\alber\AppData\Roaming\Code\User\globalStorage\vexrobotics.vexcode\sdk\cpp\V5\V5_20240802_15_00_00/vexv5\libv5rt.a(vex_brain.cpp.obj)
                0x03805ce8                vex::brain::lcd::rowToPixel(long)
 .text._ZN3vex5brain3lcd5printEPKcz
                0x03805d1c       0xb8 c:\Users\alber\AppData\Roaming\Code\User\globalStorage\vexrobotics.vexcode\sdk\cpp\V5\V5_20240802_15_00_00/vexv5\libv5rt.a(vex_brain.cpp.obj)
                0x03805d1c                vex::brain::lcd::print(char const*, ...)
 .text._ZN3vex5brainD2Ev
                0x03805dd4       0x20 c:\Users\alber\AppData\Roaming\Code\User\globalStorage\vexrobotics.vexcode\sdk\cpp\V5\V5_20240802_15_00_00/vexv5\libv5rt.a(vex_brain.cpp.obj)
                0x03805dd4                vex::brain::~brain()
                0x03805dd4                vex::brain::~brain()
 .text._ZN3vex11competition8_disableEPv
                0x03805df4       0xa4 c:\Users\alber\AppData\Roaming\Code\User\globalStorage\vexrobotics.vexcode\sdk\cpp\V5\V5_20240802_15_00_00/vexv5\libv5rt.a(vex_competition.cpp.obj)
                0x03805df4                vex::competition::_disable(void*)
 .text._ZN3vex11competition11_autonomousEv
                0x03805e98       0x80 c:\Users\alber\AppData\Roaming\Code\User\globalStorage\vexrobotics.vexcode\sdk\cpp\V5\V5_20240802_15_00_00/vexv5\libv5rt.a(vex_competition.cpp.obj)
                0x03805e98                vex::competition::_autonomous()
 .text._ZN3vex11competition14_drivercontrolEv
                0x03805f18       0x80 c:\Users\alber\AppData\Roaming\Code\User\globalStorage\vexrobotics.vexcode\sdk\cpp\V5\V5_20240802_15_00_00/vexv5\libv5rt.a(vex_competition.cpp.obj)
                0x03805f18                vex::competition::_drivercontrol()
 .text._ZN3vex11competitionC2Ev
                0x03805f98      0x13c c:\Users\alber\AppData\Roaming\Code\User\globalStorage\vexrobotics.vexcode\sdk\cpp\V5\V5_20240802_15_00_00/vexv5\libv5rt.a(vex_competition.cpp.obj)
                0x03805f98                vex::competition::competition()
                0x03805f98                vex::competition::competition()
 .text._ZN3vex11competitionD2Ev
                0x038060d4        0x4 c:\Users\alber\AppData\Roaming\Code\User\globalStorage\vexrobotics.vexcode\sdk\cpp\V5\V5_20240802_15_00_00/vexv5\libv5rt.a(vex_competition.cpp.obj)
                0x038060d4                vex::competition::~competition()
                0x038060d4                vex::competition::~competition()
 .text._ZN3vex11competition10autonomousEPFvvE
                0x038060d8       0x44 c:\Users\alber\AppData\Roaming\Code\User\globalStorage\vexrobotics.vexcode\sdk\cpp\V5\V5_20240802_15_00_00/vexv5\libv5rt.a(vex_competition.cpp.obj)
                0x038060d8                vex::competition::autonomous(void (*)())
 .text._ZN3vex11competition13drivercontrolEPFvvE
                0x0380611c       0x44 c:\Users\alber\AppData\Roaming\Code\User\globalStorage\vexrobotics.vexcode\sdk\cpp\V5\V5_20240802_15_00_00/vexv5\libv5rt.a(vex_competition.cpp.obj)
                0x0380611c                vex::competition::drivercontrol(void (*)())
 .text._ZN3vex7triportD2Ev
                0x03806160       0x38 c:\Users\alber\AppData\Roaming\Code\User\globalStorage\vexrobotics.vexcode\sdk\cpp\V5\V5_20240802_15_00_00/vexv5\libv5rt.a(vex_triport.cpp.obj)
                0x03806160                vex::triport::~triport()
                0x03806160                vex::triport::~triport()
 .text._ZN3vex7triportD0Ev
                0x03806198       0x1c c:\Users\alber\AppData\Roaming\Code\User\globalStorage\vexrobotics.vexcode\sdk\cpp\V5\V5_20240802_15_00_00/vexv5\libv5rt.a(vex_triport.cpp.obj)
                0x03806198                vex::triport::~triport()
 .text._ZN3vex7triport9installedEv
                0x038061b4       0x18 c:\Users\alber\AppData\Roaming\Code\User\globalStorage\vexrobotics.vexcode\sdk\cpp\V5\V5_20240802_15_00_00/vexv5\libv5rt.a(vex_triport.cpp.obj)
                0x038061b4                vex::triport::installed()
 .text._ZN3vex7triport4portC2ElPS0_
                0x038061cc       0x74 c:\Users\alber\AppData\Roaming\Code\User\globalStorage\vexrobotics.vexcode\sdk\cpp\V5\V5_20240802_15_00_00/vexv5\libv5rt.a(vex_triport.cpp.obj)
                0x038061cc                vex::triport::port::port(long, vex::triport*)
                0x038061cc                vex::triport::port::port(long, vex::triport*)
 .text._ZN3vex7triportC2El
                0x03806240       0xf0 c:\Users\alber\AppData\Roaming\Code\User\globalStorage\vexrobotics.vexcode\sdk\cpp\V5\V5_20240802_15_00_00/vexv5\libv5rt.a(vex_triport.cpp.obj)
                0x03806240                vex::triport::triport(long)
                0x03806240                vex::triport::triport(long)
 .text._ZN3vex7triport4port4typeENS_11triportTypeE
                0x03806330       0x30 c:\Users\alber\AppData\Roaming\Code\User\globalStorage\vexrobotics.vexcode\sdk\cpp\V5\V5_20240802_15_00_00/vexv5\libv5rt.a(vex_triport.cpp.obj)
                0x03806330                vex::triport::port::type(vex::triportType)
 .text._ZN3vex7triport4port4typeEv
                0x03806360       0x38 c:\Users\alber\AppData\Roaming\Code\User\globalStorage\vexrobotics.vexcode\sdk\cpp\V5\V5_20240802_15_00_00/vexv5\libv5rt.a(vex_triport.cpp.obj)
                0x03806360                vex::triport::port::type()
 .text._ZN3vex7triport4port5valueEv
                0x03806398       0x14 c:\Users\alber\AppData\Roaming\Code\User\globalStorage\vexrobotics.vexcode\sdk\cpp\V5\V5_20240802_15_00_00/vexv5\libv5rt.a(vex_triport.cpp.obj)
                0x03806398                vex::triport::port::value()
 .text._ZN3vex7triport4port5valueEl
                0x038063ac       0x18 c:\Users\alber\AppData\Roaming\Code\User\globalStorage\vexrobotics.vexcode\sdk\cpp\V5\V5_20240802_15_00_00/vexv5\libv5rt.a(vex_triport.cpp.obj)
                0x038063ac                vex::triport::port::value(long)
 *fill*         0x038063c4        0x4 
 .text._ZN3vex7triport4port8rotationENS_13rotationUnitsE
                0x038063c8       0x40 c:\Users\alber\AppData\Roaming\Code\User\globalStorage\vexrobotics.vexcode\sdk\cpp\V5\V5_20240802_15_00_00/vexv5\libv5rt.a(vex_triport.cpp.obj)
                0x038063c8                vex::triport::port::rotation(vex::rotationUnits)
 .text._ZN3vex11__trideviceC2ERNS_7triport4portENS_11triportTypeE
                0x03806408       0x5c c:\Users\alber\AppData\Roaming\Code\User\globalStorage\vexrobotics.vexcode\sdk\cpp\V5\V5_20240802_15_00_00/vexv5\libv5rt.a(vex_triport.cpp.obj)
                0x03806408                vex::__tridevice::__tridevice(vex::triport::port&, vex::triportType)
                0x03806408                vex::__tridevice::__tridevice(vex::triport::port&, vex::triportType)
 .text._ZN3vex11digital_outC2ERNS_7triport4portE
                0x03806464       0x18 c:\Users\alber\AppData\Roaming\Code\User\globalStorage\vexrobotics.vexcode\sdk\cpp\V5\V5_20240802_15_00_00/vexv5\libv5rt.a(vex_triport.cpp.obj)
                0x03806464                vex::digital_out::digital_out(vex::triport::port&)
                0x03806464                vex::digital_out::digital_out(vex::triport::port&)
 .text._ZN3vex11digital_outD2Ev
                0x0380647c        0x4 c:\Users\alber\AppData\Roaming\Code\User\globalStorage\vexrobotics.vexcode\sdk\cpp\V5\V5_20240802_15_00_00/vexv5\libv5rt.a(vex_triport.cpp.obj)
                0x0380647c                vex::digital_out::~digital_out()
                0x0380647c                vex::digital_out::~digital_out()
 .text._ZN3vex11digital_out3setEb
                0x03806480        0x8 c:\Users\alber\AppData\Roaming\Code\User\globalStorage\vexrobotics.vexcode\sdk\cpp\V5\V5_20240802_15_00_00/vexv5\libv5rt.a(vex_triport.cpp.obj)
                0x03806480                vex::digital_out::set(bool)
 .text._ZN3vex7encoderC2ERNS_7triport4portE
                0x03806488       0x20 c:\Users\alber\AppData\Roaming\Code\User\globalStorage\vexrobotics.vexcode\sdk\cpp\V5\V5_20240802_15_00_00/vexv5\libv5rt.a(vex_triport.cpp.obj)
                0x03806488                vex::encoder::encoder(vex::triport::port&)
                0x03806488                vex::encoder::encoder(vex::triport::port&)
 .text._ZN3vex7encoderD2Ev
                0x038064a8        0x4 c:\Users\alber\AppData\Roaming\Code\User\globalStorage\vexrobotics.vexcode\sdk\cpp\V5\V5_20240802_15_00_00/vexv5\libv5rt.a(vex_triport.cpp.obj)
                0x038064a8                vex::encoder::~encoder()
                0x038064a8                vex::encoder::~encoder()
 .text._ZN3vex7encoder8positionENS_13rotationUnitsE
                0x038064ac        0x8 c:\Users\alber\AppData\Roaming\Code\User\globalStorage\vexrobotics.vexcode\sdk\cpp\V5\V5_20240802_15_00_00/vexv5\libv5rt.a(vex_triport.cpp.obj)
                0x038064ac                vex::encoder::position(vex::rotationUnits)
 .text._ZN3vex5colorD2Ev
                0x038064b4        0x4 c:\Users\alber\AppData\Roaming\Code\User\globalStorage\vexrobotics.vexcode\sdk\cpp\V5\V5_20240802_15_00_00/vexv5\libv5rt.a(vex_color.cpp.obj)
                0x038064b4                vex::color::~color()
                0x038064b4                vex::color::~color()
 .text._ZNK3vex5colorcvmEv
                0x038064b8        0x8 c:\Users\alber\AppData\Roaming\Code\User\globalStorage\vexrobotics.vexcode\sdk\cpp\V5\V5_20240802_15_00_00/vexv5\libv5rt.a(vex_color.cpp.obj)
                0x038064b8                vex::color::operator unsigned long() const
 .text.startup._GLOBAL__sub_I__ZN3vex5color5blackE
                0x038064c0      0x164 c:\Users\alber\AppData\Roaming\Code\User\globalStorage\vexrobotics.vexcode\sdk\cpp\V5\V5_20240802_15_00_00/vexv5\libv5rt.a(vex_color.cpp.obj)
 .text._ZN3vex5timerD2Ev
                0x03806624        0x4 c:\Users\alber\AppData\Roaming\Code\User\globalStorage\vexrobotics.vexcode\sdk\cpp\V5\V5_20240802_15_00_00/vexv5\libv5rt.a(vex_timer.cpp.obj)
                0x03806624                vex::timer::~timer()
                0x03806624                vex::timer::~timer()
 .text._ZN3vex5timer5clearEv
                0x03806628       0x1c c:\Users\alber\AppData\Roaming\Code\User\globalStorage\vexrobotics.vexcode\sdk\cpp\V5\V5_20240802_15_00_00/vexv5\libv5rt.a(vex_timer.cpp.obj)
                0x03806628                vex::timer::clear()
 .text._ZN3vex5timerC2Ev
                0x03806644       0x14 c:\Users\alber\AppData\Roaming\Code\User\globalStorage\vexrobotics.vexcode\sdk\cpp\V5\V5_20240802_15_00_00/vexv5\libv5rt.a(vex_timer.cpp.obj)
                0x03806644                vex::timer::timer()
                0x03806644                vex::timer::timer()
 .text._ZN3vex11motor_group18motor_group_motorsC2Ev
                0x03806658       0x28 c:\Users\alber\AppData\Roaming\Code\User\globalStorage\vexrobotics.vexcode\sdk\cpp\V5\V5_20240802_15_00_00/vexv5\libv5rt.a(vex_motorgroup.cpp.obj)
                0x03806658                vex::motor_group::motor_group_motors::motor_group_motors()
                0x03806658                vex::motor_group::motor_group_motors::motor_group_motors()
 .text._ZN3vex11motor_group18motor_group_motorsC2ERKS1_
                0x03806680       0x20 c:\Users\alber\AppData\Roaming\Code\User\globalStorage\vexrobotics.vexcode\sdk\cpp\V5\V5_20240802_15_00_00/vexv5\libv5rt.a(vex_motorgroup.cpp.obj)
                0x03806680                vex::motor_group::motor_group_motors::motor_group_motors(vex::motor_group::motor_group_motors const&)
                0x03806680                vex::motor_group::motor_group_motors::motor_group_motors(vex::motor_group::motor_group_motors const&)
 .text._ZN3vex11motor_groupC2Ev
                0x038066a0       0x1c c:\Users\alber\AppData\Roaming\Code\User\globalStorage\vexrobotics.vexcode\sdk\cpp\V5\V5_20240802_15_00_00/vexv5\libv5rt.a(vex_motorgroup.cpp.obj)
                0x038066a0                vex::motor_group::motor_group()
                0x038066a0                vex::motor_group::motor_group()
 .text._ZN3vex11motor_groupD2Ev
                0x038066bc        0x4 c:\Users\alber\AppData\Roaming\Code\User\globalStorage\vexrobotics.vexcode\sdk\cpp\V5\V5_20240802_15_00_00/vexv5\libv5rt.a(vex_motorgroup.cpp.obj)
                0x038066bc                vex::motor_group::~motor_group()
                0x038066bc                vex::motor_group::~motor_group()
 .text._ZN3vex11motor_group9_addMotorERNS_5motorE
                0x038066c0       0x20 c:\Users\alber\AppData\Roaming\Code\User\globalStorage\vexrobotics.vexcode\sdk\cpp\V5\V5_20240802_15_00_00/vexv5\libv5rt.a(vex_motorgroup.cpp.obj)
                0x038066c0                vex::motor_group::_addMotor(vex::motor&)
 .text._ZN3vex11motor_group4spinENS_13directionTypeEdNS_13velocityUnitsE
                0x038066e0       0x54 c:\Users\alber\AppData\Roaming\Code\User\globalStorage\vexrobotics.vexcode\sdk\cpp\V5\V5_20240802_15_00_00/vexv5\libv5rt.a(vex_motorgroup.cpp.obj)
                0x038066e0                vex::motor_group::spin(vex::directionType, double, vex::velocityUnits)
 .text._ZN3vex11motor_group4spinENS_13directionTypeEdNS_12voltageUnitsE
                0x03806734       0x54 c:\Users\alber\AppData\Roaming\Code\User\globalStorage\vexrobotics.vexcode\sdk\cpp\V5\V5_20240802_15_00_00/vexv5\libv5rt.a(vex_motorgroup.cpp.obj)
                0x03806734                vex::motor_group::spin(vex::directionType, double, vex::voltageUnits)
 .text._ZN3vex11motor_group12setMaxTorqueEdNS_12percentUnitsE
                0x03806788       0x4c c:\Users\alber\AppData\Roaming\Code\User\globalStorage\vexrobotics.vexcode\sdk\cpp\V5\V5_20240802_15_00_00/vexv5\libv5rt.a(vex_motorgroup.cpp.obj)
                0x03806788                vex::motor_group::setMaxTorque(double, vex::percentUnits)
 .text._ZN3vex11motor_group8positionENS_13rotationUnitsE
                0x038067d4        0xc c:\Users\alber\AppData\Roaming\Code\User\globalStorage\vexrobotics.vexcode\sdk\cpp\V5\V5_20240802_15_00_00/vexv5\libv5rt.a(vex_motorgroup.cpp.obj)
                0x038067d4                vex::motor_group::position(vex::rotationUnits)
 .text.vexAdiPortConfigSet
                0x038067e0       0x28 c:\Users\alber\AppData\Roaming\Code\User\globalStorage\vexrobotics.vexcode\sdk\cpp\V5\V5_20240802_15_00_00/vexv5\libv5rt.a(v5_apiuser.c.obj)
                0x038067e0                vexAdiPortConfigSet
 .text.vexAdiPortConfigGet
                0x03806808       0x28 c:\Users\alber\AppData\Roaming\Code\User\globalStorage\vexrobotics.vexcode\sdk\cpp\V5\V5_20240802_15_00_00/vexv5\libv5rt.a(v5_apiuser.c.obj)
                0x03806808                vexAdiPortConfigGet
 .text.vexAdiValueSet
                0x03806830       0x28 c:\Users\alber\AppData\Roaming\Code\User\globalStorage\vexrobotics.vexcode\sdk\cpp\V5\V5_20240802_15_00_00/vexv5\libv5rt.a(v5_apiuser.c.obj)
                0x03806830                vexAdiValueSet
 .text.vexAdiValueGet
                0x03806858       0x20 c:\Users\alber\AppData\Roaming\Code\User\globalStorage\vexrobotics.vexcode\sdk\cpp\V5\V5_20240802_15_00_00/vexv5\libv5rt.a(v5_apiuser.c.obj)
                0x03806858                vexAdiValueGet
 .text.vexMotorVelocitySet
                0x03806878       0x20 c:\Users\alber\AppData\Roaming\Code\User\globalStorage\vexrobotics.vexcode\sdk\cpp\V5\V5_20240802_15_00_00/vexv5\libv5rt.a(v5_apiuser.c.obj)
                0x03806878                vexMotorVelocitySet
 .text.vexMotorVoltageSet
                0x03806898       0x20 c:\Users\alber\AppData\Roaming\Code\User\globalStorage\vexrobotics.vexcode\sdk\cpp\V5\V5_20240802_15_00_00/vexv5\libv5rt.a(v5_apiuser.c.obj)
                0x03806898                vexMotorVoltageSet
 .text.vexMotorActualVelocityGet
                0x038068b8       0x24 c:\Users\alber\AppData\Roaming\Code\User\globalStorage\vexrobotics.vexcode\sdk\cpp\V5\V5_20240802_15_00_00/vexv5\libv5rt.a(v5_apiuser.c.obj)
                0x038068b8                vexMotorActualVelocityGet
 .text.vexMotorCurrentLimitSet
                0x038068dc       0x20 c:\Users\alber\AppData\Roaming\Code\User\globalStorage\vexrobotics.vexcode\sdk\cpp\V5\V5_20240802_15_00_00/vexv5\libv5rt.a(v5_apiuser.c.obj)
                0x038068dc                vexMotorCurrentLimitSet
 .text.vexMotorReverseFlagSet
                0x038068fc       0x20 c:\Users\alber\AppData\Roaming\Code\User\globalStorage\vexrobotics.vexcode\sdk\cpp\V5\V5_20240802_15_00_00/vexv5\libv5rt.a(v5_apiuser.c.obj)
                0x038068fc                vexMotorReverseFlagSet
 .text.vexMotorEncoderUnitsSet
                0x0380691c       0x20 c:\Users\alber\AppData\Roaming\Code\User\globalStorage\vexrobotics.vexcode\sdk\cpp\V5\V5_20240802_15_00_00/vexv5\libv5rt.a(v5_apiuser.c.obj)
                0x0380691c                vexMotorEncoderUnitsSet
 .text.vexMotorBrakeModeSet
                0x0380693c       0x20 c:\Users\alber\AppData\Roaming\Code\User\globalStorage\vexrobotics.vexcode\sdk\cpp\V5\V5_20240802_15_00_00/vexv5\libv5rt.a(v5_apiuser.c.obj)
                0x0380693c                vexMotorBrakeModeSet
 .text.vexMotorPositionSet
                0x0380695c       0x28 c:\Users\alber\AppData\Roaming\Code\User\globalStorage\vexrobotics.vexcode\sdk\cpp\V5\V5_20240802_15_00_00/vexv5\libv5rt.a(v5_apiuser.c.obj)
                0x0380695c                vexMotorPositionSet
 .text.vexMotorPositionGet
                0x03806984       0x24 c:\Users\alber\AppData\Roaming\Code\User\globalStorage\vexrobotics.vexcode\sdk\cpp\V5\V5_20240802_15_00_00/vexv5\libv5rt.a(v5_apiuser.c.obj)
                0x03806984                vexMotorPositionGet
 .text.vexMotorGearingSet
                0x038069a8       0x20 c:\Users\alber\AppData\Roaming\Code\User\globalStorage\vexrobotics.vexcode\sdk\cpp\V5\V5_20240802_15_00_00/vexv5\libv5rt.a(v5_apiuser.c.obj)
                0x038069a8                vexMotorGearingSet
 .text.vexMotorGearingGet
                0x038069c8       0x18 c:\Users\alber\AppData\Roaming\Code\User\globalStorage\vexrobotics.vexcode\sdk\cpp\V5\V5_20240802_15_00_00/vexv5\libv5rt.a(v5_apiuser.c.obj)
                0x038069c8                vexMotorGearingGet
 .text.vexImuReset
                0x038069e0       0x10 c:\Users\alber\AppData\Roaming\Code\User\globalStorage\vexrobotics.vexcode\sdk\cpp\V5\V5_20240802_15_00_00/vexv5\libv5rt.a(v5_apiuser.c.obj)
                0x038069e0                vexImuReset
 .text.vexImuHeadingGet
                0x038069f0       0x10 c:\Users\alber\AppData\Roaming\Code\User\globalStorage\vexrobotics.vexcode\sdk\cpp\V5\V5_20240802_15_00_00/vexv5\libv5rt.a(v5_apiuser.c.obj)
                0x038069f0                vexImuHeadingGet
 .text.vexImuDegreesGet
                0x03806a00       0x10 c:\Users\alber\AppData\Roaming\Code\User\globalStorage\vexrobotics.vexcode\sdk\cpp\V5\V5_20240802_15_00_00/vexv5\libv5rt.a(v5_apiuser.c.obj)
                0x03806a00                vexImuDegreesGet
 .text.vexImuStatusGet
                0x03806a10       0x10 c:\Users\alber\AppData\Roaming\Code\User\globalStorage\vexrobotics.vexcode\sdk\cpp\V5\V5_20240802_15_00_00/vexv5\libv5rt.a(v5_apiuser.c.obj)
                0x03806a10                vexImuStatusGet
 .text.vexAbsEncPositionGet
                0x03806a20       0x10 c:\Users\alber\AppData\Roaming\Code\User\globalStorage\vexrobotics.vexcode\sdk\cpp\V5\V5_20240802_15_00_00/vexv5\libv5rt.a(v5_apiuser.c.obj)
                0x03806a20                vexAbsEncPositionGet
 .text.vexAbsEncAngleGet
                0x03806a30       0x10 c:\Users\alber\AppData\Roaming\Code\User\globalStorage\vexrobotics.vexcode\sdk\cpp\V5\V5_20240802_15_00_00/vexv5\libv5rt.a(v5_apiuser.c.obj)
                0x03806a30                vexAbsEncAngleGet
 .text.vexAbsEncReverseFlagSet
                0x03806a40       0x18 c:\Users\alber\AppData\Roaming\Code\User\globalStorage\vexrobotics.vexcode\sdk\cpp\V5\V5_20240802_15_00_00/vexv5\libv5rt.a(v5_apiuser.c.obj)
                0x03806a40                vexAbsEncReverseFlagSet
 .text.vexDistanceDistanceGet
                0x03806a58       0x10 c:\Users\alber\AppData\Roaming\Code\User\globalStorage\vexrobotics.vexcode\sdk\cpp\V5\V5_20240802_15_00_00/vexv5\libv5rt.a(v5_apiuser.c.obj)
                0x03806a58                vexDistanceDistanceGet
 .text.vexEventMaskSet
                0x03806a68       0x28 c:\Users\alber\AppData\Roaming\Code\User\globalStorage\vexrobotics.vexcode\sdk\cpp\V5\V5_20240802_15_00_00/vexv5\libv5rt.a(v5_apiuser.c.obj)
                0x03806a68                vexEventMaskSet
 .text.vexEventMaskGet
                0x03806a90       0x18 c:\Users\alber\AppData\Roaming\Code\User\globalStorage\vexrobotics.vexcode\sdk\cpp\V5\V5_20240802_15_00_00/vexv5\libv5rt.a(v5_apiuser.c.obj)
                0x03806a90                vexEventMaskGet
 .text._ZN3vex6deviceD2Ev
                0x03806aa8        0x4 c:\Users\alber\AppData\Roaming\Code\User\globalStorage\vexrobotics.vexcode\sdk\cpp\V5\V5_20240802_15_00_00/vexv5\libv5rt.a(vex_device.cpp.obj)
                0x03806aa8                vex::device::~device()
                0x03806aa8                vex::device::~device()
 .text._ZN3vex6device5valueEv
                0x03806aac        0x8 c:\Users\alber\AppData\Roaming\Code\User\globalStorage\vexrobotics.vexcode\sdk\cpp\V5\V5_20240802_15_00_00/vexv5\libv5rt.a(vex_device.cpp.obj)
                0x03806aac                vex::device::value()
 .text._ZN3vex6deviceD0Ev
                0x03806ab4       0x14 c:\Users\alber\AppData\Roaming\Code\User\globalStorage\vexrobotics.vexcode\sdk\cpp\V5\V5_20240802_15_00_00/vexv5\libv5rt.a(vex_device.cpp.obj)
                0x03806ab4                vex::device::~device()
 .text._ZN3vex6device4initEl
                0x03806ac8       0x30 c:\Users\alber\AppData\Roaming\Code\User\globalStorage\vexrobotics.vexcode\sdk\cpp\V5\V5_20240802_15_00_00/vexv5\libv5rt.a(vex_device.cpp.obj)
                0x03806ac8                vex::device::init(long)
 .text._ZN3vex6deviceC2El
                0x03806af8       0x20 c:\Users\alber\AppData\Roaming\Code\User\globalStorage\vexrobotics.vexcode\sdk\cpp\V5\V5_20240802_15_00_00/vexv5\libv5rt.a(vex_device.cpp.obj)
                0x03806af8                vex::device::device(long)
                0x03806af8                vex::device::device(long)
 .text._ZN3vex6device4typeEv
                0x03806b18       0x10 c:\Users\alber\AppData\Roaming\Code\User\globalStorage\vexrobotics.vexcode\sdk\cpp\V5\V5_20240802_15_00_00/vexv5\libv5rt.a(vex_device.cpp.obj)
                0x03806b18                vex::device::type()
 .text._ZN3vex6device9installedEv
                0x03806b28       0x14 c:\Users\alber\AppData\Roaming\Code\User\globalStorage\vexrobotics.vexcode\sdk\cpp\V5\V5_20240802_15_00_00/vexv5\libv5rt.a(vex_device.cpp.obj)
                0x03806b28                vex::device::installed()
 .text.__libc_fini_array
                0x03806b3c       0x30 c:\Users\alber\AppData\Roaming\Code\User\globalStorage\vexrobotics.vexcode\sdk\cpp\V5\V5_20240802_15_00_00/vexv5/gcc/libs\libc.a(lib_a-fini.o)
                0x03806b3c                __libc_fini_array
 .text.__libc_init_array
                0x03806b6c       0x58 c:\Users\alber\AppData\Roaming\Code\User\globalStorage\vexrobotics.vexcode\sdk\cpp\V5\V5_20240802_15_00_00/vexv5/gcc/libs\libc.a(lib_a-init.o)
                0x03806b6c                __libc_init_array
 .text.fmax     0x03806bc4       0x4c c:\Users\alber\AppData\Roaming\Code\User\globalStorage\vexrobotics.vexcode\sdk\cpp\V5\V5_20240802_15_00_00/vexv5/gcc/libs\libm.a(lib_a-s_fmax.o)
                0x03806bc4                fmax
 .text.hypot    0x03806c10       0xb4 c:\Users\alber\AppData\Roaming\Code\User\globalStorage\vexrobotics.vexcode\sdk\cpp\V5\V5_20240802_15_00_00/vexv5/gcc/libs\libm.a(lib_a-w_hypot.o)
                0x03806c10                hypot
 .text.__ieee754_hypot
                0x03806cc4      0x198 c:\Users\alber\AppData\Roaming\Code\User\globalStorage\vexrobotics.vexcode\sdk\cpp\V5\V5_20240802_15_00_00/vexv5/gcc/libs\libm.a(lib_a-e_hypot.o)
                0x03806cc4                __ieee754_hypot
 *fill*         0x03806e5c        0x4 
 .text.__ieee754_hypot.__stub
                0x03806e60       0x18 linker stubs
 *(.gnu.linkonce.t.*)
 *(.plt)
 *(.gnu_warning)
 *(.gcc_except_table)
 *(.glue_7)
 .glue_7        0x00000000        0x0 linker stubs
 *(.glue_7t)
 .glue_7t       0x00000000        0x0 linker stubs
 *(.vfp11_veneer)
 .vfp11_veneer  0x00000000        0x0 linker stubs
 *(.ARM.extab)
 *(.gnu.linkonce.armextab.*)

.v4_bx          0x03806e78        0x0
 .v4_bx         0x00000000        0x0 linker stubs

.iplt           0x03806e78        0x0
 .iplt          0x00000000        0x0 build/src/main.o

.init
 *(.init)

.fini
 *(.fini)

.rodata         0x03806e78      0x33c
                0x03806e78                __rodata_start = .
 *(.rodata)
 *(.rodata.*)
 .rodata.str1.1
                0x03806e78       0x60 build/src/main.o
 .rodata.str1.1
                0x03806ed8       0x7f build/src/pid-tuning.o
 *fill*         0x03806f57        0x1 
 .rodata.AUTO   0x03806f58        0x4 build/src/subsystems.o
                0x03806f58                AUTO
 .rodata.OPCONTROL
                0x03806f5c        0x4 build/src/subsystems.o
                0x03806f5c                OPCONTROL
 .rodata.str1.1
                0x03806f60       0x2a build/src/Autos/autons.o
 .rodata.str1.1
                0x03806f8a       0x2e c:\Users\alber\AppData\Roaming\Code\User\globalStorage\vexrobotics.vexcode\sdk\cpp\V5\V5_20240802_15_00_00/vexv5\libv5rt.a(v5_startup.c.obj)
 .rodata._ZN3vex6PORT20E
                0x03806fb8        0x4 c:\Users\alber\AppData\Roaming\Code\User\globalStorage\vexrobotics.vexcode\sdk\cpp\V5\V5_20240802_15_00_00/vexv5\libv5rt.a(vex_global.cpp.obj)
                0x03806fb8                vex::PORT20
 .rodata._ZN3vex3fwdE
                0x03806fbc        0x4 c:\Users\alber\AppData\Roaming\Code\User\globalStorage\vexrobotics.vexcode\sdk\cpp\V5\V5_20240802_15_00_00/vexv5\libv5rt.a(vex_global.cpp.obj)
                0x03806fbc                vex::fwd
 .rodata._ZN3vex5PORT3E
                0x03806fc0        0x4 c:\Users\alber\AppData\Roaming\Code\User\globalStorage\vexrobotics.vexcode\sdk\cpp\V5\V5_20240802_15_00_00/vexv5\libv5rt.a(vex_global.cpp.obj)
                0x03806fc0                vex::PORT3
 .rodata._ZN3vex5PORT1E
                0x03806fc4        0x4 c:\Users\alber\AppData\Roaming\Code\User\globalStorage\vexrobotics.vexcode\sdk\cpp\V5\V5_20240802_15_00_00/vexv5\libv5rt.a(vex_global.cpp.obj)
                0x03806fc4                vex::PORT1
 .rodata._ZN3vex4voltE
                0x03806fc8        0x4 c:\Users\alber\AppData\Roaming\Code\User\globalStorage\vexrobotics.vexcode\sdk\cpp\V5\V5_20240802_15_00_00/vexv5\libv5rt.a(vex_global.cpp.obj)
                0x03806fc8                vex::volt
 .rodata._ZN3vex6PORT10E
                0x03806fcc        0x4 c:\Users\alber\AppData\Roaming\Code\User\globalStorage\vexrobotics.vexcode\sdk\cpp\V5\V5_20240802_15_00_00/vexv5\libv5rt.a(vex_global.cpp.obj)
                0x03806fcc                vex::PORT10
 .rodata._ZN3vex5PORT5E
                0x03806fd0        0x4 c:\Users\alber\AppData\Roaming\Code\User\globalStorage\vexrobotics.vexcode\sdk\cpp\V5\V5_20240802_15_00_00/vexv5\libv5rt.a(vex_global.cpp.obj)
                0x03806fd0                vex::PORT5
 .rodata._ZN3vex7forwardE
                0x03806fd4        0x4 c:\Users\alber\AppData\Roaming\Code\User\globalStorage\vexrobotics.vexcode\sdk\cpp\V5\V5_20240802_15_00_00/vexv5\libv5rt.a(vex_global.cpp.obj)
                0x03806fd4                vex::forward
 .rodata._ZN3vex3pctE
                0x03806fd8        0x4 c:\Users\alber\AppData\Roaming\Code\User\globalStorage\vexrobotics.vexcode\sdk\cpp\V5\V5_20240802_15_00_00/vexv5\libv5rt.a(vex_global.cpp.obj)
                0x03806fd8                vex::pct
 .rodata._ZN3vex3secE
                0x03806fdc        0x4 c:\Users\alber\AppData\Roaming\Code\User\globalStorage\vexrobotics.vexcode\sdk\cpp\V5\V5_20240802_15_00_00/vexv5\libv5rt.a(vex_global.cpp.obj)
                0x03806fdc                vex::sec
 .rodata._ZN3vex4msecE
                0x03806fe0        0x4 c:\Users\alber\AppData\Roaming\Code\User\globalStorage\vexrobotics.vexcode\sdk\cpp\V5\V5_20240802_15_00_00/vexv5\libv5rt.a(vex_global.cpp.obj)
                0x03806fe0                vex::msec
 .rodata._ZN3vex6PORT18E
                0x03806fe4        0x4 c:\Users\alber\AppData\Roaming\Code\User\globalStorage\vexrobotics.vexcode\sdk\cpp\V5\V5_20240802_15_00_00/vexv5\libv5rt.a(vex_global.cpp.obj)
                0x03806fe4                vex::PORT18
 .rodata._ZN3vex5PORT9E
                0x03806fe8        0x4 c:\Users\alber\AppData\Roaming\Code\User\globalStorage\vexrobotics.vexcode\sdk\cpp\V5\V5_20240802_15_00_00/vexv5\libv5rt.a(vex_global.cpp.obj)
                0x03806fe8                vex::PORT9
 .rodata._ZN3vex5PORT2E
                0x03806fec        0x4 c:\Users\alber\AppData\Roaming\Code\User\globalStorage\vexrobotics.vexcode\sdk\cpp\V5\V5_20240802_15_00_00/vexv5\libv5rt.a(vex_global.cpp.obj)
                0x03806fec                vex::PORT2
 .rodata._ZN3vex6PORT11E
                0x03806ff0        0x4 c:\Users\alber\AppData\Roaming\Code\User\globalStorage\vexrobotics.vexcode\sdk\cpp\V5\V5_20240802_15_00_00/vexv5\libv5rt.a(vex_global.cpp.obj)